--------- beginning of events
08-27 09:31:27.956  1201  1832 I commit_sys_config_file: [oppobatterystats,5]
08-27 09:31:27.985  1201  1832 I commit_sys_config_file: [batterystats,12]
08-27 09:31:27.989  1201  1832 I commit_sys_config_file: [batterystats,3]
08-27 09:31:47.931  1201  1847 I am_uid_idle: 10085
08-27 09:31:49.124  3092  3197 I service_manager_stats: [100,158,250608]
08-27 09:31:54.784  4673  4673 I auditd  : type=1400 audit(0.0:19106): avc: denied { read } for comm="unknown" name="drivers" dev="proc" ino=4026531852 scontext=u:r:untrusted_app_27:s0:c512,c768 tcontext=u:object_r:proc_tty_drivers:s0 tclass=file permissive=0 app=com.xunmeng.pinduoduo
08-27 09:31:54.788  4673  4673 I auditd  : type=1400 audit(0.0:19107): avc: denied { read } for comm="unknown" name="tcp" dev="proc" ino=4026532282 scontext=u:r:untrusted_app_27:s0:c512,c768 tcontext=u:object_r:proc_net_tcp_udp:s0 tclass=file permissive=0 app=com.xunmeng.pinduoduo
08-27 09:32:08.548  1201  1201 I sysui_multi_action: [757,803,799,note_enqueued,802,21]
08-27 09:32:08.549  1201  1201 I sysui_multi_action: [757,803,799,note_post,802,1]
08-27 09:32:08.550  1201  1201 I sysui_multi_action: [757,803,799,people_cache_hit,802,737]
08-27 09:32:08.550  1201  1201 I sysui_multi_action: [757,803,799,note_blocked,802,20]
08-27 09:32:08.551  1201  1201 I sysui_multi_action: [757,803,799,note_with_actions,802,1]
08-27 09:32:08.552  1201  1201 I sysui_multi_action: [757,803,799,note_private,802,1]
08-27 09:32:08.553  1201  1201 I sysui_multi_action: [757,803,799,note_big_text,802,1]
08-27 09:32:08.553  1201  1201 I sysui_multi_action: [757,803,799,note_auto,802,1]
08-27 09:32:08.554  1201  1201 I sysui_multi_action: [757,803,799,note_large_icon,802,1]
08-27 09:32:08.556  1201  1201 I sysui_multi_action: [757,803,799,note_title,802,1]
08-27 09:32:08.557  1201  1201 I sysui_multi_action: [757,803,799,note_text,802,1]
08-27 09:32:08.558  1201  1201 I sysui_multi_action: [757,803,799,note_imp_quiet_default,802,1]
08-27 09:32:08.560  1201  1201 I sysui_multi_action: [757,803,799,note_importance_high,802,1]
08-27 09:32:24.196  1201  1201 I auditd  : type=1400 audit(0.0:19108): avc: denied { getattr } for comm="RPMHandler" path="/sys/kernel/debug/ion/system_stats" dev="debugfs" ino=2579 scontext=u:r:system_server:s0 tcontext=u:object_r:debugfs_ion:s0 tclass=file permissive=0
08-27 09:32:24.836  4673  4673 I auditd  : type=1400 audit(0.0:19109): avc: denied { read } for comm="unknown" name="drivers" dev="proc" ino=4026531852 scontext=u:r:untrusted_app_27:s0:c512,c768 tcontext=u:object_r:proc_tty_drivers:s0 tclass=file permissive=0 app=com.xunmeng.pinduoduo
08-27 09:32:24.840  4673  4673 I auditd  : type=1400 audit(0.0:19110): avc: denied { read } for comm="unknown" name="tcp" dev="proc" ino=4026532282 scontext=u:r:untrusted_app_27:s0:c512,c768 tcontext=u:object_r:proc_net_tcp_udp:s0 tclass=file permissive=0 app=com.xunmeng.pinduoduo
08-27 09:32:54.884  4673  4673 I auditd  : type=1400 audit(0.0:19111): avc: denied { read } for comm="unknown" name="drivers" dev="proc" ino=4026531852 scontext=u:r:untrusted_app_27:s0:c512,c768 tcontext=u:object_r:proc_tty_drivers:s0 tclass=file permissive=0 app=com.xunmeng.pinduoduo
08-27 09:32:54.888  4673  4673 I auditd  : type=1400 audit(0.0:19112): avc: denied { read } for comm="unknown" name="tcp" dev="proc" ino=4026532282 scontext=u:r:untrusted_app_27:s0:c512,c768 tcontext=u:object_r:proc_net_tcp_udp:s0 tclass=file permissive=0 app=com.xunmeng.pinduoduo
08-27 09:33:24.260  1201  1201 I auditd  : type=1400 audit(0.0:19113): avc: denied { getattr } for comm="RPMHandler" path="/sys/kernel/debug/ion/system_stats" dev="debugfs" ino=2579 scontext=u:r:system_server:s0 tcontext=u:object_r:debugfs_ion:s0 tclass=file permissive=0
08-27 09:33:24.936  4673  4673 I auditd  : type=1400 audit(0.0:19114): avc: denied { read } for comm="unknown" name="drivers" dev="proc" ino=4026531852 scontext=u:r:untrusted_app_27:s0:c512,c768 tcontext=u:object_r:proc_tty_drivers:s0 tclass=file permissive=0 app=com.xunmeng.pinduoduo
08-27 09:33:24.940  4673  4673 I auditd  : type=1400 audit(0.0:19115): avc: denied { read } for comm="unknown" name="tcp" dev="proc" ino=4026532282 scontext=u:r:untrusted_app_27:s0:c512,c768 tcontext=u:object_r:proc_net_tcp_udp:s0 tclass=file permissive=0 app=com.xunmeng.pinduoduo
08-27 09:33:54.980  4673  4673 I auditd  : type=1400 audit(0.0:19116): avc: denied { read } for comm="unknown" name="drivers" dev="proc" ino=4026531852 scontext=u:r:untrusted_app_27:s0:c512,c768 tcontext=u:object_r:proc_tty_drivers:s0 tclass=file permissive=0 app=com.xunmeng.pinduoduo
08-27 09:33:54.984  4673  4673 I auditd  : type=1400 audit(0.0:19117): avc: denied { read } for comm="unknown" name="tcp" dev="proc" ino=4026532282 scontext=u:r:untrusted_app_27:s0:c512,c768 tcontext=u:object_r:proc_net_tcp_udp:s0 tclass=file permissive=0 app=com.xunmeng.pinduoduo
08-27 09:34:24.324  1201  1201 I auditd  : type=1400 audit(0.0:19118): avc: denied { getattr } for comm="RPMHandler" path="/sys/kernel/debug/ion/system_stats" dev="debugfs" ino=2579 scontext=u:r:system_server:s0 tcontext=u:object_r:debugfs_ion:s0 tclass=file permissive=0
08-27 09:34:25.024  4673  4673 I auditd  : type=1400 audit(0.0:19119): avc: denied { read } for comm="unknown" name="drivers" dev="proc" ino=4026531852 scontext=u:r:untrusted_app_27:s0:c512,c768 tcontext=u:object_r:proc_tty_drivers:s0 tclass=file permissive=0 app=com.xunmeng.pinduoduo
08-27 09:34:25.028  4673  4673 I auditd  : type=1400 audit(0.0:19120): avc: denied { read } for comm="unknown" name="tcp" dev="proc" ino=4026532282 scontext=u:r:untrusted_app_27:s0:c512,c768 tcontext=u:object_r:proc_net_tcp_udp:s0 tclass=file permissive=0 app=com.xunmeng.pinduoduo
08-27 09:34:39.684  1201  1201 I auditd  : type=1400 audit(0.0:19121): avc: denied { getattr } for comm="Binder:1201_10" path="/sys/kernel/debug/ion/system_stats" dev="debugfs" ino=2579 scontext=u:r:system_server:s0 tcontext=u:object_r:debugfs_ion:s0 tclass=file permissive=0
08-27 09:34:55.068  4673  4673 I auditd  : type=1400 audit(0.0:19122): avc: denied { read } for comm="unknown" name="drivers" dev="proc" ino=4026531852 scontext=u:r:untrusted_app_27:s0:c512,c768 tcontext=u:object_r:proc_tty_drivers:s0 tclass=file permissive=0 app=com.xunmeng.pinduoduo
08-27 09:34:55.068  4673  4673 I auditd  : type=1400 audit(0.0:19123): avc: denied { read } for comm="unknown" name="tcp" dev="proc" ino=4026532282 scontext=u:r:untrusted_app_27:s0:c512,c768 tcontext=u:object_r:proc_net_tcp_udp:s0 tclass=file permissive=0 app=com.xunmeng.pinduoduo
08-27 09:35:24.388  1201  1201 I auditd  : type=1400 audit(0.0:19124): avc: denied { getattr } for comm="RPMHandler" path="/sys/kernel/debug/ion/system_stats" dev="debugfs" ino=2579 scontext=u:r:system_server:s0 tcontext=u:object_r:debugfs_ion:s0 tclass=file permissive=0
08-27 09:35:25.108  4673  4673 I auditd  : type=1400 audit(0.0:19125): avc: denied { read } for comm="unknown" name="drivers" dev="proc" ino=4026531852 scontext=u:r:untrusted_app_27:s0:c512,c768 tcontext=u:object_r:proc_tty_drivers:s0 tclass=file permissive=0 app=com.xunmeng.pinduoduo
08-27 09:35:25.108  4673  4673 I auditd  : type=1400 audit(0.0:19126): avc: denied { read } for comm="unknown" name="tcp" dev="proc" ino=4026532282 scontext=u:r:untrusted_app_27:s0:c512,c768 tcontext=u:object_r:proc_net_tcp_udp:s0 tclass=file permissive=0 app=com.xunmeng.pinduoduo
08-27 09:35:39.304  1201  2450 I am_uid_running: 10099
08-27 09:35:39.307  1201  1201 I dvm_lock_sample: [system_server,1,main,92,AlarmManagerService.java,1854,void com.android.server.AlarmManagerService.setImpl(int, long, long, long, android.app.PendingIntent, android.app.IAlarmListener, java.lang.String, int, android.os.WorkSource, android.app.AlarmManager$AlarmClockInfo, int, java.lang.String),-,4457,void com.android.server.AlarmManagerService$AlarmThread.run(),18]
08-27 09:35:39.389  1201  5465 I am_uid_active: 10085
08-27 09:35:39.392  1201  1849 I am_proc_start: [0,21415,10099,com.nearme.instant.platform,service,{com.nearme.instant.platform/com.nearme.instant.base.config.ConfigAlarmService}]
08-27 09:35:39.451  1201 10589 I am_proc_bound: [0,21415,com.nearme.instant.platform]
08-27 09:35:40.290  1201  1849 I am_proc_start: [0,21477,10099,com.nearme.instant.platform:provider,content provider,{com.nearme.instant.platform/com.nearme.instant.bridge.provider.adapter.SettingsProvider}]
08-27 09:35:40.341  1201  3357 I am_proc_bound: [0,21477,com.nearme.instant.platform:provider]
08-27 09:35:41.439  1201  1811 I commit_sys_config_file: [jobs,19]
08-27 09:35:54.720  3092  3197 I service_manager_stats: [100,158,245596]
08-27 09:35:55.144  4673  4673 I auditd  : type=1400 audit(0.0:19127): avc: denied { read } for comm="unknown" name="drivers" dev="proc" ino=4026531852 scontext=u:r:untrusted_app_27:s0:c512,c768 tcontext=u:object_r:proc_tty_drivers:s0 tclass=file permissive=0 app=com.xunmeng.pinduoduo
08-27 09:35:55.148  4673  4673 I auditd  : type=1400 audit(0.0:19128): avc: denied { read } for comm="unknown" name="tcp" dev="proc" ino=4026532282 scontext=u:r:untrusted_app_27:s0:c512,c768 tcontext=u:object_r:proc_net_tcp_udp:s0 tclass=file permissive=0 app=com.xunmeng.pinduoduo
08-27 09:35:56.628 18365 18365 I auditd  : type=1400 audit(0.0:19129): avc: denied { read } for comm="mars::21538" name="route" dev="proc" ino=4026532274 scontext=u:r:untrusted_app_27:s0:c248,c256,c512,c768 tcontext=u:object_r:proc_net:s0 tclass=file permissive=0 app=com.tencent.mm
08-27 09:35:56.732  1201  3357 I service_manager_stats: [100,106,748444]
08-27 09:35:56.739  1201  3357 I netstats_mobile_sample: [0,0,0,0,0,0,0,0,0,0,0,0,1598492157110]
08-27 09:35:56.740  1201  3357 I netstats_wifi_sample: [711176719,574774,32762107,326011,711176719,574774,32762107,326011,709693989,573463,32743199,325691,1598492157110]
08-27 09:36:06.145  1201  1857 I am_kill : [0,18374,com.coloros.screenrecorder,995,empty for 3012s]
08-27 09:36:06.221  1201 10589 I am_proc_died: [0,18374,com.coloros.screenrecorder,995,20]
08-27 09:36:06.222  1201 10589 I am_uid_stopped: 10140
08-27 09:36:06.231  1201  1832 I am_pss  : [3211,10083,com.oppo.launcher,136715264,115490816,11313152,236634112,0,6,21]
08-27 09:36:06.246  1201  1832 I am_pss  : [5505,10108,com.coloros.weather.service,12702720,5865472,5691392,53288960,0,6,11]
08-27 09:36:06.280  1201  1832 I am_pss  : [3254,1000,com.coloros.persist.system,58543104,50900992,2658304,132890624,0,6,17]
08-27 09:36:06.304  1201  1832 I am_pss  : [4706,10148,com.sohu.inputmethod.sogouoem,69319680,53190656,11764736,137281536,0,8,17]
08-27 09:36:06.330  1201  1832 I am_pss  : [18028,10092,com.coloros.assistantscreen,40263680,34414592,0,144289792,0,6,16]
08-27 09:36:06.373  1201  1832 I am_pss  : [11465,10248,com.tencent.mm,253237248,247959552,4096,347574272,0,11,31]
08-27 09:36:06.411  1201  1832 I am_pss  : [18365,10248,com.tencent.mm:push,56569856,28778496,23844864,102449152,0,11,20]
08-27 09:36:06.427  1201  1832 I am_pss  : [21496,1000,com.tencent.soter.soterserver,5116928,831488,2860032,57282560,0,11,11]
08-27 09:36:06.448  1201  1832 I am_pss  : [3802,10162,com.google.android.gms.persistent,42180608,25124864,6145024,120504320,0,6,17]
08-27 09:36:06.468  1201  1832 I am_pss  : [10436,10082,com.coloros.sceneservice,26969088,24449024,0,110047232,0,6,15]
08-27 09:36:06.482  1201  1832 I am_pss  : [6749,1000,com.coloros.activation,6918144,3604480,2235392,49000448,0,11,10]
08-27 09:36:06.504  1201  1832 I am_pss  : [16738,10130,com.nearme.gamecenter,57902080,52826112,0,146235392,0,11,17]
08-27 09:36:06.526  1201  1832 I am_pss  : [12648,10079,com.heytap.market,62443520,56557568,529408,149069824,0,11,17]
08-27 09:36:06.542  1201  1832 I am_pss  : [6932,1000,com.coloros.sau,9201664,4808704,3207168,54640640,0,11,11]
08-27 09:36:06.556  1201  1832 I am_pss  : [4914,1000,com.coloros.safecenter:clear_filter,8141824,3641344,3512320,45350912,0,6,10]
08-27 09:36:06.571  1201  1832 I am_pss  : [4892,1000,com.heytap.accessory,8530944,2658304,4977664,43077632,0,7,11]
08-27 09:36:06.589  1201  1832 I am_pss  : [3691,1000,com.coloros.deepthinker,14543872,9080832,3690496,76845056,0,6,13]
08-27 09:36:06.607  1201  1832 I am_pss  : [15872,10129,com.coloros.regservice,13208576,9056256,0,110260224,0,11,14]
08-27 09:36:06.621  1201  1832 I am_pss  : [13186,1000,com.oppo.logkit,5817344,2482176,1928192,57720832,0,11,10]
08-27 09:36:06.648  1201  1832 I am_pss  : [11971,10065,com.heytap.speechassist,124471296,116207616,3960832,199774208,0,11,22]
08-27 09:36:06.667  1201  1832 I am_pss  : [4595,10128,com.heytap.pictorial,27681792,20578304,5165056,79503360,0,6,15]
08-27 09:36:06.682  1201  1832 I am_pss  : [9452,99000,com.google.android.webview:sandboxed_process0:org.chromium.content.app.SandboxedProcessService0,4847616,606208,2563072,61026304,0,6,10]
08-27 09:36:06.699  1201  1832 I am_pss  : [4621,1000,com.coloros.smartsidebar:edgepanel,20322304,15142912,2652160,73216000,0,6,12]
08-27 09:36:06.718  1201  1832 I am_pss  : [2758,1002,com.android.bluetooth,25454592,14393344,7845888,79417344,0,0,16]
08-27 09:36:06.734  1201  1832 I am_pss  : [11096,10146,com.opos.ads:service,7854080,5808128,0,74268672,0,7,11]
08-27 09:36:06.750  1201  1832 I am_pss  : [10752,10112,com.oppo.instant.local.service,6168576,4112384,0,80744448,0,7,12]
08-27 09:36:06.767  1201  1832 I am_pss  : [10711,1001,com.android.incallui,9062400,6574080,0,89214976,0,7,13]
08-27 09:36:06.783  1201  1832 I am_pss  : [4000,10052,android.process.acore,17174528,5480448,10207232,56233984,0,20,12]
08-27 09:36:06.797  1201  1832 I am_pss  : [13283,1000,com.coloros.exserviceui:ZoomAppControlService,5471232,835584,2838528,63651840,0,6,10]
08-27 09:36:06.812  1201  1832 I am_pss  : [3540,1001,com.qualcomm.qcrilmsgtunnel,6800384,659456,5332992,42909696,0,7,11]
08-27 09:36:06.827  1201  1832 I am_pss  : [7252,10168,com.qualcomm.telephony,6819840,872448,5252096,37498880,0,11,11]
08-27 09:36:06.842  1201  1832 I am_pss  : [4531,1000,com.oplus.ovoicemanager,6497280,675840,5117952,39391232,0,0,11]
08-27 09:36:06.859  1201  1832 I am_pss  : [4498,10111,com.tencent.android.location,14872576,9715712,3238912,75595776,0,0,12]
08-27 09:36:06.876  1201  1832 I am_pss  : [4473,1000,com.qualcomm.qti.workloadclassifier,22588416,15572992,2903040,75440128,0,0,12]
08-27 09:36:06.895  1201  1832 I am_pss  : [4458,1000,com.oppo.ovoicemanager,29792256,8196096,19405824,82849792,0,0,15]
08-27 09:36:06.911  1201  1832 I am_pss  : [4434,1068,com.android.se,6700032,663552,5316608,39694336,0,0,12]
08-27 09:36:06.925  1201  1832 I am_pss  : [4391,1000,com.oppo.multimedia.dolby,6531072,1781760,3676160,45731840,0,0,11]
08-27 09:36:06.940  1201  1832 I am_pss  : [4354,10174,com.qualcomm.qti.services.systemhelper:systemhelper_service,6470656,704512,5018624,41463808,0,0,11]
08-27 09:36:06.959  1201  1832 I am_pss  : [4340,1027,com.android.nfc,23536640,9707520,11995136,72581120,0,0,14]
08-27 09:36:06.975  1201  1832 I am_pss  : [4288,10158,com.dolby.daxservice,9121792,819200,7556096,40280064,0,0,12]
08-27 09:36:06.992  1201  1832 I am_pss  : [4171,1000,com.coloros.persist.multimedia,20492288,6651904,11606016,61718528,0,0,12]
08-27 09:36:07.007  1201  1832 I am_pss  : [3176,1000,com.color.eyeprotect,7831552,3252224,3386368,49803264,0,0,11]
08-27 09:36:07.030  1201  1832 I am_pss  : [3158,1001,com.android.phone,44498944,28573696,10597376,122875904,0,0,17]
08-27 09:36:07.047  1201  1832 I am_pss  : [3114,1000,com.qualcomm.qti.ustaservice,7252992,610304,5935104,34238464,0,0,10]
08-27 09:36:07.064  1201  1832 I am_pss  : [3092,1001,com.oppo.nhs,9655296,5734400,2554880,63782912,0,0,13]
08-27 09:36:07.079  1201  1832 I am_pss  : [3057,1001,com.qualcomm.qti.devicestatisticsservice,6453248,643072,5102592,39370752,0,0,10]
08-27 09:36:07.094  1201  1832 I am_pss  : [3027,1001,com.qualcomm.qti.telephonyservice,6706176,1232896,3503104,77225984,0,0,11]
08-27 09:36:07.110  1201  1832 I am_pss  : [3002,1001,.qtidataservices,12360704,2506752,8935424,47845376,0,0,13]
08-27 09:36:07.126  1201  1832 I am_pss  : [2957,1001,.dataservices,7905280,1347584,5619712,47656960,0,0,11]
08-27 09:36:07.157  1201  1832 I am_pss  : [11149,10068,com.android.systemui,218579968,209989632,0,325341184,0,6,26]
08-27 09:36:07.173  1201  1832 I am_pss  : [2730,1000,com.coloros.appmanager,14651392,10346496,3180544,55971840,0,0,11]
08-27 09:36:07.187  1201  1832 I am_pss  : [2707,1000,com.coloros.exsystemservice,6923264,667648,5568512,38387712,0,0,10]
08-27 09:36:07.240  1201  1832 I am_pss  : [1201,1000,system,327975936,257691648,22081536,516632576,0,0,45]
08-27 09:36:07.254  1201  1832 I commit_sys_config_file: [procstats,23]
08-27 09:36:08.256  1201  1811 I commit_sys_config_file: [jobs,18]
08-27 09:36:09.575  1201  1832 I am_pss  : [10175,1000,com.heytap.openid,13978624,11583488,0,95928320,0,6,12]
08-27 09:36:09.601  1201  1832 I am_pss  : [4102,10162,com.google.android.gms,65639424,43327488,8050688,155787264,0,11,19]
08-27 09:36:09.630  1201  1832 I am_pss  : [16511,10071,com.heytap.browser,60469248,53121024,0,152686592,0,11,19]
08-27 09:36:09.649  1201  1832 I am_pss  : [12834,10085,com.oppo.usercenter,30871552,28286976,626688,95588352,0,20,14]
08-27 09:36:09.668  1201  1832 I am_pss  : [18262,1000,com.android.settings,43055104,38658048,0,129265664,0,20,14]
08-27 09:36:09.692  1201  1832 I am_pss  : [11171,1000,com.nearme.statistics.rom,28211200,22016000,48128,115752960,0,11,14]
08-27 09:36:09.710  1201  1832 I am_pss  : [16813,1000,com.heytap.mcs:dcs,10558464,5959680,0,98816000,0,20,12]
08-27 09:36:09.730  1201  1832 I am_pss  : [10781,1000,com.heytap.mcs,26535936,22667264,0,112132096,0,7,15]
08-27 09:36:09.748  1201  1832 I am_pss  : [19605,10189,com.coloros.gamespaceui,14009344,10539008,0,105717760,0,20,14]
08-27 09:36:09.765  1201  1832 I am_pss  : [19642,1000,com.coloros.gamespace,9992192,6074368,0,95633408,0,20,12]
08-27 09:36:09.779  1201  1832 I am_pss  : [12181,1000,com.coloros.securitykeyboard,6381568,4259840,0,70406144,0,8,10]
08-27 09:36:09.797  1201  1832 I am_pss  : [11028,10076,android.ext.services,15708160,12279808,0,93360128,0,6,13]
08-27 09:36:11.412 18365 18365 I auditd  : type=1400 audit(0.0:19130): avc: denied { getattr } for comm="[GT]HotPool#5" path="/sys/kernel/debug/tracing/trace_marker" dev="tracefs" ino=12570 scontext=u:r:untrusted_app_27:s0:c248,c256,c512,c768 tcontext=u:object_r:debugfs_trace_marker:s0 tclass=file permissive=0 app=com.tencent.mm
08-27 09:36:24.452  1201  1201 I auditd  : type=1400 audit(0.0:19131): avc: denied { getattr } for comm="RPMHandler" path="/sys/kernel/debug/ion/system_stats" dev="debugfs" ino=2579 scontext=u:r:system_server:s0 tcontext=u:object_r:debugfs_ion:s0 tclass=file permissive=0
08-27 09:36:25.200  4673  4673 I auditd  : type=1400 audit(0.0:19132): avc: denied { read } for comm="unknown" name="drivers" dev="proc" ino=4026531852 scontext=u:r:untrusted_app_27:s0:c512,c768 tcontext=u:object_r:proc_tty_drivers:s0 tclass=file permissive=0 app=com.xunmeng.pinduoduo
08-27 09:36:25.204  4673  4673 I auditd  : type=1400 audit(0.0:19133): avc: denied { read } for comm="unknown" name="tcp" dev="proc" ino=4026532282 scontext=u:r:untrusted_app_27:s0:c512,c768 tcontext=u:object_r:proc_net_tcp_udp:s0 tclass=file permissive=0 app=com.xunmeng.pinduoduo
08-27 09:36:40.437  1201  1847 I am_uid_idle: 10085
08-27 09:36:55.244  4673  4673 I auditd  : type=1400 audit(0.0:19134): avc: denied { read } for comm="unknown" name="drivers" dev="proc" ino=4026531852 scontext=u:r:untrusted_app_27:s0:c512,c768 tcontext=u:object_r:proc_tty_drivers:s0 tclass=file permissive=0 app=com.xunmeng.pinduoduo
08-27 09:36:55.244  4673  4673 I auditd  : type=1400 audit(0.0:19135): avc: denied { read } for comm="unknown" name="tcp" dev="proc" ino=4026532282 scontext=u:r:untrusted_app_27:s0:c512,c768 tcontext=u:object_r:proc_net_tcp_udp:s0 tclass=file permissive=0 app=com.xunmeng.pinduoduo
08-27 09:36:56.813  1201  1832 I am_pss  : [10605,1000,com.heytap.habit.analysis,10787840,8454144,270336,77086720,0,11,15]
08-27 09:36:56.833  1201  1832 I am_pss  : [4673,10223,com.xunmeng.pinduoduo:titan,23301120,14012416,7760896,68030464,0,11,14]
08-27 09:36:56.853  1201  1832 I am_pss  : [21477,10099,com.nearme.instant.platform:provider,24577024,7634944,0,118894592,0,20,14]
08-27 09:36:56.881  1201  1832 I am_pss  : [21415,10099,com.nearme.instant.platform,30443520,13553664,0,124837888,0,20,16]
08-27 09:37:05.196  1201 10589 I netstats_mobile_sample: [0,0,0,0,0,0,0,0,0,0,0,0,1598492225567]
08-27 09:37:05.196  1201 10589 I netstats_wifi_sample: [711181523,574793,32764708,326031,711181523,574793,32764708,326031,709698753,573481,32745860,325712,1598492225567]
08-27 09:37:24.516  1201  1201 I auditd  : type=1400 audit(0.0:19136): avc: denied { getattr } for comm="RPMHandler" path="/sys/kernel/debug/ion/system_stats" dev="debugfs" ino=2579 scontext=u:r:system_server:s0 tcontext=u:object_r:debugfs_ion:s0 tclass=file permissive=0
08-27 09:37:25.284  4673  4673 I auditd  : type=1400 audit(0.0:19137): avc: denied { read } for comm="unknown" name="drivers" dev="proc" ino=4026531852 scontext=u:r:untrusted_app_27:s0:c512,c768 tcontext=u:object_r:proc_tty_drivers:s0 tclass=file permissive=0 app=com.xunmeng.pinduoduo
08-27 09:37:25.288  4673  4673 I auditd  : type=1400 audit(0.0:19138): avc: denied { read } for comm="unknown" name="tcp" dev="proc" ino=4026532282 scontext=u:r:untrusted_app_27:s0:c512,c768 tcontext=u:object_r:proc_net_tcp_udp:s0 tclass=file permissive=0 app=com.xunmeng.pinduoduo
08-27 09:37:26.951  1201  2450 I dvm_lock_sample: [system_server,1,AlarmManager,13,BroadcastDispatcher.java,177,void com.android.server.am.BroadcastDispatcher$1.broadcastAlarmPending(int),BroadcastQueue.java,1190,void com.android.server.am.BroadcastQueue.processNextBroadcast(boolean),2]
08-27 09:37:55.324  4673  4673 I auditd  : type=1400 audit(0.0:19139): avc: denied { read } for comm="unknown" name="drivers" dev="proc" ino=4026531852 scontext=u:r:untrusted_app_27:s0:c512,c768 tcontext=u:object_r:proc_tty_drivers:s0 tclass=file permissive=0 app=com.xunmeng.pinduoduo
08-27 09:37:55.328  4673  4673 I auditd  : type=1400 audit(0.0:19140): avc: denied { read } for comm="unknown" name="tcp" dev="proc" ino=4026532282 scontext=u:r:untrusted_app_27:s0:c512,c768 tcontext=u:object_r:proc_net_tcp_udp:s0 tclass=file permissive=0 app=com.xunmeng.pinduoduo
08-27 09:37:57.160  1201  1832 I am_pss  : [21477,10099,com.nearme.instant.platform:provider,24568832,7626752,0,118886400,0,20,30]
08-27 09:37:57.180  1201  1832 I am_pss  : [21415,10099,com.nearme.instant.platform,30398464,13508608,0,124792832,0,20,15]
08-27 09:38:24.584  1201  1201 I auditd  : type=1400 audit(0.0:19141): avc: denied { getattr } for comm="RPMHandler" path="/sys/kernel/debug/ion/system_stats" dev="debugfs" ino=2579 scontext=u:r:system_server:s0 tcontext=u:object_r:debugfs_ion:s0 tclass=file permissive=0
08-27 09:38:25.368  4673  4673 I auditd  : type=1400 audit(0.0:19142): avc: denied { read } for comm="unknown" name="drivers" dev="proc" ino=4026531852 scontext=u:r:untrusted_app_27:s0:c512,c768 tcontext=u:object_r:proc_tty_drivers:s0 tclass=file permissive=0 app=com.xunmeng.pinduoduo
08-27 09:38:25.368  4673  4673 I auditd  : type=1400 audit(0.0:19143): avc: denied { read } for comm="unknown" name="tcp" dev="proc" ino=4026532282 scontext=u:r:untrusted_app_27:s0:c512,c768 tcontext=u:object_r:proc_net_tcp_udp:s0 tclass=file permissive=0 app=com.xunmeng.pinduoduo
08-27 09:38:55.408  4673  4673 I auditd  : type=1400 audit(0.0:19144): avc: denied { read } for comm="unknown" name="drivers" dev="proc" ino=4026531852 scontext=u:r:untrusted_app_27:s0:c512,c768 tcontext=u:object_r:proc_tty_drivers:s0 tclass=file permissive=0 app=com.xunmeng.pinduoduo
08-27 09:38:55.408  4673  4673 I auditd  : type=1400 audit(0.0:19145): avc: denied { read } for comm="unknown" name="tcp" dev="proc" ino=4026532282 scontext=u:r:untrusted_app_27:s0:c512,c768 tcontext=u:object_r:proc_net_tcp_udp:s0 tclass=file permissive=0 app=com.xunmeng.pinduoduo
08-27 09:38:57.495  1201  1201 I dvm_lock_sample: [system_server,1,main,17,BroadcastDispatcher.java,194,void com.android.server.am.BroadcastDispatcher$1.broadcastAlarmComplete(int),ActivityManagerService.java,17044,void com.android.server.am.ActivityManagerService.finishReceiver(android.os.IBinder, int, java.lang.String, android.os.Bundle, boolean, int),3]
08-27 09:39:22.516  1201  3230 I netstats_mobile_sample: [0,0,0,0,0,0,0,0,0,0,0,0,1598492362887]
08-27 09:39:22.517  1201  3230 I netstats_wifi_sample: [711183450,574800,32765768,326038,711183450,574800,32765768,326038,709700296,573487,32746880,325718,1598492362887]
08-27 09:39:24.624  1201  1201 I auditd  : type=1400 audit(0.0:19146): avc: denied { getattr } for comm="RPMHandler" path="/sys/kernel/debug/ion/system_stats" dev="debugfs" ino=2579 scontext=u:r:system_server:s0 tcontext=u:object_r:debugfs_ion:s0 tclass=file permissive=0
08-27 09:39:25.452  4673  4673 I auditd  : type=1400 audit(0.0:19147): avc: denied { read } for comm="unknown" name="drivers" dev="proc" ino=4026531852 scontext=u:r:untrusted_app_27:s0:c512,c768 tcontext=u:object_r:proc_tty_drivers:s0 tclass=file permissive=0 app=com.xunmeng.pinduoduo
08-27 09:39:25.452  4673  4673 I auditd  : type=1400 audit(0.0:19148): avc: denied { read } for comm="unknown" name="tcp" dev="proc" ino=4026532282 scontext=u:r:untrusted_app_27:s0:c512,c768 tcontext=u:object_r:proc_net_tcp_udp:s0 tclass=file permissive=0 app=com.xunmeng.pinduoduo
08-27 09:39:27.064  1201  1832 I am_pss  : [20604,1000,com.coloros.safecenter:interface,12690432,9199616,1024,88711168,0,7,11]
08-27 09:39:27.820 11465 11465 I auditd  : type=1400 audit(0.0:19149): avc: denied { getattr } for comm="[GT]HotPool#5" path="/sys/kernel/debug/tracing/trace_marker" dev="tracefs" ino=12570 scontext=u:r:untrusted_app_27:s0:c248,c256,c512,c768 tcontext=u:object_r:debugfs_trace_marker:s0 tclass=file permissive=0 app=com.tencent.mm
08-27 09:39:39.904  1201  1201 I auditd  : type=1400 audit(0.0:19150): avc: denied { getattr } for comm="Binder:1201_F" path="/sys/kernel/debug/ion/system_stats" dev="debugfs" ino=2579 scontext=u:r:system_server:s0 tcontext=u:object_r:debugfs_ion:s0 tclass=file permissive=0
08-27 09:39:55.504  4673  4673 I auditd  : type=1400 audit(0.0:19151): avc: denied { read } for comm="unknown" name="drivers" dev="proc" ino=4026531852 scontext=u:r:untrusted_app_27:s0:c512,c768 tcontext=u:object_r:proc_tty_drivers:s0 tclass=file permissive=0 app=com.xunmeng.pinduoduo
08-27 09:39:55.508  4673  4673 I auditd  : type=1400 audit(0.0:19152): avc: denied { read } for comm="unknown" name="tcp" dev="proc" ino=4026532282 scontext=u:r:untrusted_app_27:s0:c512,c768 tcontext=u:object_r:proc_net_tcp_udp:s0 tclass=file permissive=0 app=com.xunmeng.pinduoduo
08-27 09:39:57.853  1201  1832 I am_pss  : [21114,10135,com.coloros.filemanager,10047488,7454720,1024,88977408,0,20,15]
08-27 09:39:57.871  1201  1832 I am_pss  : [21088,10147,com.coloros.encryption,11308032,8515584,0,94560256,0,20,13]
08-27 09:40:05.321  3092  3197 I service_manager_stats: [100,152,250601]
08-27 09:40:24.644  1201  1201 I auditd  : type=1400 audit(0.0:19153): avc: denied { getattr } for comm="RPMHandler" path="/sys/kernel/debug/ion/system_stats" dev="debugfs" ino=2579 scontext=u:r:system_server:s0 tcontext=u:object_r:debugfs_ion:s0 tclass=file permissive=0
08-27 09:40:25.548  4673  4673 I auditd  : type=1400 audit(0.0:19154): avc: denied { read } for comm="unknown" name="drivers" dev="proc" ino=4026531852 scontext=u:r:untrusted_app_27:s0:c512,c768 tcontext=u:object_r:proc_tty_drivers:s0 tclass=file permissive=0 app=com.xunmeng.pinduoduo
08-27 09:40:25.552  4673  4673 I auditd  : type=1400 audit(0.0:19155): avc: denied { read } for comm="unknown" name="tcp" dev="proc" ino=4026532282 scontext=u:r:untrusted_app_27:s0:c512,c768 tcontext=u:object_r:proc_net_tcp_udp:s0 tclass=file permissive=0 app=com.xunmeng.pinduoduo
08-27 09:40:28.017  1201  1832 I am_pss  : [21187,1000,com.coloros.wirelesssettings,11533312,8507392,0,89227264,0,20,12]
08-27 09:40:28.034  1201  1832 I am_pss  : [21157,10081,com.coloros.smartdrive,10254336,7704576,0,95408128,0,20,11]
08-27 09:40:28.068  1201  3353 I am_uid_active: 10085
08-27 09:40:55.596  4673  4673 I auditd  : type=1400 audit(0.0:19156): avc: denied { read } for comm="unknown" name="drivers" dev="proc" ino=4026531852 scontext=u:r:untrusted_app_27:s0:c512,c768 tcontext=u:object_r:proc_tty_drivers:s0 tclass=file permissive=0 app=com.xunmeng.pinduoduo
08-27 09:40:55.600  4673  4673 I auditd  : type=1400 audit(0.0:19157): avc: denied { read } for comm="unknown" name="tcp" dev="proc" ino=4026532282 scontext=u:r:untrusted_app_27:s0:c512,c768 tcontext=u:object_r:proc_net_tcp_udp:s0 tclass=file permissive=0 app=com.xunmeng.pinduoduo
08-27 09:40:58.221  1201  2450 I dvm_lock_sample: [system_server,1,AlarmManager,26,BroadcastDispatcher.java,177,void com.android.server.am.BroadcastDispatcher$1.broadcastAlarmPending(int),BroadcastQueue.java,1190,void com.android.server.am.BroadcastQueue.processNextBroadcast(boolean),5]
08-27 09:41:24.676  1201  1201 I auditd  : type=1400 audit(0.0:19158): avc: denied { getattr } for comm="RPMHandler" path="/sys/kernel/debug/ion/system_stats" dev="debugfs" ino=2579 scontext=u:r:system_server:s0 tcontext=u:object_r:debugfs_ion:s0 tclass=file permissive=0
08-27 09:41:25.644  4673  4673 I auditd  : type=1400 audit(0.0:19159): avc: denied { read } for comm="unknown" name="drivers" dev="proc" ino=4026531852 scontext=u:r:untrusted_app_27:s0:c512,c768 tcontext=u:object_r:proc_tty_drivers:s0 tclass=file permissive=0 app=com.xunmeng.pinduoduo
08-27 09:41:25.644  4673  4673 I auditd  : type=1400 audit(0.0:19160): avc: denied { read } for comm="unknown" name="tcp" dev="proc" ino=4026532282 scontext=u:r:untrusted_app_27:s0:c512,c768 tcontext=u:object_r:proc_net_tcp_udp:s0 tclass=file permissive=0 app=com.xunmeng.pinduoduo
08-27 09:41:29.115  1201  1847 I am_uid_idle: 10085
08-27 09:41:55.684  4673  4673 I auditd  : type=1400 audit(0.0:19161): avc: denied { read } for comm="unknown" name="drivers" dev="proc" ino=4026531852 scontext=u:r:untrusted_app_27:s0:c512,c768 tcontext=u:object_r:proc_tty_drivers:s0 tclass=file permissive=0 app=com.xunmeng.pinduoduo
08-27 09:41:55.688  4673  4673 I auditd  : type=1400 audit(0.0:19162): avc: denied { read } for comm="unknown" name="tcp" dev="proc" ino=4026532282 scontext=u:r:untrusted_app_27:s0:c512,c768 tcontext=u:object_r:proc_net_tcp_udp:s0 tclass=file permissive=0 app=com.xunmeng.pinduoduo
08-27 09:42:09.469  1201  1832 I am_pss  : [20654,10057,android.process.media,14108672,10338304,0,108285952,0,20,15]
08-27 09:42:09.493  1201  3230 I netstats_mobile_sample: [0,0,0,0,0,0,0,0,0,0,0,0,1598492529864]
08-27 09:42:09.494  1201  3230 I netstats_wifi_sample: [711188368,574817,32768162,326065,711188368,574817,32768162,326065,709705638,573506,32749314,325746,1598492529864]
08-27 09:42:09.574  1201  1201 I dvm_lock_sample: [system_server,1,main,13,BroadcastDispatcher.java,194,void com.android.server.am.BroadcastDispatcher$1.broadcastAlarmComplete(int),ActivityManagerService.java,17044,void com.android.server.am.ActivityManagerService.finishReceiver(android.os.IBinder, int, java.lang.String, android.os.Bundle, boolean, int),2]
08-27 09:42:11.554  1201  1811 I commit_sys_config_file: [jobs,29]
08-27 09:42:24.708  1201  1201 I auditd  : type=1400 audit(0.0:19163): avc: denied { getattr } for comm="RPMHandler" path="/sys/kernel/debug/ion/system_stats" dev="debugfs" ino=2579 scontext=u:r:system_server:s0 tcontext=u:object_r:debugfs_ion:s0 tclass=file permissive=0
08-27 09:42:25.728  4673  4673 I auditd  : type=1400 audit(0.0:19164): avc: denied { read } for comm="unknown" name="drivers" dev="proc" ino=4026531852 scontext=u:r:untrusted_app_27:s0:c512,c768 tcontext=u:object_r:proc_tty_drivers:s0 tclass=file permissive=0 app=com.xunmeng.pinduoduo
08-27 09:42:25.728  4673  4673 I auditd  : type=1400 audit(0.0:19165): avc: denied { read } for comm="unknown" name="tcp" dev="proc" ino=4026532282 scontext=u:r:untrusted_app_27:s0:c512,c768 tcontext=u:object_r:proc_net_tcp_udp:s0 tclass=file permissive=0 app=com.xunmeng.pinduoduo
08-27 09:42:55.768  4673  4673 I auditd  : type=1400 audit(0.0:19166): avc: denied { read } for comm="unknown" name="drivers" dev="proc" ino=4026531852 scontext=u:r:untrusted_app_27:s0:c512,c768 tcontext=u:object_r:proc_tty_drivers:s0 tclass=file permissive=0 app=com.xunmeng.pinduoduo
08-27 09:42:55.768  4673  4673 I auditd  : type=1400 audit(0.0:19167): avc: denied { read } for comm="unknown" name="tcp" dev="proc" ino=4026532282 scontext=u:r:untrusted_app_27:s0:c512,c768 tcontext=u:object_r:proc_net_tcp_udp:s0 tclass=file permissive=0 app=com.xunmeng.pinduoduo
08-27 09:42:57.163  1201  1832 I am_pss  : [20699,1000,com.coloros.uxdesign,11684864,8421376,0,92684288,0,20,12]
08-27 09:42:57.213  1201  3190 I netstats_mobile_sample: [0,0,0,0,0,0,0,0,0,0,0,0,1598492577584]
08-27 09:42:57.214  1201  3190 I netstats_wifi_sample: [711188445,574818,32768279,326067,711188445,574818,32768279,326067,709705715,573507,32749431,325748,1598492577584]
08-27 09:43:24.752  1201  1201 I auditd  : type=1400 audit(0.0:19168): avc: denied { getattr } for comm="RPMHandler" path="/sys/kernel/debug/ion/system_stats" dev="debugfs" ino=2579 scontext=u:r:system_server:s0 tcontext=u:object_r:debugfs_ion:s0 tclass=file permissive=0
08-27 09:43:25.808  4673  4673 I auditd  : type=1400 audit(0.0:19169): avc: denied { read } for comm="unknown" name="drivers" dev="proc" ino=4026531852 scontext=u:r:untrusted_app_27:s0:c512,c768 tcontext=u:object_r:proc_tty_drivers:s0 tclass=file permissive=0 app=com.xunmeng.pinduoduo
08-27 09:43:25.812  4673  4673 I auditd  : type=1400 audit(0.0:19170): avc: denied { read } for comm="unknown" name="tcp" dev="proc" ino=4026532282 scontext=u:r:untrusted_app_27:s0:c512,c768 tcontext=u:object_r:proc_net_tcp_udp:s0 tclass=file permissive=0 app=com.xunmeng.pinduoduo
08-27 09:43:55.864  4673  4673 I auditd  : type=1400 audit(0.0:19171): avc: denied { read } for comm="unknown" name="drivers" dev="proc" ino=4026531852 scontext=u:r:untrusted_app_27:s0:c512,c768 tcontext=u:object_r:proc_tty_drivers:s0 tclass=file permissive=0 app=com.xunmeng.pinduoduo
08-27 09:43:55.864  4673  4673 I auditd  : type=1400 audit(0.0:19172): avc: denied { read } for comm="unknown" name="tcp" dev="proc" ino=4026532282 scontext=u:r:untrusted_app_27:s0:c512,c768 tcontext=u:object_r:proc_net_tcp_udp:s0 tclass=file permissive=0 app=com.xunmeng.pinduoduo
08-27 09:44:10.135  6749  6782 I service_manager_slow: [13,isub]
08-27 09:44:10.164  1201  1201 I dvm_lock_sample: [system_server,1,main,52,AlarmManagerService.java,5157,void com.android.server.AlarmManagerService$DeliveryTracker.alarmComplete(android.os.IBinder),-,4457,void com.android.server.AlarmManagerService$AlarmThread.run(),10]
08-27 09:44:15.909  3092  3197 I service_manager_stats: [100,146,250588]
08-27 09:44:24.768  1201  1201 I auditd  : type=1400 audit(0.0:19173): avc: denied { getattr } for comm="RPMHandler" path="/sys/kernel/debug/ion/system_stats" dev="debugfs" ino=2579 scontext=u:r:system_server:s0 tcontext=u:object_r:debugfs_ion:s0 tclass=file permissive=0
08-27 09:44:25.904  4673  4673 I auditd  : type=1400 audit(0.0:19174): avc: denied { read } for comm="unknown" name="drivers" dev="proc" ino=4026531852 scontext=u:r:untrusted_app_27:s0:c512,c768 tcontext=u:object_r:proc_tty_drivers:s0 tclass=file permissive=0 app=com.xunmeng.pinduoduo
08-27 09:44:25.908  4673  4673 I auditd  : type=1400 audit(0.0:19175): avc: denied { read } for comm="unknown" name="tcp" dev="proc" ino=4026532282 scontext=u:r:untrusted_app_27:s0:c512,c768 tcontext=u:object_r:proc_net_tcp_udp:s0 tclass=file permissive=0 app=com.xunmeng.pinduoduo
08-27 09:44:40.188  1201  1201 I auditd  : type=1400 audit(0.0:19176): avc: denied { getattr } for comm="Binder:1201_1F" path="/sys/kernel/debug/ion/system_stats" dev="debugfs" ino=2579 scontext=u:r:system_server:s0 tcontext=u:object_r:debugfs_ion:s0 tclass=file permissive=0
08-27 09:44:48.399  1201  2805 I commit_sys_config_file: [appops,49]
08-27 09:44:55.944  4673  4673 I auditd  : type=1400 audit(0.0:19177): avc: denied { read } for comm="unknown" name="drivers" dev="proc" ino=4026531852 scontext=u:r:untrusted_app_27:s0:c512,c768 tcontext=u:object_r:proc_tty_drivers:s0 tclass=file permissive=0 app=com.xunmeng.pinduoduo
08-27 09:44:55.948  4673  4673 I auditd  : type=1400 audit(0.0:19178): avc: denied { read } for comm="unknown" name="tcp" dev="proc" ino=4026532282 scontext=u:r:untrusted_app_27:s0:c512,c768 tcontext=u:object_r:proc_net_tcp_udp:s0 tclass=file permissive=0 app=com.xunmeng.pinduoduo
08-27 09:45:13.220  1201  3353 I am_uid_active: 10085
08-27 09:45:24.796  1201  1201 I auditd  : type=1400 audit(0.0:19179): avc: denied { getattr } for comm="RPMHandler" path="/sys/kernel/debug/ion/system_stats" dev="debugfs" ino=2579 scontext=u:r:system_server:s0 tcontext=u:object_r:debugfs_ion:s0 tclass=file permissive=0
08-27 09:45:25.984  4673  4673 I auditd  : type=1400 audit(0.0:19180): avc: denied { read } for comm="unknown" name="drivers" dev="proc" ino=4026531852 scontext=u:r:untrusted_app_27:s0:c512,c768 tcontext=u:object_r:proc_tty_drivers:s0 tclass=file permissive=0 app=com.xunmeng.pinduoduo
08-27 09:45:25.988  4673  4673 I auditd  : type=1400 audit(0.0:19181): avc: denied { read } for comm="unknown" name="tcp" dev="proc" ino=4026532282 scontext=u:r:untrusted_app_27:s0:c512,c768 tcontext=u:object_r:proc_net_tcp_udp:s0 tclass=file permissive=0 app=com.xunmeng.pinduoduo
08-27 09:45:48.970  1201  1873 I service_manager_stats: [100,86,592238]
08-27 09:45:55.714  1201  2472 I intercept_power: [ACTION_DOWN,1,0]
08-27 09:45:55.787  1201  1201 I screen_toggled: 1
08-27 09:45:55.790  1201  1201 I power_screen_broadcast_send: 1
08-27 09:45:55.802  1201  2472 I intercept_power: [ACTION_UP,1,0]
08-27 09:45:55.830  1201  1899 I sysui_multi_action: [757,1696,758,6,759,3]
08-27 09:45:55.846  1201  3353 I sysui_multi_action: [757,127,758,1]
08-27 09:45:55.846  1201  3353 I sysui_multi_action: [757,804,799,note_load,801,6,802,1]
08-27 09:45:55.846  1201  3353 I notification_panel_revealed: 6
08-27 09:45:55.858  1201  3296 I sysui_multi_action: [757,128,758,1,793,13150292,794,0,795,13150292,796,400,798,0,806,com.heytap.market,857,App Download,858,4,947,0,1395,6,1500,13149591,1688,1,1745,2098068913]
08-27 09:45:55.858  1201  3296 I sysui_multi_action: [757,804,799,note_freshness,801,13150292,802,1]
08-27 09:45:55.858  1201  3296 I notification_visibility: [0|com.heytap.market|400|null|10079,1,13150292,13150292,0,0]
08-27 09:45:55.858  1201  3296 I sysui_multi_action: [757,128,758,1,793,26475701,794,0,795,26475701,796,0,797,com.eg.android.AlipayGphone,798,5,806,com.android.permissioncontroller,857,permission reminders,858,2,947,0,1395,6,1500,26475597,1688,1,1745,2098068913]
08-27 09:45:55.859  1201  3296 I sysui_multi_action: [757,804,799,note_freshness,801,26475701,802,1]
08-27 09:45:55.859  1201  3296 I notification_visibility: [0|com.android.permissioncontroller|0|com.eg.android.AlipayGphone|10049,1,26475701,26475701,0,5]
08-27 09:45:55.984  1201  1201 I auditd  : type=1400 audit(0.0:19182): avc: denied { read } for comm="localbg" name="interrupts" dev="proc" ino=4026532254 scontext=u:r:system_server:s0 tcontext=u:object_r:proc_interrupts:s0 tclass=file permissive=0
08-27 09:45:55.991  1201  1201 I battery_saving_stats: [0,0,0,48837467,0,0,52415220,33000,0]
08-27 09:45:56.012  4673  4673 I auditd  : type=1400 audit(0.0:19183): avc: denied { read } for comm="unknown" name="drivers" dev="proc" ino=4026531852 scontext=u:r:untrusted_app_27:s0:c512,c768 tcontext=u:object_r:proc_tty_drivers:s0 tclass=file permissive=0 app=com.xunmeng.pinduoduo
08-27 09:45:56.012  4673  4673 I auditd  : type=1400 audit(0.0:19184): avc: denied { read } for comm="unknown" name="tcp" dev="proc" ino=4026532282 scontext=u:r:untrusted_app_27:s0:c512,c768 tcontext=u:object_r:proc_net_tcp_udp:s0 tclass=file permissive=0 app=com.xunmeng.pinduoduo
08-27 09:45:56.126  1201  1201 I sysui_multi_action: [757,198,758,1,759,1,1359,430,1694,1]
08-27 09:45:56.126  1201  1201 I power_screen_state: [1,0,0,0,430]
08-27 09:45:56.148  1201  2440 I commit_sys_config_file: [settings-1-0,9]
08-27 09:45:56.367  1201  2440 I commit_sys_config_file: [settings-1-0,12]
08-27 09:45:56.444  3254  3254 I auditd  : type=1400 audit(0.0:19185): avc: denied { search } for comm="athena_handler_" name="wakeup_reasons" dev="sysfs" ino=72447 scontext=u:r:system_app:s0 tcontext=u:object_r:sysfs_wakeup_reasons:s0 tclass=dir permissive=0
08-27 09:45:56.455  1201  1201 I power_screen_broadcast_done: [1,666,1]
08-27 09:45:56.558 11149 11149 I service_manager_stats: [200,132,5791294]
08-27 09:45:56.585 11149 11149 I sysui_multi_action: [757,804,799,falsing_success_after_attempts,801,1,802,1]
08-27 09:45:56.587 11149 11149 I sysui_multi_action: [757,186,758,4,826,295,827,5081]
08-27 09:45:56.587 11149 11149 I sysui_multi_action: [757,804,799,falsing_success_after_attempts,801,1,802,1]
08-27 09:45:56.689  1201  3295 I sysui_multi_action: [757,128,758,2,793,13151123,794,831,795,13151123,796,400,798,0,806,com.heytap.market,857,App Download,858,4,947,0,1395,6,1500,13150422,1688,1,1745,2098068913]
08-27 09:45:56.690  1201  3295 I notification_visibility: [0|com.heytap.market|400|null|10079,0,13151123,13151123,0,0]
08-27 09:45:56.690  1201  3295 I sysui_multi_action: [757,128,758,2,793,26476533,794,832,795,26476533,796,0,797,com.eg.android.AlipayGphone,798,5,806,com.android.permissioncontroller,857,permission reminders,858,2,947,0,1395,6,1500,26476429,1688,1,1745,2098068913]
08-27 09:45:56.690  1201  3295 I notification_visibility: [0|com.android.permissioncontroller|0|com.eg.android.AlipayGphone|10049,0,26476533,26476533,0,5]
08-27 09:45:56.691 11149 11149 I sysui_multi_action: [757,197,758,5,759,0]
08-27 09:45:56.692  1201  3357 I sysui_multi_action: [757,127,758,2]
08-27 09:45:56.692  1201  3357 I notification_panel_hidden: 
08-27 09:45:56.707  1201  3357 I am_set_resumed_activity: [0,com.oppo.launcher/.Launcher,resumeTopActivityInnerLocked]
08-27 09:45:56.708  1201  3357 I am_resume_activity: [0,111013629,1,com.oppo.launcher/.Launcher]
08-27 09:45:56.721  3211  3211 I am_on_restart_called: [0,com.oppo.launcher.Launcher,performRestartActivity]
08-27 09:45:56.737  3211  3211 I am_on_start_called: [0,com.oppo.launcher.Launcher,handleStartActivity]
08-27 09:45:56.738  3211  3211 I am_on_resume_called: [0,com.oppo.launcher.Launcher,RESUME_ACTIVITY]
08-27 09:45:56.738  3211  3211 I am_on_top_resumed_gained_called: [0,com.oppo.launcher.Launcher,topWhenResuming]
08-27 09:45:56.886 11149 11149 I sysui_multi_action: [757,111,758,2]
08-27 09:45:56.887  1201  2440 I commit_sys_config_file: [settings-2-0,16]
08-27 09:45:56.918 11149 11149 I sysui_multi_action: [757,196,758,2,759,0]
08-27 09:45:56.952  1201  1813 I user_activity_timeout_override: -1
08-27 09:45:57.300  4171  5706 I service_manager_stats: [100,158,52151140]
08-27 09:45:57.608  1201  5465 I am_wtf  : [0,11149,com.android.systemui,818429453,FalsingLog,here]
08-27 09:45:57.701  1201  3357 I sysui_multi_action: [757,1276,758,4]
08-27 09:45:57.704  1201  1201 I notification_enqueue: [10068,11149,com.android.systemui,10005,NULL,0,Notification(channel=GEN pri=2 contentView=null vibrate=null sound=null defaults=0x0 flags=0x22 color=0x00000000 vis=PRIVATE),1]
08-27 09:45:57.720  1201  1201 I auditd  : type=1400 audit(0.0:19186): avc: denied { getattr } for comm="android.bg" path="/sys/kernel/debug/ion/system_stats" dev="debugfs" ino=2579 scontext=u:r:system_server:s0 tcontext=u:object_r:debugfs_ion:s0 tclass=file permissive=0
08-27 09:45:57.720  1201  1201 I auditd  : type=1400 audit(0.0:19187): avc: denied { getattr } for comm="android.bg" path="/sys/kernel/debug/ion/system_stats" dev="debugfs" ino=2579 scontext=u:r:system_server:s0 tcontext=u:object_r:debugfs_ion:s0 tclass=file permissive=0
08-27 09:45:57.820  1201  1832 I am_meminfo: [3207024640,428331008,130179072,997011456,593320960]
08-27 09:45:57.832  1201  1832 I am_pss  : [5505,10108,com.coloros.weather.service,12738560,5910528,5683200,53334016,1,4,10]
08-27 09:45:57.858  1201  1832 I am_pss  : [3254,1000,com.coloros.persist.system,57948160,50098176,2658304,133414912,1,4,14]
08-27 09:45:57.862  1201  1810 I dvm_lock_sample: [system_server,1,android.ui,7,ActivityManagerService.java,3750,void com.android.server.am.ActivityManagerService.dispatchUidsChanged(),BroadcastQueue.java,1190,void com.android.server.am.BroadcastQueue.processNextBroadcast(boolean),1]
08-27 09:45:57.898  1201  1832 I am_pss  : [4706,10148,com.sohu.inputmethod.sogouoem,69377024,53272576,11764736,137428992,1,8,22]
08-27 09:45:57.904  1201  1849 I am_proc_start: [0,21668,1000,com.coloros.securepay,broadcast,{com.coloros.securepay/com.coloros.securepay.SecurePayReceiver}]
08-27 09:45:57.911  1201  2440 I commit_sys_config_file: [settings-1-0,8]
08-27 09:45:57.914  1201  1832 I am_pss  : [18028,10092,com.coloros.assistantscreen,39864320,34418688,0,144691200,1,4,12]
08-27 09:45:57.930  1201  1832 I am_pss  : [4595,10128,com.heytap.pictorial,33974272,26947584,4911104,87281664,1,6,11]
08-27 09:45:57.958  1201  1832 I am_pss  : [3802,10162,com.google.android.gms.persistent,42034176,24862720,6108160,120578048,1,6,12]
08-27 09:45:57.959  1201  3338 I am_proc_bound: [0,21668,com.coloros.securepay]
08-27 09:45:57.984  1201  1832 I am_pss  : [10436,10082,com.coloros.sceneservice,27226112,24674304,0,110911488,1,6,11]
08-27 09:45:58.014  1201  1832 I am_pss  : [11465,10248,com.tencent.mm,251144192,245874688,4096,345518080,1,11,25]
08-27 09:45:58.036  1201  1832 I am_pss  : [18365,10248,com.tencent.mm:push,54505472,25567232,25004032,99299328,1,11,16]
08-27 09:45:58.051  1201  1832 I am_pss  : [21496,1000,com.tencent.soter.soterserver,5071872,864256,2819072,57335808,1,11,9]
08-27 09:45:58.066  1201  1832 I am_pss  : [20082,10098,com.coloros.oshare,9414656,7008256,1024,88985600,1,20,10]
08-27 09:45:58.078  1201  1832 I am_pss  : [6749,1000,com.coloros.activation,6926336,3645440,2225152,49045504,1,11,8]
08-27 09:45:58.091  1201  1832 I am_pss  : [21187,1000,com.coloros.wirelesssettings,11372544,8511488,0,89219072,1,20,9]
08-27 09:45:58.105  1201  1832 I am_pss  : [21157,10081,com.coloros.smartdrive,10217472,7700480,0,95461376,1,20,10]
08-27 09:45:58.117  1201  1832 I am_pss  : [21114,10135,com.coloros.filemanager,10018816,7458816,1024,89104384,1,20,9]
08-27 09:45:58.131  1201  1832 I am_pss  : [21088,10147,com.coloros.encryption,11274240,8519680,0,94621696,1,20,10]
08-27 09:45:58.148  1201  1832 I am_pss  : [20033,10096,com.coloros.calendar,16633856,12886016,0,96825344,1,20,12]
08-27 09:45:58.163  1201  1832 I am_pss  : [11171,1000,com.nearme.statistics.rom,27998208,22220800,48128,115920896,1,11,11]
08-27 09:45:58.177  1201  1832 I am_pss  : [16813,1000,com.heytap.mcs:dcs,10368000,5967872,0,98947072,1,20,10]
08-27 09:45:58.194  1201  1832 I am_pss  : [10781,1000,com.heytap.mcs,24912896,21065728,0,110661632,1,7,13]
08-27 09:45:58.211  1201  1832 I am_pss  : [20604,1000,com.coloros.safecenter:interface,12534784,9199616,1024,88764416,1,7,11]
08-27 09:45:58.231  1201  1832 I am_pss  : [16738,10130,com.nearme.gamecenter,57847808,52957184,0,146350080,1,11,15]
08-27 09:45:58.249  1201  1832 I am_pss  : [20899,10069,com.heytap.themestore,37268480,32698368,0,136921088,1,20,14]
08-27 09:45:58.278  1201  1832 I am_pss  : [20699,1000,com.coloros.uxdesign,11529216,8425472,0,92729344,1,20,10]
08-27 09:45:58.302  1201  1832 I am_pss  : [19605,10189,com.coloros.gamespaceui,13793280,10526720,0,105762816,1,20,11]
08-27 09:45:58.318  1201  1832 I am_pss  : [19642,1000,com.coloros.gamespace,9758720,6008832,0,95690752,1,20,10]
08-27 09:45:58.334  1201  1832 I am_pss  : [12648,10079,com.heytap.market,62984192,57278464,528384,149778432,1,11,12]
08-27 09:45:58.347  1201  1832 I am_pss  : [6932,1000,com.coloros.sau,9428992,5111808,3155968,55009280,1,11,9]
08-27 09:45:58.361  1201  1832 I am_pss  : [4914,1000,com.coloros.safecenter:clear_filter,8122368,3645440,3508224,45355008,1,4,9]
08-27 09:45:58.376  1201  1832 I am_pss  : [4892,1000,com.heytap.accessory,8935424,3371008,4629504,44154880,1,7,10]
08-27 09:45:58.393  1201  1832 I am_pss  : [15872,10129,com.coloros.regservice,13004800,9076736,0,110374912,1,11,13]
08-27 09:45:58.405  1201  1832 I am_pss  : [13186,1000,com.oppo.logkit,5779456,2506752,1903616,57815040,1,11,9]
08-27 09:45:58.427  1201  1832 I am_pss  : [11971,10065,com.heytap.speechassist,125611008,117334016,3960832,201068544,1,11,18]
08-27 09:45:58.439  1201  1832 I am_pss  : [12181,1000,com.coloros.securitykeyboard,6451200,4292608,0,71462912,1,8,8]
08-27 09:45:58.453  1201  1832 I am_pss  : [11028,10076,android.ext.services,15556608,12312576,0,93532160,1,6,10]
08-27 09:45:58.471  1201  1832 I am_pss  : [4621,1000,com.coloros.smartsidebar:edgepanel,19919872,14774272,2623488,73371648,1,7,12]
08-27 09:45:58.489  1201  1832 I am_pss  : [2758,1002,com.android.bluetooth,27140096,16195584,7673856,81465344,1,0,13]
08-27 09:45:58.504  1201  1832 I am_pss  : [11096,10146,com.opos.ads:service,7795712,5808128,0,74252288,1,7,10]
08-27 09:45:58.518  1201  1832 I am_pss  : [10752,10112,com.oppo.instant.local.service,6168576,4112384,0,80887808,1,7,10]
08-27 09:45:58.533  1201  1832 I am_pss  : [10711,1001,com.android.incallui,9656320,7155712,0,90001408,1,7,10]
08-27 09:45:58.546  1201  1832 I am_pss  : [4000,10052,android.process.acore,17153024,5484544,10203136,56238080,1,20,9]
08-27 09:45:58.559  1201  1832 I am_pss  : [3540,1001,com.qualcomm.qcrilmsgtunnel,6803456,671744,5325824,42942464,1,7,10]
08-27 09:45:58.575  1201  1832 I am_pss  : [7252,10168,com.qualcomm.telephony,6816768,872448,5252096,37519360,1,11,11]
08-27 09:45:58.590  1201  1832 I am_pss  : [4531,1000,com.oplus.ovoicemanager,6494208,679936,5113856,39415808,1,0,10]
