08-27 09:54:53.268 24630 24916 I google_http_request: [10268,-1,Android-Finsky/14.5.32-all%20%5B2%5D%20%5BPR%5D%20245316635 (api=3,versionCode=81453202,sdk=29,device=OP4A9D,hardware=qcom,product=PCRM00,platformVersionRelease=10,model=PCRM00,buildId=QKQ1.200216.002,isWideScreen=0,supportedAbis=arm64-v8a;armeabi-v7a;armeabi),0]
08-27 09:54:54.408  1201  1201 I auditd  : type=1400 audit(0.0:19351): avc: denied { getattr } for comm="Binder:1201_D" path="/sys/kernel/debug/ion/system_stats" dev="debugfs" ino=2579 scontext=u:r:system_server:s0 tcontext=u:object_r:debugfs_ion:s0 tclass=file permissive=0
08-27 09:54:54.544  4673  4673 I auditd  : type=1400 audit(0.0:19352): avc: denied { read } for comm="unknown" name="drivers" dev="proc" ino=4026531852 scontext=u:r:untrusted_app_27:s0:c512,c768 tcontext=u:object_r:proc_tty_drivers:s0 tclass=file permissive=0 app=com.xunmeng.pinduoduo
08-27 09:54:54.544  4673  4673 I auditd  : type=1400 audit(0.0:19353): avc: denied { read } for comm="unknown" name="tcp" dev="proc" ino=4026532282 scontext=u:r:untrusted_app_27:s0:c512,c768 tcontext=u:object_r:proc_net_tcp_udp:s0 tclass=file permissive=0 app=com.xunmeng.pinduoduo
08-27 09:54:58.370  1201  1847 I am_uid_idle: 10189
08-27 09:55:02.974  1201  1832 I am_pss  : [24804,10162,com.google.process.gapps,7436288,4767744,0,95629312,0,20,12]
08-27 09:55:02.989  1201  1832 I am_pss  : [24754,10057,com.android.providers.downloads,7273472,5091328,0,96112640,0,20,11]
08-27 09:55:03.016  1201  3322 I netstats_mobile_sample: [0,0,0,0,0,0,0,0,0,0,0,0,1598493303387]
08-27 09:55:03.016  1201  3322 I netstats_wifi_sample: [711448347,575448,32906620,326821,711448347,575448,32906620,326821,709965577,574136,32887592,326499,1598493303387]
08-27 09:55:05.274  1201  1832 I am_pss  : [21867,10124,com.oppo.camera,290759680,271757312,0,425590784,0,5,34]
08-27 09:55:05.289  1201  1832 I am_pss  : [24681,10162,com.google.process.gservices,7232512,4624384,0,97918976,0,20,12]
08-27 09:55:14.849  1201  1847 I am_uid_idle: 10049
08-27 09:55:24.564  4673  4673 I auditd  : type=1400 audit(0.0:19354): avc: denied { read } for comm="unknown" name="drivers" dev="proc" ino=4026531852 scontext=u:r:untrusted_app_27:s0:c512,c768 tcontext=u:object_r:proc_tty_drivers:s0 tclass=file permissive=0 app=com.xunmeng.pinduoduo
08-27 09:55:24.564  4673  4673 I auditd  : type=1400 audit(0.0:19355): avc: denied { read } for comm="unknown" name="tcp" dev="proc" ino=4026532282 scontext=u:r:untrusted_app_27:s0:c512,c768 tcontext=u:object_r:proc_net_tcp_udp:s0 tclass=file permissive=0 app=com.xunmeng.pinduoduo
08-27 09:55:25.232  1201  1201 I auditd  : type=1400 audit(0.0:19356): avc: denied { getattr } for comm="RPMHandler" path="/sys/kernel/debug/ion/system_stats" dev="debugfs" ino=2579 scontext=u:r:system_server:s0 tcontext=u:object_r:debugfs_ion:s0 tclass=file permissive=0
08-27 09:55:26.640  1201 19338 I am_kill : [0,21477,com.nearme.instant.platform:provider,999,empty #31]
08-27 09:55:26.642  1201 19338 I am_kill : [0,21415,com.nearme.instant.platform,999,empty #32]
08-27 09:55:26.676  1201  1832 I am_pss  : [24849,10253,com.example.threaddemo,74904576,65183744,0,174264320,0,2,13]
08-27 09:55:26.690  1201  1832 I am_pss  : [24681,10162,com.google.process.gservices,7239680,4624384,0,97918976,0,20,10]
08-27 09:55:26.701  1201 19338 I am_proc_died: [0,21477,com.nearme.instant.platform:provider,999,20]
08-27 09:55:26.715  1201 19338 I am_proc_died: [0,21415,com.nearme.instant.platform,999,20]
08-27 09:55:26.716  1201 19338 I am_uid_stopped: 10099
08-27 09:55:35.327  1201  2510 I service_manager_stats: [100,103,52034]
08-27 09:55:44.359  1201  1847 I am_uid_idle: 10085
08-27 09:55:46.200  4673  4673 I auditd  : type=1400 audit(0.0:19357): avc: denied { read } for comm="unknown" name="drivers" dev="proc" ino=4026531852 scontext=u:r:untrusted_app_27:s0:c512,c768 tcontext=u:object_r:proc_tty_drivers:s0 tclass=file permissive=0 app=com.xunmeng.pinduoduo
08-27 09:55:46.200  4673  4673 I auditd  : type=1400 audit(0.0:19358): avc: denied { read } for comm="unknown" name="tcp" dev="proc" ino=4026532282 scontext=u:r:untrusted_app_27:s0:c512,c768 tcontext=u:object_r:proc_net_tcp_udp:s0 tclass=file permissive=0 app=com.xunmeng.pinduoduo
08-27 09:55:46.396 25141 25141 I auditd  : type=1400 audit(0.0:19359): avc: denied { read } for comm="sh" name="/" dev="dm-0" ino=2 scontext=u:r:untrusted_app_27:s0:c512,c768 tcontext=u:object_r:rootfs:s0 tclass=dir permissive=0 app=com.xunmeng.pinduoduo
08-27 09:55:46.496 25144 25144 I auditd  : type=1400 audit(0.0:19360): avc: denied { read } for comm="sh" name="/" dev="dm-0" ino=2 scontext=u:r:untrusted_app_27:s0:c512,c768 tcontext=u:object_r:rootfs:s0 tclass=dir permissive=0 app=com.xunmeng.pinduoduo
08-27 09:55:46.588 25147 25147 I auditd  : type=1400 audit(0.0:19361): avc: denied { read } for comm="sh" name="/" dev="dm-0" ino=2 scontext=u:r:untrusted_app_27:s0:c512,c768 tcontext=u:object_r:rootfs:s0 tclass=dir permissive=0 app=com.xunmeng.pinduoduo
08-27 09:55:46.965   547   547 I auditd  : avc:  denied  { find } for interface=android.hardware.memtrack::IMemtrack sid=u:r:untrusted_app_27:s0:c512,c768 pid=4673 scontext=u:r:untrusted_app_27:s0:c512,c768 tcontext=u:object_r:hal_memtrack_hwservice:s0 tclass=hwservice_manager permissive=0
08-27 09:55:47.548  4673  4673 I auditd  : type=1400 audit(0.0:19362): avc: denied { read } for comm="unknown" name="drivers" dev="proc" ino=4026531852 scontext=u:r:untrusted_app_27:s0:c512,c768 tcontext=u:object_r:proc_tty_drivers:s0 tclass=file permissive=0 app=com.xunmeng.pinduoduo
08-27 09:55:47.552  4673  4673 I auditd  : type=1400 audit(0.0:19363): avc: denied { read } for comm="unknown" name="tcp" dev="proc" ino=4026532282 scontext=u:r:untrusted_app_27:s0:c512,c768 tcontext=u:object_r:proc_net_tcp_udp:s0 tclass=file permissive=0 app=com.xunmeng.pinduoduo
08-27 09:55:54.924 18365 18365 I auditd  : type=1400 audit(0.0:19364): avc: denied { read } for comm="mars::25154" name="route" dev="proc" ino=4026532274 scontext=u:r:untrusted_app_27:s0:c248,c256,c512,c768 tcontext=u:object_r:proc_net:s0 tclass=file permissive=0 app=com.tencent.mm
08-27 09:55:55.226  1201  1832 I am_pss  : [24630,10163,com.android.vending,31023104,26603520,1849344,112844800,0,20,13]
08-27 09:55:55.245  1201 19339 I netstats_mobile_sample: [0,0,0,0,0,0,0,0,0,0,0,0,1598493355616]
08-27 09:55:55.245  1201 19339 I netstats_wifi_sample: [711454576,575482,32911820,326866,711454576,575482,32911820,326866,709971717,574169,32892792,326544,1598493355616]
08-27 09:55:55.245  1201  1832 I am_pss  : [22255,10229,com.sina.weibo,77465600,53813248,3713024,172331008,0,11,17]
08-27 09:55:55.273  1201  1832 I am_pss  : [22362,10229,com.sina.weibo:remote,56088576,31981568,4419584,146046976,0,11,14]
08-27 09:55:55.301  1201  1832 I am_pss  : [22233,10210,com.eg.android.AlipayGphone,103010304,98127872,2359296,182673408,0,11,17]
08-27 09:55:55.317  1201  1832 I am_pss  : [20654,10057,android.process.media,17078272,12460032,2357248,104566784,0,11,12]
08-27 09:56:00.637  1201 19338 I am_proc_died: [0,22061,com.oppo.lfeh,100,7]
08-27 09:56:00.639  1201 19338 I am_schedule_service_restart: [0,com.oppo.lfeh/.service.OppoEncodeHelperService,1000]
08-27 09:56:05.620  1201  1201 I auditd  : type=1400 audit(0.0:19365): avc: denied { getattr } for comm="Binder:1201_1E" path="/sys/kernel/debug/ion/system_stats" dev="debugfs" ino=2579 scontext=u:r:system_server:s0 tcontext=u:object_r:debugfs_ion:s0 tclass=file permissive=0
08-27 09:56:06.416  1201 19338 I netstats_mobile_sample: [0,0,0,0,0,0,0,0,0,0,0,0,1598493366787]
08-27 09:56:06.416  1201 19338 I netstats_wifi_sample: [711454965,575483,32912534,326873,711454965,575483,32912534,326873,709972195,574171,32893266,326547,1598493366787]
08-27 09:56:08.610  1201  1811 I commit_sys_config_file: [jobs,16]
08-27 09:56:11.480  1201 19338 I netstats_mobile_sample: [0,0,0,0,0,0,0,0,0,0,0,0,1598493371851]
08-27 09:56:11.481  1201 19338 I netstats_wifi_sample: [711454965,575483,32912534,326873,711454965,575483,32912534,326873,709972195,574171,32893266,326547,1598493371851]
08-27 09:56:13.428 25012 25012 I auditd  : type=1400 audit(0.0:19366): avc: granted { read } for comm="dumpstate" name="unusable_index" dev="debugfs" ino=5472 scontext=u:r:dumpstate:s0 tcontext=u:object_r:debugfs:s0 tclass=file
08-27 09:56:13.428 25012 25012 I auditd  : type=1400 audit(0.0:19367): avc: granted { read open } for comm="dumpstate" path="/sys/kernel/debug/extfrag/unusable_index" dev="debugfs" ino=5472 scontext=u:r:dumpstate:s0 tcontext=u:object_r:debugfs:s0 tclass=file
08-27 09:56:15.704  1201  1832 I am_pss  : [24630,10163,com.android.vending,36933632,32661504,1636352,119689216,0,20,13]
08-27 09:56:17.584  4673  4673 I auditd  : type=1400 audit(0.0:19368): avc: denied { read } for comm="unknown" name="drivers" dev="proc" ino=4026531852 scontext=u:r:untrusted_app_27:s0:c512,c768 tcontext=u:object_r:proc_tty_drivers:s0 tclass=file permissive=0 app=com.xunmeng.pinduoduo
08-27 09:56:17.588  4673  4673 I auditd  : type=1400 audit(0.0:19369): avc: denied { read } for comm="unknown" name="tcp" dev="proc" ino=4026532282 scontext=u:r:untrusted_app_27:s0:c512,c768 tcontext=u:object_r:proc_net_tcp_udp:s0 tclass=file permissive=0 app=com.xunmeng.pinduoduo
08-27 09:56:25.256  1201  1201 I auditd  : type=1400 audit(0.0:19370): avc: denied { getattr } for comm="RPMHandler" path="/sys/kernel/debug/ion/system_stats" dev="debugfs" ino=2579 scontext=u:r:system_server:s0 tcontext=u:object_r:debugfs_ion:s0 tclass=file permissive=0
08-27 09:56:27.047  1201  2510 I service_manager_stats: [100,79,51719]
08-27 09:56:38.136  3092  3197 I service_manager_stats: [100,154,245674]
08-27 09:56:47.624  4673  4673 I auditd  : type=1400 audit(0.0:19371): avc: denied { read } for comm="unknown" name="drivers" dev="proc" ino=4026531852 scontext=u:r:untrusted_app_27:s0:c512,c768 tcontext=u:object_r:proc_tty_drivers:s0 tclass=file permissive=0 app=com.xunmeng.pinduoduo
08-27 09:56:47.628  4673  4673 I auditd  : type=1400 audit(0.0:19372): avc: denied { read } for comm="unknown" name="tcp" dev="proc" ino=4026532282 scontext=u:r:untrusted_app_27:s0:c512,c768 tcontext=u:object_r:proc_net_tcp_udp:s0 tclass=file permissive=0 app=com.xunmeng.pinduoduo
08-27 09:56:59.494  1201  1832 I am_pss  : [24849,10253,com.example.threaddemo,75601920,66072576,0,175423488,0,2,16]
08-27 09:57:06.716  1201  1201 I auditd  : type=1400 audit(0.0:19373): avc: denied { getattr } for comm="Binder:1201_1E" path="/sys/kernel/debug/ion/system_stats" dev="debugfs" ino=2579 scontext=u:r:system_server:s0 tcontext=u:object_r:debugfs_ion:s0 tclass=file permissive=0
08-27 09:57:06.716  1201  1201 I auditd  : type=1400 audit(0.0:19374): avc: denied { getattr } for comm="Binder:1201_1E" path="/sys/kernel/debug/ion/system_stats" dev="debugfs" ino=2579 scontext=u:r:system_server:s0 tcontext=u:object_r:debugfs_ion:s0 tclass=file permissive=0
08-27 09:57:06.881  1201 19338 I am_meminfo: [2205360128,655675392,132325376,1168310272,659374080]
08-27 09:57:07.320 26418 26418 I auditd  : type=1400 audit(0.0:19375): avc: denied { getattr } for comm="df" path="/preload_common" dev="overlay" ino=27900 scontext=u:r:dumpstate:s0 tcontext=u:object_r:unlabeled:s0 tclass=dir permissive=0
08-27 09:57:07.320 26418 26418 I auditd  : type=1400 audit(0.0:19376): avc: denied { getattr } for comm="df" path="/preload_common" dev="overlay" ino=27900 scontext=u:r:dumpstate:s0 tcontext=u:object_r:unlabeled:s0 tclass=dir permissive=0
08-27 09:57:07.324 26418 26418 I auditd  : type=1400 audit(0.0:19377): avc: denied { getattr } for comm="df" path="/preload_special" dev="sde27" ino=2 scontext=u:r:dumpstate:s0 tcontext=u:object_r:unlabeled:s0 tclass=dir permissive=0
08-27 09:57:07.364 25012 25012 I auditd  : type=1400 audit(0.0:19378): avc: granted { read } for comm="dumpstate" name="failed_transaction_log" dev="debugfs" ino=20795 scontext=u:r:dumpstate:s0 tcontext=u:object_r:debugfs:s0 tclass=file
08-27 09:57:07.368 25012 25012 I auditd  : type=1400 audit(0.0:19379): avc: granted { read open } for comm="dumpstate" path="/sys/kernel/debug/binder/failed_transaction_log" dev="debugfs" ino=20795 scontext=u:r:dumpstate:s0 tcontext=u:object_r:debugfs:s0 tclass=file
08-27 09:57:07.368 25012 25012 I auditd  : type=1400 audit(0.0:19380): avc: granted { read } for comm="dumpstate" name="transaction_log" dev="debugfs" ino=20794 scontext=u:r:dumpstate:s0 tcontext=u:object_r:debugfs:s0 tclass=file
08-27 09:57:07.368 25012 25012 I auditd  : type=1400 audit(0.0:19381): avc: granted { read open } for comm="dumpstate" path="/sys/kernel/debug/binder/transaction_log" dev="debugfs" ino=20794 scontext=u:r:dumpstate:s0 tcontext=u:object_r:debugfs:s0 tclass=file
08-27 09:57:08.352 25012 25012 I auditd  : type=1400 audit(0.0:19387): avc: denied { use } for comm="dumpstate" path="pipe:[1852193]" dev="pipefs" ino=1852193 scontext=u:r:ashmemd:s0 tcontext=u:r:dumpstate:s0 tclass=fd permissive=0
08-27 09:57:08.360 25012 25012 I auditd  : type=1400 audit(0.0:19388): avc: denied { call } for comm="dumpstate" scontext=u:r:dumpstate:s0 tcontext=u:r:oppoasserttip:s0 tclass=binder permissive=0
08-27 09:57:08.888 25012 25012 I auditd  : type=1400 audit(0.0:19389): avc: denied { use } for comm="dumpstate" path="pipe:[1770749]" dev="pipefs" ino=1770749 scontext=u:r:commondcs:s0 tcontext=u:r:dumpstate:s0 tclass=fd permissive=0
08-27 09:57:08.949  1201 19338 I commit_sys_config_file: [sync-status,6]
08-27 09:57:09.004 25012 25012 I auditd  : type=1400 audit(0.0:19390): avc: denied { call } for comm="dumpstate" scontext=u:r:dumpstate:s0 tcontext=u:r:rutilsdaemon:s0 tclass=binder permissive=0
08-27 09:57:17.668  4673  4673 I auditd  : type=1400 audit(0.0:19391): avc: denied { read } for comm="unknown" name="drivers" dev="proc" ino=4026531852 scontext=u:r:untrusted_app_27:s0:c512,c768 tcontext=u:object_r:proc_tty_drivers:s0 tclass=file permissive=0 app=com.xunmeng.pinduoduo
08-27 09:57:17.672  4673  4673 I auditd  : type=1400 audit(0.0:19392): avc: denied { read } for comm="unknown" name="tcp" dev="proc" ino=4026532282 scontext=u:r:untrusted_app_27:s0:c512,c768 tcontext=u:object_r:proc_net_tcp_udp:s0 tclass=file permissive=0 app=com.xunmeng.pinduoduo
08-27 09:57:25.320  1201  1201 I auditd  : type=1400 audit(0.0:19393): avc: denied { getattr } for comm="RPMHandler" path="/sys/kernel/debug/ion/system_stats" dev="debugfs" ino=2579 scontext=u:r:system_server:s0 tcontext=u:object_r:debugfs_ion:s0 tclass=file permissive=0
08-27 09:57:30.336 25012 25012 I auditd  : type=1400 audit(0.0:19394): avc: denied { use } for comm="dumpstate" path="pipe:[1851287]" dev="pipefs" ino=1851287 scontext=u:r:gpuservice:s0 tcontext=u:r:dumpstate:s0 tclass=fd permissive=0
08-27 09:57:30.373  1201  1811 I commit_sys_config_file: [jobs,15]
08-27 09:57:31.147  1201  2510 I service_manager_stats: [100,111,64101]
08-27 09:57:32.888 25012 25012 I auditd  : type=1400 audit(0.0:19395): avc: denied { call } for comm="dumpstate" scontext=u:r:dumpstate:s0 tcontext=u:r:oae_server:s0 tclass=binder permissive=0
08-27 09:57:32.904 25012 25012 I auditd  : type=1400 audit(0.0:19396): avc: denied { call } for comm="dumpstate" scontext=u:r:dumpstate:s0 tcontext=u:r:rutilsdaemon:s0 tclass=binder permissive=0
08-27 09:57:32.912 25012 25012 I auditd  : type=1400 audit(0.0:19397): avc: denied { call } for comm="dumpstate" scontext=u:r:dumpstate:s0 tcontext=u:r:junklog:s0 tclass=binder permissive=0
08-27 09:57:35.193  1201 19338 I dvm_lock_sample: [system_server,1,Binder:1201_1E,2188,PackageManagerService.java,8253,java.lang.String com.android.server.pm.PackageManagerService.getInstantAppPackageName(int),-,24529,void com.android.server.pm.PackageManagerService.dump(java.io.FileDescriptor, java.io.PrintWriter, java.lang.String[]),100]
08-27 09:57:35.314  1201 19338 I am_uid_running: 10119
08-27 09:57:35.361  1201  1849 I am_proc_start: [0,26782,10119,com.android.printspooler,service,{com.android.printspooler/com.android.printspooler.model.PrintSpoolerService}]
08-27 09:57:35.455  1201  4314 I am_proc_bound: [0,26782,com.android.printspooler]
08-27 09:57:35.467  1201  4314 I am_uid_active: 10119
08-27 09:57:37.048 25012 25012 I auditd  : type=1400 audit(0.0:19398): avc: denied { use } for comm="dumpstate" path="pipe:[1852334]" dev="pipefs" ino=1852334 scontext=u:r:system_suspend:s0 tcontext=u:r:dumpstate:s0 tclass=fd permissive=0
08-27 09:57:39.782  1201  1832 I sysui_multi_action: [757,1717,758,1,759,0]
08-27 09:57:39.783  1201  1832 I sysui_multi_action: [757,1717,758,2,759,0]
08-27 09:57:39.783  1201  1832 I sysui_multi_action: [757,1717,758,3,759,0]
08-27 09:57:45.367  1201  1926 I commit_sys_config_file: [package-user-0,18]
08-27 09:57:47.716  4673  4673 I auditd  : type=1400 audit(0.0:19399): avc: denied { read } for comm="unknown" name="drivers" dev="proc" ino=4026531852 scontext=u:r:untrusted_app_27:s0:c512,c768 tcontext=u:object_r:proc_tty_drivers:s0 tclass=file permissive=0 app=com.xunmeng.pinduoduo
08-27 09:57:47.720  4673  4673 I auditd  : type=1400 audit(0.0:19400): avc: denied { read } for comm="unknown" name="tcp" dev="proc" ino=4026532282 scontext=u:r:untrusted_app_27:s0:c512,c768 tcontext=u:object_r:proc_net_tcp_udp:s0 tclass=file permissive=0 app=com.xunmeng.pinduoduo
08-27 09:57:58.265  1201  1832 I am_pss  : [26782,10119,com.android.printspooler,7899136,5779456,0,94052352,0,6,11]
08-27 09:58:05.681  3158  3158 I service_manager_stats: [100,70,469924]
08-27 09:58:17.764  4673  4673 I auditd  : type=1400 audit(0.0:19401): avc: denied { read } for comm="unknown" name="drivers" dev="proc" ino=4026531852 scontext=u:r:untrusted_app_27:s0:c512,c768 tcontext=u:object_r:proc_tty_drivers:s0 tclass=file permissive=0 app=com.xunmeng.pinduoduo
08-27 09:58:17.764  4673  4673 I auditd  : type=1400 audit(0.0:19402): avc: denied { read } for comm="unknown" name="tcp" dev="proc" ino=4026532282 scontext=u:r:untrusted_app_27:s0:c512,c768 tcontext=u:object_r:proc_net_tcp_udp:s0 tclass=file permissive=0 app=com.xunmeng.pinduoduo
08-27 09:58:24.054  1201  1832 I am_pss  : [26782,10119,com.android.printspooler,7931904,5816320,0,94089216,0,6,15]
08-27 09:58:25.388  1201  1201 I auditd  : type=1400 audit(0.0:19403): avc: denied { getattr } for comm="RPMHandler" path="/sys/kernel/debug/ion/system_stats" dev="debugfs" ino=2579 scontext=u:r:system_server:s0 tcontext=u:object_r:debugfs_ion:s0 tclass=file permissive=0
08-27 09:58:26.093  1201  2510 I service_manager_stats: [100,109,54946]
08-27 09:58:47.804  4673  4673 I auditd  : type=1400 audit(0.0:19404): avc: denied { read } for comm="unknown" name="drivers" dev="proc" ino=4026531852 scontext=u:r:untrusted_app_27:s0:c512,c768 tcontext=u:object_r:proc_tty_drivers:s0 tclass=file permissive=0 app=com.xunmeng.pinduoduo
08-27 09:58:47.804  4673  4673 I auditd  : type=1400 audit(0.0:19405): avc: denied { read } for comm="unknown" name="tcp" dev="proc" ino=4026532282 scontext=u:r:untrusted_app_27:s0:c512,c768 tcontext=u:object_r:proc_net_tcp_udp:s0 tclass=file permissive=0 app=com.xunmeng.pinduoduo
08-27 09:58:56.921  1201 10589 I am_kill : [0,20033,com.coloros.calendar,999,empty #31]
08-27 09:58:56.950  1201  1832 I am_pss  : [21867,10124,com.oppo.camera,71718912,59088896,898048,173223936,0,5,18]
08-27 09:58:56.980  1201 10589 I am_proc_died: [0,22862,com.coloros.proton,995,20]
08-27 09:58:56.994  1201  4314 I am_proc_died: [0,20033,com.coloros.calendar,999,20]
08-27 09:58:56.995  1201  4314 I am_uid_stopped: 10096
08-27 09:59:17.832  4673  4673 I auditd  : type=1400 audit(0.0:19406): avc: denied { read } for comm="unknown" name="drivers" dev="proc" ino=4026531852 scontext=u:r:untrusted_app_27:s0:c512,c768 tcontext=u:object_r:proc_tty_drivers:s0 tclass=file permissive=0 app=com.xunmeng.pinduoduo
08-27 09:59:17.836  4673  4673 I auditd  : type=1400 audit(0.0:19407): avc: denied { read } for comm="unknown" name="tcp" dev="proc" ino=4026532282 scontext=u:r:untrusted_app_27:s0:c512,c768 tcontext=u:object_r:proc_net_tcp_udp:s0 tclass=file permissive=0 app=com.xunmeng.pinduoduo
08-27 09:59:25.414  1201  1832 I am_pss  : [24849,10253,com.example.threaddemo,77535232,70209536,0,175562752,0,2,19]
08-27 09:59:25.452  1201  1201 I auditd  : type=1400 audit(0.0:19408): avc: denied { getattr } for comm="RPMHandler" path="/sys/kernel/debug/ion/system_stats" dev="debugfs" ino=2579 scontext=u:r:system_server:s0 tcontext=u:object_r:debugfs_ion:s0 tclass=file permissive=0
08-27 09:59:25.477  1201 13608 I netstats_mobile_sample: [0,0,0,0,0,0,0,0,0,0,0,0,1598493565848]
08-27 09:59:25.477  1201 13608 I netstats_wifi_sample: [711470579,575544,32926137,326979,711470579,575544,32926137,326979,709987809,574232,32906809,326652,1598493565848]
08-27 09:59:28.400  1201 14130 I am_uid_active: 10085
08-27 09:59:28.829  4498  4773 I dvm_lock_sample: [com.tencent.android.location,0,halley_100_TempTask,7,,-1,java.lang.String com.tencent.hldw.common.d.b.a.b.a(java.lang.String),-,-1,void com.tencent.hldw.common.d.b.a.b.a(java.lang.String, java.lang.String),1]
08-27 09:59:30.466  1201  2510 I service_manager_stats: [100,136,64373]
08-27 09:59:47.860  4673  4673 I auditd  : type=1400 audit(0.0:19409): avc: denied { read } for comm="unknown" name="drivers" dev="proc" ino=4026531852 scontext=u:r:untrusted_app_27:s0:c512,c768 tcontext=u:object_r:proc_tty_drivers:s0 tclass=file permissive=0 app=com.xunmeng.pinduoduo
08-27 09:59:47.860  4673  4673 I auditd  : type=1400 audit(0.0:19410): avc: denied { read } for comm="unknown" name="tcp" dev="proc" ino=4026532282 scontext=u:r:untrusted_app_27:s0:c512,c768 tcontext=u:object_r:proc_net_tcp_udp:s0 tclass=file permissive=0 app=com.xunmeng.pinduoduo
08-27 09:59:54.608  1201  1201 I auditd  : type=1400 audit(0.0:19411): avc: denied { getattr } for comm="Binder:1201_1D" path="/sys/kernel/debug/ion/system_stats" dev="debugfs" ino=2579 scontext=u:r:system_server:s0 tcontext=u:object_r:debugfs_ion:s0 tclass=file permissive=0
08-27 10:00:17.908  4673  4673 I auditd  : type=1400 audit(0.0:19412): avc: denied { read } for comm="unknown" name="drivers" dev="proc" ino=4026531852 scontext=u:r:untrusted_app_27:s0:c512,c768 tcontext=u:object_r:proc_tty_drivers:s0 tclass=file permissive=0 app=com.xunmeng.pinduoduo
08-27 10:00:17.912  4673  4673 I auditd  : type=1400 audit(0.0:19413): avc: denied { read } for comm="unknown" name="tcp" dev="proc" ino=4026532282 scontext=u:r:untrusted_app_27:s0:c512,c768 tcontext=u:object_r:proc_net_tcp_udp:s0 tclass=file permissive=0 app=com.xunmeng.pinduoduo
08-27 10:00:25.476  1201  1201 I auditd  : type=1400 audit(0.0:19414): avc: denied { getattr } for comm="RPMHandler" path="/sys/kernel/debug/ion/system_stats" dev="debugfs" ino=2579 scontext=u:r:system_server:s0 tcontext=u:object_r:debugfs_ion:s0 tclass=file permissive=0
08-27 10:00:29.446  1201  1847 I am_uid_idle: 10085
08-27 10:00:34.829  1201  2510 I service_manager_stats: [100,138,64363]
08-27 10:00:47.964  4673  4673 I auditd  : type=1400 audit(0.0:19415): avc: denied { read } for comm="unknown" name="drivers" dev="proc" ino=4026531852 scontext=u:r:untrusted_app_27:s0:c512,c768 tcontext=u:object_r:proc_tty_drivers:s0 tclass=file permissive=0 app=com.xunmeng.pinduoduo
08-27 10:00:47.964  4673  4673 I auditd  : type=1400 audit(0.0:19416): avc: denied { read } for comm="unknown" name="tcp" dev="proc" ino=4026532282 scontext=u:r:untrusted_app_27:s0:c512,c768 tcontext=u:object_r:proc_net_tcp_udp:s0 tclass=file permissive=0 app=com.xunmeng.pinduoduo
08-27 10:00:48.841  3092  3197 I service_manager_stats: [100,147,250705]
08-27 10:01:05.229  1201  1832 I am_pss  : [23227,10069,com.heytap.themestore,31337472,27439104,897024,125542400,0,20,26]
08-27 10:01:05.256  1201  1832 I am_pss  : [23194,10053,com.heytap.quicksearchbox,56504320,49336320,171008,150888448,0,20,20]
08-27 10:01:05.274  1201  1832 I am_pss  : [23368,10053,com.heytap.quicksearchbox:privileged_process0,18630656,13328384,356352,96243712,0,20,14]
08-27 10:01:05.292  1201  1832 I am_pss  : [23420,10053,com.heytap.quicksearchbox:remote,17910784,12992512,402432,95215616,0,20,12]
08-27 10:01:05.308  1201  1832 I am_pss  : [23150,1000,com.daemon.shelper,12233728,10641408,38912,84004864,0,20,12]
08-27 10:01:05.325  1201  1832 I am_pss  : [23002,10077,com.android.packageinstaller,12810240,10170368,986112,96382976,0,20,13]
08-27 10:01:05.342  1201  1832 I am_pss  : [22971,10181,com.coloros.digitalwellbeing,13811712,11583488,65536,97181696,0,20,13]
08-27 10:01:05.359  1201  1832 I am_pss  : [23031,1000,com.coloros.uxdesign,14644224,12947456,61440,88231936,0,20,12]
08-27 10:01:05.376  1201  1832 I am_pss  : [21828,10198,com.coloros.personalassistant,15843328,12468224,1597440,102420480,0,20,13]
08-27 10:01:18.008  4673  4673 I auditd  : type=1400 audit(0.0:19417): avc: denied { read } for comm="unknown" name="drivers" dev="proc" ino=4026531852 scontext=u:r:untrusted_app_27:s0:c512,c768 tcontext=u:object_r:proc_tty_drivers:s0 tclass=file permissive=0 app=com.xunmeng.pinduoduo
08-27 10:01:18.008  4673  4673 I auditd  : type=1400 audit(0.0:19418): avc: denied { read } for comm="unknown" name="tcp" dev="proc" ino=4026532282 scontext=u:r:untrusted_app_27:s0:c512,c768 tcontext=u:object_r:proc_net_tcp_udp:s0 tclass=file permissive=0 app=com.xunmeng.pinduoduo
08-27 10:01:25.488  1201  1201 I auditd  : type=1400 audit(0.0:19419): avc: denied { getattr } for comm="RPMHandler" path="/sys/kernel/debug/ion/system_stats" dev="debugfs" ino=2579 scontext=u:r:system_server:s0 tcontext=u:object_r:debugfs_ion:s0 tclass=file permissive=0
08-27 10:01:27.907  1201  1832 I commit_sys_config_file: [oppobatterystats,30]
08-27 10:01:27.912  1201  1832 I commit_sys_config_file: [oppobatterystats,5]
08-27 10:01:27.997  1201  1832 I commit_sys_config_file: [batterystats,35]
08-27 10:01:28.009  1201  1832 I commit_sys_config_file: [batterystats,8]
08-27 10:01:36.134  1201  2510 I service_manager_stats: [100,149,61305]
08-27 10:01:47.354  1201 11127 I battery_status: [5,2,1,2,Li-ion]
08-27 10:01:47.403  1201  1201 I notification_enqueue: [10068,11149,com.android.systemui,10006,NULL,-1,Notification(channel=GEN pri=0 contentView=null vibrate=null sound=null defaults=0x0 flags=0x10 color=0x00000000 category=sys vis=PUBLIC),0]
08-27 10:01:47.504  1201  1201 I sysui_multi_action: [757,1501,758,1,793,102,794,0,795,102,796,10006,806,com.android.systemui,857,GEN,858,1,947,0,1500,0,1641,sys]
08-27 10:01:47.505  1201  1201 I sysui_multi_action: [757,804,799,note_interruptive,801,0,802,1]
08-27 10:01:47.824  1201  2440 I commit_sys_config_file: [settings-0-0,24]
08-27 10:01:48.044  4673  4673 I auditd  : type=1400 audit(0.0:19420): avc: denied { read } for comm="unknown" name="drivers" dev="proc" ino=4026531852 scontext=u:r:untrusted_app_27:s0:c512,c768 tcontext=u:object_r:proc_tty_drivers:s0 tclass=file permissive=0 app=com.xunmeng.pinduoduo
08-27 10:01:48.048  4673  4673 I auditd  : type=1400 audit(0.0:19421): avc: denied { read } for comm="unknown" name="tcp" dev="proc" ino=4026532282 scontext=u:r:untrusted_app_27:s0:c512,c768 tcontext=u:object_r:proc_net_tcp_udp:s0 tclass=file permissive=0 app=com.xunmeng.pinduoduo
08-27 10:02:15.477 11149 11345 I service_manager_stats: [200,203,978919]
08-27 10:02:18.088  4673  4673 I auditd  : type=1400 audit(0.0:19422): avc: denied { read } for comm="unknown" name="drivers" dev="proc" ino=4026531852 scontext=u:r:untrusted_app_27:s0:c512,c768 tcontext=u:object_r:proc_tty_drivers:s0 tclass=file permissive=0 app=com.xunmeng.pinduoduo
08-27 10:02:18.092  4673  4673 I auditd  : type=1400 audit(0.0:19423): avc: denied { read } for comm="unknown" name="tcp" dev="proc" ino=4026532282 scontext=u:r:untrusted_app_27:s0:c512,c768 tcontext=u:object_r:proc_net_tcp_udp:s0 tclass=file permissive=0 app=com.xunmeng.pinduoduo
08-27 10:02:25.552  1201  1201 I auditd  : type=1400 audit(0.0:19424): avc: denied { getattr } for comm="RPMHandler" path="/sys/kernel/debug/ion/system_stats" dev="debugfs" ino=2579 scontext=u:r:system_server:s0 tcontext=u:object_r:debugfs_ion:s0 tclass=file permissive=0
08-27 10:02:48.140  4673  4673 I auditd  : type=1400 audit(0.0:19425): avc: denied { read } for comm="unknown" name="drivers" dev="proc" ino=4026531852 scontext=u:r:untrusted_app_27:s0:c512,c768 tcontext=u:object_r:proc_tty_drivers:s0 tclass=file permissive=0 app=com.xunmeng.pinduoduo
08-27 10:02:48.144  4673  4673 I auditd  : type=1400 audit(0.0:19426): avc: denied { read } for comm="unknown" name="tcp" dev="proc" ino=4026532282 scontext=u:r:untrusted_app_27:s0:c512,c768 tcontext=u:object_r:proc_net_tcp_udp:s0 tclass=file permissive=0 app=com.xunmeng.pinduoduo
08-27 10:02:49.747  1201  2510 I service_manager_stats: [100,147,73613]
08-27 10:02:55.500  1201  1832 I am_pss  : [24849,10253,com.example.threaddemo,75751424,68427776,0,173780992,0,2,18]
08-27 10:02:55.575  1201 19339 I netstats_mobile_sample: [0,0,0,0,0,0,0,0,0,0,0,0,1598493775946]
08-27 10:02:55.576  1201 19339 I netstats_wifi_sample: [711476918,575576,32930187,327017,711476918,575576,32930187,327017,709994148,574264,32910859,326690,1598493775946]
08-27 10:03:18.188  4673  4673 I auditd  : type=1400 audit(0.0:19427): avc: denied { read } for comm="unknown" name="drivers" dev="proc" ino=4026531852 scontext=u:r:untrusted_app_27:s0:c512,c768 tcontext=u:object_r:proc_tty_drivers:s0 tclass=file permissive=0 app=com.xunmeng.pinduoduo
08-27 10:03:18.188  4673  4673 I auditd  : type=1400 audit(0.0:19428): avc: denied { read } for comm="unknown" name="tcp" dev="proc" ino=4026532282 scontext=u:r:untrusted_app_27:s0:c512,c768 tcontext=u:object_r:proc_net_tcp_udp:s0 tclass=file permissive=0 app=com.xunmeng.pinduoduo
08-27 10:03:25.616  1201  1201 I auditd  : type=1400 audit(0.0:19429): avc: denied { getattr } for comm="RPMHandler" path="/sys/kernel/debug/ion/system_stats" dev="debugfs" ino=2579 scontext=u:r:system_server:s0 tcontext=u:object_r:debugfs_ion:s0 tclass=file permissive=0
08-27 10:03:48.236  4673  4673 I auditd  : type=1400 audit(0.0:19430): avc: denied { read } for comm="unknown" name="drivers" dev="proc" ino=4026531852 scontext=u:r:untrusted_app_27:s0:c512,c768 tcontext=u:object_r:proc_tty_drivers:s0 tclass=file permissive=0 app=com.xunmeng.pinduoduo
08-27 10:03:48.236  4673  4673 I auditd  : type=1400 audit(0.0:19431): avc: denied { read } for comm="unknown" name="tcp" dev="proc" ino=4026532282 scontext=u:r:untrusted_app_27:s0:c512,c768 tcontext=u:object_r:proc_net_tcp_udp:s0 tclass=file permissive=0 app=com.xunmeng.pinduoduo
08-27 10:03:54.006  1201  2510 I service_manager_stats: [100,134,64259]
08-27 10:04:03.032  1201 19339 I am_uid_stopped: 10253
08-27 10:04:03.046  1201 19339 I am_kill : [0,24849,com.example.threaddemo,0,stop com.example.threaddemo]
08-27 10:04:03.060  1201 19339 I am_finish_activity: [0,208147199,72,com.example.threaddemo/.MainActivity,proc died without state saved]
08-27 10:04:03.085  1201 19339 I wm_task_removed: [72,removeAppToken: last token]
08-27 10:04:03.089  1201 19339 I am_remove_task: [72,45]
08-27 10:04:03.089  1201 19339 I wm_task_removed: [72,removeTask]
08-27 10:04:03.091  1201 19339 I am_focused_stack: [0,0,0,45,appDied leftTaskHistoryEmpty]
08-27 10:04:03.088  4195  4195 I auditd  : type=1400 audit(0.0:19432): avc: denied { search } for comm="work" name="ac" dev="sysfs" ino=71189 scontext=u:r:hypnusd:s0 tcontext=u:object_r:sysfs_battery_supply:s0 tclass=dir permissive=0
08-27 10:04:03.088  4195  4195 I auditd  : type=1400 audit(0.0:19433): avc: denied { search } for comm="work" name="usb" dev="sysfs" ino=71334 scontext=u:r:hypnusd:s0 tcontext=u:object_r:sysfs_usb_supply:s0 tclass=dir permissive=0
08-27 10:04:03.088  4195  4195 I auditd  : type=1400 audit(0.0:19434): avc: denied { search } for comm="work" name="pc_port" dev="sysfs" ino=71433 scontext=u:r:hypnusd:s0 tcontext=u:object_r:sysfs_usb_supply:s0 tclass=dir permissive=0
08-27 10:04:03.088  4195  4195 I auditd  : type=1400 audit(0.0:19435): avc: denied { search } for comm="work" name="battery" dev="sysfs" ino=71212 scontext=u:r:hypnusd:s0 tcontext=u:object_r:sysfs_battery_supply:s0 tclass=dir permissive=0
08-27 10:04:03.099  1201 19339 I wm_stack_removed: 45
08-27 10:04:03.110  1201 19339 I am_set_resumed_activity: [0,com.oppo.launcher/.Launcher,resumeTopActivityInnerLocked]
08-27 10:04:03.111  1201 19339 I am_resume_activity: [0,111013629,1,com.oppo.launcher/.Launcher]
08-27 10:04:03.115  1201  1813 I dvm_lock_sample: [system_server,1,android.display,56,TaskChangeNotificationController.java,194,void com.android.server.wm.TaskChangeNotificationController$MainHandler.handleMessage(android.os.Message),ActivityTaskManagerService.java,7151,void com.android.server.wm.ActivityTaskManagerService$LocalService.handleAppDied(com.android.server.wm.WindowProcessController, boolean, java.lang.Runnable),11]
08-27 10:04:03.119  1201  1813 I sysui_multi_action: [757,803,799,window_time_0,802,600]
08-27 10:04:03.128  1201  1201 I auditd  : type=1400 audit(0.0:19436): avc: denied { getattr } for comm="Binder:1201_1D" path="/sys/kernel/debug/ion/system_stats" dev="debugfs" ino=2579 scontext=u:r:system_server:s0 tcontext=u:object_r:debugfs_ion:s0 tclass=file permissive=0
08-27 10:04:03.139  3211  3211 I am_on_restart_called: [0,com.oppo.launcher.Launcher,performRestartActivity]
08-27 10:04:03.161  3211  3211 I am_on_start_called: [0,com.oppo.launcher.Launcher,handleStartActivity]
08-27 10:04:03.162  3211  3211 I am_on_resume_called: [0,com.oppo.launcher.Launcher,RESUME_ACTIVITY]
08-27 10:04:03.162  3211  3211 I am_on_top_resumed_gained_called: [0,com.oppo.launcher.Launcher,topWhenResuming]
08-27 10:04:03.168  1201  1201 I notification_cancel_all: [1000,1201,com.example.threaddemo,0,0,0,10020,NULL]
08-27 10:04:03.179  1201  1201 I notification_cancel_all: [1000,1201,com.example.threaddemo,999,0,0,10020,NULL]
08-27 10:04:03.182  1201  1810 I dvm_lock_sample: [system_server,1,android.ui,149,ActivityManagerService.java,3750,void com.android.server.am.ActivityManagerService.dispatchUidsChanged(),-,4796,void com.android.server.am.ActivityManagerService.forceStopPackage(java.lang.String, int),29]
08-27 10:04:03.200  1201 19345 I dvm_lock_sample: [system_server,0,Binder:1201_20,13,ActivityTaskManagerService.java,1812,void com.android.server.wm.ActivityTaskManagerService.activityIdle(android.os.IBinder, android.content.res.Configuration, boolean),WindowSurfacePlacer.java,61,void com.android.server.wm.WindowSurfacePlacer.lambda$new$0$WindowSurfacePlacer(),2]
08-27 10:04:03.213  1201  2664 I dvm_lock_sample: [system_server,0,auto_brightness_handler,86,ActivityManagerService.java,16938,int com.android.server.am.ActivityManagerService.broadcastIntent(android.app.IApplicationThread, android.content.Intent, java.lang.String, android.content.IIntentReceiver, int, java.lang.String, android.os.Bundle, java.lang.String[], int, android.os.Bundle, boolean, boolean, int),-,4796,void com.android.server.am.ActivityManagerService.forceStopPackage(java.lang.String, int),17]
08-27 10:04:03.269  1201  1832 I am_pss  : [21867,10124,com.oppo.camera,74672128,64348160,836608,173301760,0,5,19]
08-27 10:04:03.288  1201  1832 I am_pss  : [13186,1000,com.oppo.logkit,8649728,6774784,548864,71188480,0,11,9]
08-27 10:04:03.307  1201  1832 I am_pss  : [22233,10210,com.eg.android.AlipayGphone,103750656,100327424,859136,186552320,0,11,15]
08-27 10:04:03.323  1201  1832 I am_pss  : [20654,10057,android.process.media,14514176,11198464,1048576,106831872,0,11,11]
08-27 10:04:04.353  1201  1811 I commit_sys_config_file: [package-session,16]
08-27 10:04:04.448  1201  1811 I commit_sys_config_file: [package-session,15]
08-27 10:04:04.928  1201 19345 I commit_sys_config_file: [package-session,6]
08-27 10:04:05.482  1201  1926 I commit_sys_config_file: [package-user-0,4]
08-27 10:04:05.484  1201  1926 I commit_sys_config_file: [package-user-999,2]
08-27 10:04:05.484  1201  1926 I commit_sys_config_file: [package,136]
08-27 10:04:05.720  1201  1926 I commit_sys_config_file: [package-user-0,3]
08-27 10:04:05.722  1201  1926 I commit_sys_config_file: [package-user-999,2]
08-27 10:04:05.723  1201  1926 I commit_sys_config_file: [package,127]
08-27 10:04:05.723  1201  3894 I dvm_lock_sample: [system_server,1,Binder:1201_18,273,PackageManagerService.java,8253,java.lang.String com.android.server.pm.PackageManagerService.getInstantAppPackageName(int),-,18909,void com.android.server.pm.PackageManagerService.installPackagesLI(java.util.List),54]
08-27 10:04:05.756  1201  1832 I commit_sys_config_file: [package-perms-0,14]
08-27 10:04:05.941  1201  1832 I commit_sys_config_file: [package-perms-0,12]
08-27 10:04:05.951  1201  1832 I commit_sys_config_file: [package-perms-999,8]
08-27 10:04:06.022  1201  1926 I unknown_sources_enabled: 1
08-27 10:04:06.032  1201  2343 I commit_sys_config_file: [package-session,5]
08-27 10:04:06.041  3254  3254 I force_gc: bg
08-27 10:04:06.042 11171 11171 I force_gc: bg
08-27 10:04:06.045  4102  4102 I force_gc: bg
08-27 10:04:06.046 23194 23194 I force_gc: bg
08-27 10:04:06.046 22971 22971 I force_gc: bg
08-27 10:04:06.047 23101 23101 I force_gc: bg
08-27 10:04:06.142  1201 19345 I dvm_lock_sample: [system_server,0,Binder:1201_20,43,PackageManagerService.java,27135,boolean com.android.server.pm.PackageManagerService$PackageManagerInternalImpl.isPermissionsReviewRequired(java.lang.String, int),-,9655,android.content.pm.ParceledListSlice com.android.server.pm.PackageManagerService.getInstalledPackages(int, int),8]
08-27 10:04:06.197  1201  5465 I dvm_lock_sample: [system_server,1,Binder:1201_1A,94,ActivityManagerService.java,15047,android.content.ComponentName com.android.server.am.ActivityManagerService.startService(android.app.IApplicationThread, android.content.Intent, java.lang.String, boolean, java.lang.String, int),-,17044,void com.android.server.am.ActivityManagerService.finishReceiver(android.os.IBinder, int, java.lang.String, android.os.Bundle, boolean, int),18]
08-27 10:04:06.208  1201  3894 I wm_stack_created: 46
08-27 10:04:06.210  1201  3894 I wm_task_created: [73,46]
08-27 10:04:06.211  1201  3894 I wm_task_moved: [73,0,2147483647]
08-27 10:04:06.211  1201  3894 I am_focused_stack: [0,0,46,0,reuseOrNewTask]
08-27 10:04:06.211  1201  3894 I am_create_task: [0,73]
08-27 10:04:06.211  1201  3894 I am_create_activity: [0,151897208,73,com.example.threaddemo/.MainActivity,android.intent.action.MAIN,NULL,NULL,268435456]
08-27 10:04:06.212  1201  3894 I wm_task_moved: [73,0,2147483647]
08-27 10:04:06.212  3211  3211 I am_on_top_resumed_lost_called: [0,com.oppo.launcher.Launcher,topStateChangedWhenResumed]
08-27 10:04:06.214  1201  3894 I am_pause_activity: [0,111013629,com.oppo.launcher/.Launcher,userLeaving=true,pause-stack]
08-27 10:04:06.217  3211  3211 I am_on_paused_called: [0,com.oppo.launcher.Launcher,performPause]
08-27 10:04:06.222  1201  3402 I am_add_to_stopping: [0,111013629,com.oppo.launcher/.Launcher,makeInvisible]
08-27 10:04:06.241  1201 10589 I dvm_lock_sample: [system_server,1,Binder:1201_1B,67,ActivityManagerService.java,15047,android.content.ComponentName com.android.server.am.ActivityManagerService.startService(android.app.IApplicationThread, android.content.Intent, java.lang.String, boolean, java.lang.String, int),-,17044,void com.android.server.am.ActivityManagerService.finishReceiver(android.os.IBinder, int, java.lang.String, android.os.Bundle, boolean, int),13]
08-27 10:04:06.257  1201  1926 I am_finish_activity: [0,151897208,73,com.example.threaddemo/.MainActivity,force-stop]
08-27 10:04:06.258  1201  1926 I am_focused_stack: [0,0,0,46,finishActivity adjustFocus]
08-27 10:04:06.260  1201  1926 I wm_task_moved: [1,0,2147483647]
08-27 10:04:06.260  1201  1926 I am_set_resumed_activity: [0,com.oppo.launcher/.Launcher,finishActivity adjustFocus]
08-27 10:04:06.260  1201  1926 I am_set_resumed_activity: [0,com.oppo.launcher/.Launcher,finishActivity]
08-27 10:04:06.261  1201  1926 I am_destroy_activity: [0,151897208,73,com.example.threaddemo/.MainActivity,finish-imm:finishActivityLocked]
08-27 10:04:06.261  1201  1926 I am_remove_task: [73,46]
08-27 10:04:06.272  1201  1926 I am_set_resumed_activity: [0,com.oppo.launcher/.Launcher,resumeTopActivityInnerLocked]
08-27 10:04:06.273  1201  1926 I am_resume_activity: [0,111013629,1,com.oppo.launcher/.Launcher]
08-27 10:04:06.274  3211  3211 I am_on_resume_called: [0,com.oppo.launcher.Launcher,RESUME_ACTIVITY]
08-27 10:04:06.274  3211  3211 I am_on_top_resumed_gained_called: [0,com.oppo.launcher.Launcher,topWhenResuming]
08-27 10:04:06.322  1201  1810 I dvm_lock_sample: [system_server,1,android.ui,126,ActivityManagerService.java,3799,void com.android.server.am.ActivityManagerService.dispatchUidsChanged(),-,15047,android.content.ComponentName com.android.server.am.ActivityManagerService.startService(android.app.IApplicationThread, android.content.Intent, java.lang.String, boolean, java.lang.String, int),25]
08-27 10:04:06.337  1201  3366 I dvm_lock_sample: [system_server,1,Binder:1201_13,113,ActivityManagerService.java,15752,void com.android.server.am.ActivityManagerService.unregisterReceiver(android.content.IIntentReceiver),-,15047,android.content.ComponentName com.android.server.am.ActivityManagerService.startService(android.app.IApplicationThread, android.content.Intent, java.lang.String, boolean, java.lang.String, int),22]
08-27 10:04:06.400  1201  3894 I dvm_lock_sample: [system_server,1,Binder:1201_18,25,PackageManagerService.java,8253,java.lang.String com.android.server.pm.PackageManagerService.getInstantAppPackageName(int),-,9655,android.content.pm.ParceledListSlice com.android.server.pm.PackageManagerService.getInstalledPackages(int, int),5]
08-27 10:04:06.407  1201 14130 I dvm_lock_sample: [system_server,0,Binder:1201_1D,80,ActivityManagerService.java,15254,void com.android.server.am.ActivityManagerService.serviceDoneExecuting(android.os.IBinder, int, int, int),-,15047,android.content.ComponentName com.android.server.am.ActivityManagerService.startService(android.app.IApplicationThread, android.content.Intent, java.lang.String, boolean, java.lang.String, int),16]
08-27 10:04:06.415  1201  1813 I am_uid_running: 10253
08-27 10:04:06.428  3211 15554 I dvm_lock_sample: [com.oppo.launcher,0,pool-1-ThreadPoolManager-thread-7,141,NotifierManager.java,-1,void com.color.uiengine.g.a(java.lang.String, com.color.uiengine.g$e),-,-1,void com.color.uiengine.g.b(java.lang.String, com.color.uiengine.g$e),28]
08-27 10:04:06.429  1201  1813 I sysui_multi_action: [757,803,799,window_time_0,802,3]
08-27 10:04:06.429  1201  1813 I sysui_multi_action: [757,1144,758,7,806,com.example.threaddemo,871,com.example.threaddemo.MainActivity]
08-27 10:04:06.456  1201  1813 I sysui_multi_action: [757,803,799,window_time_0,802,0]
08-27 10:04:06.531  1201  3402 I dvm_lock_sample: [system_server,1,Binder:1201_14,99,ActivityManagerService.java,15562,android.content.Intent com.android.server.am.ActivityManagerService.registerReceiver(android.app.IApplicationThread, java.lang.String, android.content.IIntentReceiver, android.content.IntentFilter, java.lang.String, int, int),-,16938,int com.android.server.am.ActivityManagerService.broadcastIntent(android.app.IApplicationThread, android.content.Intent, java.lang.String, android.content.IIntentReceiver, int, java.lang.String, android.os.Bundle, java.lang.String[], int, android.os.Bundle, boolean, boolean, int),19]
08-27 10:04:06.549  1201  1926 I dvm_lock_sample: [system_server,1,PackageManager,105,ActivityManagerService.java,16938,int com.android.server.am.ActivityManagerService.broadcastIntent(android.app.IApplicationThread, android.content.Intent, java.lang.String, android.content.IIntentReceiver, int, java.lang.String, android.os.Bundle, java.lang.String[], int, android.os.Bundle, boolean, boolean, int),-,10708,java.util.List com.android.server.am.ActivityManagerService.getRunningAppProcesses(),21]
08-27 10:04:06.570  1201  1201 I notification_cancel_all: [1000,1201,com.example.threaddemo,0,0,0,5,NULL]
08-27 10:04:06.574  1201  1849 I am_proc_start: [0,28434,10253,com.example.threaddemo,activity,{com.example.threaddemo/com.example.threaddemo.MainActivity}]
08-27 10:04:06.598  1201 10589 I dvm_lock_sample: [system_server,1,Binder:1201_1B,48,ActivityManagerService.java,7190,java.lang.String com.android.server.am.ActivityManagerService.checkContentProviderAccess(java.lang.String, int),-,16938,int com.android.server.am.ActivityManagerService.broadcastIntent(android.app.IApplicationThread, android.content.Intent, java.lang.String, android.content.IIntentReceiver, int, java.lang.String, android.os.Bundle, java.lang.String[], int, android.os.Bundle, boolean, boolean, int),9]
08-27 10:04:06.648  1201  3357 I am_proc_bound: [0,28434,com.example.threaddemo]
08-27 10:04:06.661  1201  1849 I am_proc_start: [0,28467,1000,com.coloros.proton,service,{com.coloros.deepthinker/com.coloros.proton.learn.schedule.TrainJobService}]
08-27 10:04:06.685  1201  3359 I dvm_lock_sample: [system_server,1,Binder:1201_12,19,ActivityManagerService.java,6380,boolean com.android.server.am.ActivityManagerService.isAppBad(android.content.pm.ApplicationInfo),-,15047,android.content.ComponentName com.android.server.am.ActivityManagerService.startService(android.app.IApplicationThread, android.content.Intent, java.lang.String, boolean, java.lang.String, int),3]
08-27 10:04:06.758  1201  1815 I wm_task_removed: [73,removeTask]
08-27 10:04:06.759  1201  1815 I wm_task_removed: [73,removeAppToken: last token]
08-27 10:04:06.760  1201  1815 I wm_stack_removed: 46
08-27 10:04:06.774  1201  3230 I dvm_lock_sample: [system_server,1,Binder:1201_7,50,PackageManagerService.java,5617,android.content.pm.ApplicationInfo com.android.server.pm.PackageManagerService.getApplicationInfoInternal(java.lang.String, int, int, int),-,9655,android.content.pm.ParceledListSlice com.android.server.pm.PackageManagerService.getInstalledPackages(int, int),10]
08-27 10:04:06.805  1201  3402 I am_uid_active: 10189
08-27 10:04:06.806  1201  3338 I dvm_lock_sample: [system_server,1,Binder:1201_F,117,ActivityManagerService.java,15097,boolean com.android.server.am.ActivityManagerService.stopServiceToken(android.content.ComponentName, android.os.IBinder, int),-,16938,int com.android.server.am.ActivityManagerService.broadcastIntent(android.app.IApplicationThread, android.content.Intent, java.lang.String, android.content.IIntentReceiver, int, java.lang.String, android.os.Bundle, java.lang.String[], int, android.os.Bundle, boolean, boolean, int),23]
08-27 10:04:06.806  1201  1810 I dvm_lock_sample: [system_server,1,android.ui,120,ActivityManagerService.java,3799,void com.android.server.am.ActivityManagerService.dispatchUidsChanged(),-,16938,int com.android.server.am.ActivityManagerService.broadcastIntent(android.app.IApplicationThread, android.content.Intent, java.lang.String, android.content.IIntentReceiver, int, java.lang.String, android.os.Bundle, java.lang.String[], int, android.os.Bundle, boolean, boolean, int),24]
08-27 10:04:06.808  1201  3292 I am_proc_bound: [0,28467,com.coloros.proton]
08-27 10:04:06.956  1201  1813 I dvm_lock_sample: [system_server,1,android.display,57,ActivityManagerService.java,19571,void com.android.server.am.ActivityManagerService$LocalService.updateActivityUsageStats(android.content.ComponentName, int, int, android.os.IBinder, android.content.ComponentName),-,16938,int com.android.server.am.ActivityManagerService.broadcastIntent(android.app.IApplicationThread, android.content.Intent, java.lang.String, android.content.IIntentReceiver, int, java.lang.String, android.os.Bundle, java.lang.String[], int, android.os.Bundle, boolean, boolean, int),11]
08-27 10:04:06.959  1201  3353 I dvm_lock_sample: [system_server,1,Binder:1201_10,58,ActivityManagerService.java,15047,android.content.ComponentName com.android.server.am.ActivityManagerService.startService(android.app.IApplicationThread, android.content.Intent, java.lang.String, boolean, java.lang.String, int),-,6380,boolean com.android.server.am.ActivityManagerService.isAppBad(android.content.pm.ApplicationInfo),11]
08-27 10:04:06.961  1201  3230 I dvm_lock_sample: [system_server,1,Binder:1201_7,56,ActivityManagerService.java,10708,java.util.List com.android.server.am.ActivityManagerService.getRunningAppProcesses(),BroadcastQueue.java,1190,void com.android.server.am.BroadcastQueue.processNextBroadcast(boolean),11]
08-27 10:04:06.975  1201  2502 I service_manager_slow: [11,phone]
08-27 10:04:06.988  1201 14130 I dvm_lock_sample: [system_server,1,Binder:1201_1D,15,PackageManagerService.java,6570,int com.android.server.pm.PackageManagerService.checkUidPermission(java.lang.String, int),-,9655,android.content.pm.ParceledListSlice com.android.server.pm.PackageManagerService.getInstalledPackages(int, int),3]
08-27 10:04:06.996  1201  3892 I dvm_lock_sample: [system_server,1,Binder:1201_16,31,ActivityManagerService.java,15097,boolean com.android.server.am.ActivityManagerService.stopServiceToken(android.content.ComponentName, android.os.IBinder, int),BroadcastQueue.java,1190,void com.android.server.am.BroadcastQueue.processNextBroadcast(boolean),6]
08-27 10:04:07.009 28434 28434 I force_gc: bg
08-27 10:04:07.074  1201  1832 I service_manager_stats: [100,103,13068]
08-27 10:04:07.159  1201  3230 I dvm_lock_sample: [system_server,1,Binder:1201_7,25,ColorBroadcastManager.java,1283,void com.android.server.am.ColorBroadcastManager.finishNotOrderReceiver(android.os.IBinder, int, int, java.lang.String, android.os.Bundle, boolean),BroadcastQueue.java,1190,void com.android.server.am.BroadcastQueue.processNextBroadcast(boolean),5]
08-27 10:04:07.270  1201  3334 I dvm_lock_sample: [system_server,1,Binder:1201_E,12,ActivityManagerService.java,15223,boolean com.android.server.am.ActivityManagerService.unbindService(android.app.IServiceConnection),BroadcastQueue.java,1190,void com.android.server.am.BroadcastQueue.processNextBroadcast(boolean),2]
