08-27 09:50:12.758  1201  1849 I am_proc_start: [0,22902,1000,com.coloros.phonemanager,broadcast,{com.coloros.phonemanager/com.coloros.phonemanager.virusdetect.receiver.RealTimeMonitorReceiver}]
08-27 09:50:12.792  1201  3296 I am_proc_bound: [0,22902,com.coloros.phonemanager]
08-27 09:50:12.817  1201  1201 I notification_cancel_all: [1000,1201,com.example.threaddemo,0,0,0,5,NULL]
08-27 09:50:12.844  1201  3334 I dvm_lock_sample: [system_server,1,Binder:1201_E,28,ActivityManagerService.java,19452,boolean com.android.server.am.ActivityManagerService$LocalService.isUidActive(int),-,19886,void com.android.server.am.ActivityManagerService$LocalService.startProcess(java.lang.String, android.content.pm.ApplicationInfo, boolean, java.lang.String, android.content.ComponentName),5]
08-27 09:50:12.898  1201  3894 I dvm_lock_sample: [system_server,1,Binder:1201_18,80,ActivityManagerService.java,19452,boolean com.android.server.am.ActivityManagerService$LocalService.isUidActive(int),-,15254,void com.android.server.am.ActivityManagerService.serviceDoneExecuting(android.os.IBinder, int, int, int),16]
08-27 09:50:12.932  1201  1849 I am_proc_start: [0,22934,10253,com.example.threaddemo,activity,{com.example.threaddemo/com.example.threaddemo.MainActivity}]
08-27 09:50:13.002  1201  1857 I am_uid_running: 10181
08-27 09:50:13.005  1201  3230 I dvm_lock_sample: [system_server,0,Binder:1201_7,73,ActivityManagerService.java,15254,void com.android.server.am.ActivityManagerService.serviceDoneExecuting(android.os.IBinder, int, int, int),ProcessList.java,1779,void com.android.server.am.ProcessList.lambda$startProcessLocked$0$ProcessList(com.android.server.am.ProcessRecord, java.lang.String, int[], int, int, java.lang.String, java.lang.String, java.lang.String, long),14]
08-27 09:50:13.007  1201  3322 I am_proc_bound: [0,22934,com.example.threaddemo]
08-27 09:50:13.020  1201  3322 I am_restart_activity: [0,13982080,69,com.example.threaddemo/.MainActivity]
08-27 09:50:13.028  4195  4195 I auditd  : type=1400 audit(0.0:19277): avc: denied { search } for comm="work" name="ac" dev="sysfs" ino=71189 scontext=u:r:hypnusd:s0 tcontext=u:object_r:sysfs_battery_supply:s0 tclass=dir permissive=0
08-27 09:50:13.028  4195  4195 I auditd  : type=1400 audit(0.0:19278): avc: denied { search } for comm="work" name="usb" dev="sysfs" ino=71334 scontext=u:r:hypnusd:s0 tcontext=u:object_r:sysfs_usb_supply:s0 tclass=dir permissive=0
08-27 09:50:13.028  4195  4195 I auditd  : type=1400 audit(0.0:19279): avc: denied { search } for comm="work" name="pc_port" dev="sysfs" ino=71433 scontext=u:r:hypnusd:s0 tcontext=u:object_r:sysfs_usb_supply:s0 tclass=dir permissive=0
08-27 09:50:13.028  4195  4195 I auditd  : type=1400 audit(0.0:19280): avc: denied { search } for comm="work" name="battery" dev="sysfs" ino=71212 scontext=u:r:hypnusd:s0 tcontext=u:object_r:sysfs_battery_supply:s0 tclass=dir permissive=0
08-27 09:50:13.035  1201  3322 I am_set_resumed_activity: [0,com.example.threaddemo/.MainActivity,minimalResumeActivityLocked]
08-27 09:50:13.043  1201  3894 I dvm_lock_sample: [system_server,1,Binder:1201_18,35,ActivityManagerService.java,6253,java.lang.String com.android.server.am.ActivityManagerService.getTagForIntentSender(android.content.IIntentSender, java.lang.String),BroadcastQueue.java,1190,void com.android.server.am.BroadcastQueue.processNextBroadcast(boolean),7]
08-27 09:50:13.044  1201 19339 I dvm_lock_sample: [system_server,1,Binder:1201_1F,36,ActivityManagerService.java,7190,java.lang.String com.android.server.am.ActivityManagerService.checkContentProviderAccess(java.lang.String, int),-,5807,void com.android.server.am.ActivityManagerService.attachApplication(android.app.IApplicationThread, long),7]
08-27 09:50:13.044  1201  1813 I dvm_lock_sample: [system_server,1,android.display,38,ActivityManagerService.java,19886,void com.android.server.am.ActivityManagerService$LocalService.startProcess(java.lang.String, android.content.pm.ApplicationInfo, boolean, java.lang.String, android.content.ComponentName),-,7417,android.app.ContentProviderHolder com.android.server.am.ActivityManagerService.getContentProviderImpl(android.app.IApplicationThread, java.lang.String, android.os.IBinder, int, java.lang.String, java.lang.String, boolean, int),7]
08-27 09:50:13.118  1201  1813 I am_uid_active: 10253
08-27 09:50:13.126  1201  3295 I dvm_lock_sample: [system_server,1,Binder:1201_A,28,PackageManagerService.java,6547,int com.android.server.pm.PackageManagerService.checkPermission(java.lang.String, java.lang.String, int),-,9655,android.content.pm.ParceledListSlice com.android.server.pm.PackageManagerService.getInstalledPackages(int, int),5]
08-27 09:50:13.127  1201  3353 I dvm_lock_sample: [system_server,0,Binder:1201_10,45,ActivityManagerService.java,15254,void com.android.server.am.ActivityManagerService.serviceDoneExecuting(android.os.IBinder, int, int, int),-,6612,boolean com.android.server.am.ActivityManagerService.isAppStartModeDisabled(int, java.lang.String),9]
08-27 09:50:13.132  1201 19345 I am_proc_start: [0,22971,10181,com.coloros.digitalwellbeing,broadcast,{com.coloros.digitalwellbeing/com.coloros.digitalwellbeing.module.upload.AppInstallReceiver}]
08-27 09:50:13.135  1201 19345 I am_proc_bound: [0,22971,com.coloros.digitalwellbeing]
08-27 09:50:13.150  1201  3402 I dvm_lock_sample: [system_server,1,Binder:1201_14,29,ActivityManagerService.java,15562,android.content.Intent com.android.server.am.ActivityManagerService.registerReceiver(android.app.IApplicationThread, java.lang.String, android.content.IIntentReceiver, android.content.IntentFilter, java.lang.String, int, int),-,15047,android.content.ComponentName com.android.server.am.ActivityManagerService.startService(android.app.IApplicationThread, android.content.Intent, java.lang.String, boolean, java.lang.String, int),5]
08-27 09:50:13.176  1201  2358 I dvm_lock_sample: [system_server,1,Binder:1201_3,33,ActivityManagerService.java,10708,java.util.List com.android.server.am.ActivityManagerService.getRunningAppProcesses(),-,5807,void com.android.server.am.ActivityManagerService.attachApplication(android.app.IApplicationThread, long),6]
08-27 09:50:13.178  1201  1857 I am_uid_running: 10077
08-27 09:50:13.274  1201  1832 I am_pss  : [21828,10198,com.coloros.personalassistant,10900480,7757824,188416,98430976,0,20,10]
08-27 09:50:13.314  1201  1849 I am_proc_start: [0,23002,10077,com.android.packageinstaller,broadcast,{com.android.packageinstaller/com.android.packageinstaller.OppoPackageInstallerReceiver}]
08-27 09:50:13.367 22934 22934 I am_on_create_called: [0,com.example.threaddemo.MainActivity,performCreate]
08-27 09:50:13.371 22934 22934 I am_on_start_called: [0,com.example.threaddemo.MainActivity,handleStartActivity]
08-27 09:50:13.373 22934 22934 I am_on_resume_called: [0,com.example.threaddemo.MainActivity,RESUME_ACTIVITY]
08-27 09:50:13.406 22934 22934 I am_on_top_resumed_gained_called: [0,com.example.threaddemo.MainActivity,topStateChangedWhenResumed]
08-27 09:50:13.437  1201  3893 I am_proc_bound: [0,23002,com.android.packageinstaller]
08-27 09:50:13.518  1201  1849 I am_proc_start: [0,23031,1000,com.coloros.uxdesign,service,{com.coloros.uxdesign/com.coloros.uxdesign.icon.service.LaunchIconService}]
08-27 09:50:13.544  1201  1832 I am_pss  : [21867,10124,com.oppo.camera,296226816,281284608,0,426651648,0,5,28]
08-27 09:50:13.548  1201  4314 I am_stop_activity: [0,111013629,com.oppo.launcher/.Launcher]
08-27 09:50:13.554  3211  3211 I force_gc: mem
08-27 09:50:13.554  3211  3211 I am_on_stop_called: [0,com.oppo.launcher.Launcher,STOP_ACTIVITY_ITEM]
08-27 09:50:13.623  1201  3893 I am_proc_bound: [0,23031,com.coloros.uxdesign]
08-27 09:50:13.623  1201  2502 I dvm_lock_sample: [system_server,1,NetworkPolicy.uid,52,ActivityManagerService.java,19388,void com.android.server.am.ActivityManagerService$LocalService.notifyNetworkPolicyRulesUpdated(int, long),BroadcastQueue.java,1190,void com.android.server.am.BroadcastQueue.processNextBroadcast(boolean),10]
08-27 09:50:13.624  1201  2440 I commit_sys_config_file: [settings-2-0,45]
08-27 09:50:13.693  1201  1810 I dvm_lock_sample: [system_server,1,android.ui,46,ActivityManagerService.java,3684,void com.android.server.am.ActivityManagerService.dispatchProcessesChanged(),BroadcastQueue.java,1190,void com.android.server.am.BroadcastQueue.processNextBroadcast(boolean),9]
08-27 09:50:13.711  1201  3893 I sysui_multi_action: [757,147,758,4,759,0,806,com.example.threaddemo]
08-27 09:50:13.712  1201  1832 I sysui_multi_action: [319,15476,321,14886,322,15946,325,73128,757,761,758,7,759,1,806,com.example.threaddemo,871,com.example.threaddemo.MainActivity,904,com.android.shell,905,0,945,15430,1320,12,1321,1]
08-27 09:50:13.713  1201  1201 I notification_cancel_all: [1000,1201,com.example.threaddemo,0,0,0,7,NULL]
08-27 09:50:13.754  1201  3234 I dvm_lock_sample: [system_server,1,Binder:1201_8,96,ActivityManagerService.java,15210,int com.android.server.am.ActivityManagerService.bindIsolatedService(android.app.IApplicationThread, android.os.IBinder, android.content.Intent, java.lang.String, android.app.IServiceConnection, int, java.lang.String, java.lang.String, int),BroadcastQueue.java,1190,void com.android.server.am.BroadcastQueue.processNextBroadcast(boolean),19]
08-27 09:50:13.755  1201  3234 I am_uid_running: 10045
08-27 09:50:13.768  1201  1832 I am_activity_launch_time: [0,13982080,com.example.threaddemo/.MainActivity,15946]
08-27 09:50:13.775  1201  1811 I commit_sys_config_file: [notification-policy,17]
08-27 09:50:13.789  1201  1857 I am_uid_running: 10097
08-27 09:50:13.804  1201  1811 I commit_sys_config_file: [notification-policy,28]
08-27 09:50:13.832  1201  1849 I am_proc_start: [0,23090,10045,com.coloros.safesdkproxy,service,{com.coloros.safesdkproxy/com.coloros.safesdkproxy.virus.qihoo.QihooVirusScanService}]
08-27 09:50:13.833  1201  1811 I commit_sys_config_file: [notification-policy,28]
08-27 09:50:13.925  1201  1849 I am_proc_start: [0,23101,10097,com.coloros.providers.fileinfo,broadcast,{com.coloros.providers.fileinfo/com.coloros.providers.fileinfo.receiver.DataUpdaterReceiver}]
08-27 09:50:13.977  1201  4314 I am_proc_bound: [0,23101,com.coloros.providers.fileinfo]
08-27 09:50:13.984  1201  3230 I dvm_lock_sample: [system_server,1,Binder:1201_7,15,PackageManagerService.java,8253,java.lang.String com.android.server.pm.PackageManagerService.getInstantAppPackageName(int),-,9655,android.content.pm.ParceledListSlice com.android.server.pm.PackageManagerService.getInstalledPackages(int, int),3]
08-27 09:50:13.984  1201  3353 I dvm_lock_sample: [system_server,1,Binder:1201_10,29,PackageManagerService.java,6570,int com.android.server.pm.PackageManagerService.checkUidPermission(java.lang.String, int),-,9655,android.content.pm.ParceledListSlice com.android.server.pm.PackageManagerService.getInstalledPackages(int, int),5]
08-27 09:50:14.014  1201  4314 I am_kill : [0,20899,com.heytap.themestore,999,empty for 2853s]
08-27 09:50:14.034  1201  5465 I am_proc_bound: [0,23090,com.coloros.safesdkproxy]
08-27 09:50:14.141  1201  1849 I am_proc_start: [0,23150,1000,com.daemon.shelper,broadcast,{com.daemon.shelper/com.daemon.shelper.wechat.MonoitoringRecevier}]
08-27 09:50:14.241  1201 19345 I am_proc_bound: [0,23150,com.daemon.shelper]
08-27 09:50:14.276  1201  1857 I am_uid_running: 10053
08-27 09:50:14.333  1201  3353 I dvm_lock_sample: [system_server,1,Binder:1201_10,24,PackageManagerService.java,8253,java.lang.String com.android.server.pm.PackageManagerService.getInstantAppPackageName(int),-,9655,android.content.pm.ParceledListSlice com.android.server.pm.PackageManagerService.getInstalledPackages(int, int),4]
08-27 09:50:14.372  1201  1849 I am_proc_start: [0,23194,10053,com.heytap.quicksearchbox,broadcast,{com.heytap.quicksearchbox/com.heytap.quicksearchbox.receiver.PackageChangeReceiver}]
08-27 09:50:14.430  1201  3296 I am_proc_bound: [0,23194,com.heytap.quicksearchbox]
08-27 09:50:14.472  1201 10589 I am_proc_died: [0,20899,com.heytap.themestore,999,20]
08-27 09:50:14.473  1201 10589 I am_uid_stopped: 10069
08-27 09:50:14.487  1201  1857 I am_uid_running: 10069
08-27 09:50:14.535  1201  1201 I am_kill : [0,21088,com.coloros.encryption,999,empty for 2242s]
08-27 09:50:14.553  1201 19338 I am_kill : [0,21114,com.coloros.filemanager,999,empty for 2241s]
08-27 09:50:14.576  1201  1849 I am_proc_start: [0,23227,10069,com.heytap.themestore,broadcast,{com.heytap.themestore/com.nearme.themespace.receiver.ThemeBizReceiver}]
08-27 09:50:14.638  1201  1849 I am_proc_start: [0,23250,10045,com.coloros.safesdkproxy:scan,service,{com.coloros.safesdkproxy/com.qihoo.security.services.DeepScanService}]
08-27 09:50:14.643  1201  3594 I am_proc_bound: [0,23227,com.heytap.themestore]
08-27 09:50:14.688  1201  1926 I dvm_lock_sample: [system_server,1,PackageManager,40,ActivityManagerService.java,16938,int com.android.server.am.ActivityManagerService.broadcastIntent(android.app.IApplicationThread, android.content.Intent, java.lang.String, android.content.IIntentReceiver, int, java.lang.String, android.os.Bundle, java.lang.String[], int, android.os.Bundle, boolean, boolean, int),-,5807,void com.android.server.am.ActivityManagerService.attachApplication(android.app.IApplicationThread, long),8]
08-27 09:50:14.728  1201 10589 I dvm_lock_sample: [system_server,1,Binder:1201_1B,24,ActivityManagerService.java,7190,java.lang.String com.android.server.am.ActivityManagerService.checkContentProviderAccess(java.lang.String, int),BroadcastQueue.java,1190,void com.android.server.am.BroadcastQueue.processNextBroadcast(boolean),4]
08-27 09:50:14.745  1201  3295 I am_proc_bound: [0,23250,com.coloros.safesdkproxy:scan]
08-27 09:50:14.786  1201  5465 I am_proc_died: [0,21114,com.coloros.filemanager,999,20]
08-27 09:50:14.786  1201  5465 I am_uid_stopped: 10135
08-27 09:50:14.899  1201  3338 I am_proc_died: [0,21088,com.coloros.encryption,999,20]
08-27 09:50:14.900  1201  3338 I am_uid_stopped: 10147
08-27 09:50:14.922  1201  3338 I am_kill : [0,21157,com.coloros.smartdrive,999,empty for 2241s]
08-27 09:50:14.967  1201  1832 I commit_sys_config_file: [roles-0,36]
08-27 09:50:14.987  1201  2358 I dvm_lock_sample: [system_server,1,Binder:1201_3,12,PackageManagerService.java,8253,java.lang.String com.android.server.pm.PackageManagerService.getInstantAppPackageName(int),-,8349,java.util.List com.android.server.pm.PackageManagerService.queryIntentActivitiesInternal(android.content.Intent, java.lang.String, int, int, int, boolean, boolean),2]
08-27 09:50:15.033  1201 19338 I am_proc_died: [0,21157,com.coloros.smartdrive,999,20]
08-27 09:50:15.034  1201 19338 I am_uid_stopped: 10081
08-27 09:50:15.054  1201  3594 I dvm_lock_sample: [system_server,1,Binder:1201_15,36,PackageManagerService.java,8253,java.lang.String com.android.server.pm.PackageManagerService.getInstantAppPackageName(int),-,9655,android.content.pm.ParceledListSlice com.android.server.pm.PackageManagerService.getInstalledPackages(int, int),7]
08-27 09:50:15.106 23194 23325 I dvm_lock_sample: [com.heytap.quicksearchbox,0,initServerHost,30,DBUtil.java,3,java.util.Map okhttp3.httpdns.a.b.b(android.content.Context),SQLiteConnection.java,-2,long android.database.sqlite.SQLiteConnection.nativePrepareStatement(long, java.lang.String),6]
08-27 09:50:15.182  1201  1811 I commit_sys_config_file: [jobs,4]
08-27 09:50:15.285  1201  4314 I dvm_lock_sample: [system_server,1,Binder:1201_19,36,PackageManagerService.java,27338,void com.android.server.pm.PackageManagerService$PackageManagerInternalImpl.grantEphemeralAccess(int, android.content.Intent, int, int),-,8349,java.util.List com.android.server.pm.PackageManagerService.queryIntentActivitiesInternal(android.content.Intent, java.lang.String, int, int, int, boolean, boolean),7]
08-27 09:50:15.349  1201  3402 I dvm_lock_sample: [system_server,1,Binder:1201_14,33,ActivityManagerService.java,7190,java.lang.String com.android.server.am.ActivityManagerService.checkContentProviderAccess(java.lang.String, int),BroadcastQueue.java,1190,void com.android.server.am.BroadcastQueue.processNextBroadcast(boolean),6]
08-27 09:50:15.398  1201  1849 I am_proc_start: [0,23368,10053,com.heytap.quicksearchbox:privileged_process0,service,{com.heytap.quicksearchbox/org.chromium.content.app.PrivilegedProcessServiceNBrHeytapBrowser0}]
08-27 09:50:15.403  1201  1832 I am_pss  : [22061,1000,com.oppo.lfeh,5668864,3444736,126976,79708160,0,20,12]
08-27 09:50:15.452  1201  3353 I am_proc_bound: [0,23368,com.heytap.quicksearchbox:privileged_process0]
08-27 09:50:15.513  1201  1849 I am_proc_start: [0,23420,10053,com.heytap.quicksearchbox:remote,service,{com.heytap.quicksearchbox/com.amap.api.location.APSService}]
08-27 09:50:15.525 11171 11219 I dvm_lock_sample: [com.nearme.statistics.rom,0,Dcs-work-thread,22,BaseTableHelper.java,45,void com.nearme.statistics.rom.a.d.e.a(java.lang.String, android.content.ContentValues),SQLiteConnection.java,-2,void android.database.sqlite.SQLiteConnection.nativeFinalizeStatement(long, long),4]
08-27 09:50:15.555  1201  3230 I am_proc_bound: [0,23420,com.heytap.quicksearchbox:remote]
08-27 09:50:15.645  1201  3230 I am_kill : [0,21187,com.coloros.wirelesssettings,999,empty for 2242s]
08-27 09:50:15.717  1201  3893 I am_kill : [0,20082,com.coloros.oshare,999,empty for 1941s]
08-27 09:50:15.757  3158  3903 I service_manager_stats: [100,100,2092903]
08-27 09:50:15.791  1201  3296 I am_proc_died: [0,20082,com.coloros.oshare,999,20]
08-27 09:50:15.792  1201  3296 I am_uid_stopped: 10098
08-27 09:50:15.816  1201  3338 I am_proc_died: [0,21187,com.coloros.wirelesssettings,999,20]
08-27 09:50:16.445  1201  1832 I sysui_multi_action: [757,1717,758,1,759,0]
08-27 09:50:16.446  1201  1832 I sysui_multi_action: [757,1717,758,2,759,0]
08-27 09:50:16.447  1201  1832 I sysui_multi_action: [757,1717,758,3,759,0]
08-27 09:50:17.025  1201  3893 I am_uid_stopped: 10253
08-27 09:50:17.026  1201  3893 I am_kill : [0,22934,com.example.threaddemo,0,stop com.example.threaddemo]
08-27 09:50:17.028  1201  3893 I am_finish_activity: [0,13982080,69,com.example.threaddemo/.MainActivity,proc died without state saved]
08-27 09:50:17.047  1201  3893 I wm_task_removed: [69,removeAppToken: last token]
08-27 09:50:17.050  1201  3893 I am_remove_task: [69,42]
08-27 09:50:17.050  1201  3893 I wm_task_removed: [69,removeTask]
08-27 09:50:17.051  1201  3893 I am_focused_stack: [0,0,0,42,appDied leftTaskHistoryEmpty]
08-27 09:50:17.048  4195  4195 I auditd  : type=1400 audit(0.0:19281): avc: denied { search } for comm="work" name="ac" dev="sysfs" ino=71189 scontext=u:r:hypnusd:s0 tcontext=u:object_r:sysfs_battery_supply:s0 tclass=dir permissive=0
08-27 09:50:17.048  4195  4195 I auditd  : type=1400 audit(0.0:19282): avc: denied { search } for comm="work" name="usb" dev="sysfs" ino=71334 scontext=u:r:hypnusd:s0 tcontext=u:object_r:sysfs_usb_supply:s0 tclass=dir permissive=0
08-27 09:50:17.048  4195  4195 I auditd  : type=1400 audit(0.0:19283): avc: denied { search } for comm="work" name="pc_port" dev="sysfs" ino=71433 scontext=u:r:hypnusd:s0 tcontext=u:object_r:sysfs_usb_supply:s0 tclass=dir permissive=0
08-27 09:50:17.048  4195  4195 I auditd  : type=1400 audit(0.0:19284): avc: denied { search } for comm="work" name="battery" dev="sysfs" ino=71212 scontext=u:r:hypnusd:s0 tcontext=u:object_r:sysfs_battery_supply:s0 tclass=dir permissive=0
08-27 09:50:17.057  1201  3893 I wm_stack_removed: 42
08-27 09:50:17.063  1201  3893 I am_set_resumed_activity: [0,com.oppo.launcher/.Launcher,resumeTopActivityInnerLocked]
08-27 09:50:17.064  1201  3893 I am_resume_activity: [0,111013629,1,com.oppo.launcher/.Launcher]
08-27 09:50:17.067  1201  1813 I sysui_multi_action: [757,803,799,window_time_0,802,21]
08-27 09:50:17.068  1201  1201 I auditd  : type=1400 audit(0.0:19285): avc: denied { getattr } for comm="Binder:1201_7" path="/sys/kernel/debug/ion/system_stats" dev="debugfs" ino=2579 scontext=u:r:system_server:s0 tcontext=u:object_r:debugfs_ion:s0 tclass=file permissive=0
08-27 09:50:17.087  3211  3211 I am_on_restart_called: [0,com.oppo.launcher.Launcher,performRestartActivity]
08-27 09:50:17.117  3211  3211 I am_on_start_called: [0,com.oppo.launcher.Launcher,handleStartActivity]
08-27 09:50:17.118  3211  3211 I am_on_resume_called: [0,com.oppo.launcher.Launcher,RESUME_ACTIVITY]
08-27 09:50:17.118  3211  3211 I am_on_top_resumed_gained_called: [0,com.oppo.launcher.Launcher,topWhenResuming]
08-27 09:50:17.132  1201  1201 I notification_cancel_all: [1000,1201,com.example.threaddemo,0,0,0,10020,NULL]
08-27 09:50:17.153  1201  1201 I notification_cancel_all: [1000,1201,com.example.threaddemo,999,0,0,10020,NULL]
08-27 09:50:17.156  1201  1810 I dvm_lock_sample: [system_server,1,android.ui,130,ActivityManagerService.java,3750,void com.android.server.am.ActivityManagerService.dispatchUidsChanged(),-,4796,void com.android.server.am.ActivityManagerService.forceStopPackage(java.lang.String, int),26]
08-27 09:50:17.356  1201  1811 I commit_sys_config_file: [jobs,6]
08-27 09:50:17.862  1201  1832 I am_pss  : [22255,10229,com.sina.weibo,77541376,57241600,225280,181215232,0,11,18]
08-27 09:50:17.881  1201  1832 I am_pss  : [22233,10210,com.eg.android.AlipayGphone,99518464,96518144,61440,184205312,0,11,16]
08-27 09:50:18.188  1201  1201 I auditd  : type=1400 audit(0.0:19286): avc: denied { getattr } for comm="RPMHandler" path="/sys/kernel/debug/ion/system_stats" dev="debugfs" ino=2579 scontext=u:r:system_server:s0 tcontext=u:object_r:debugfs_ion:s0 tclass=file permissive=0
08-27 09:50:19.290  1201  1832 I am_pss  : [22362,10229,com.sina.weibo:remote,55821312,35590144,357376,154071040,0,11,17]
08-27 09:50:19.305  1201  1832 I am_pss  : [20654,10057,android.process.media,13063168,10067968,229376,104902656,0,11,12]
08-27 09:50:19.682  1201  4314 I wm_stack_created: 43
08-27 09:50:19.684  1201  4314 I wm_task_created: [70,43]
08-27 09:50:19.686  1201  4314 I wm_task_moved: [70,0,2147483647]
08-27 09:50:19.686  1201  4314 I am_focused_stack: [0,0,43,0,reuseOrNewTask]
08-27 09:50:19.686  1201  4314 I am_create_task: [0,70]
08-27 09:50:19.687  1201  4314 I am_create_activity: [0,203939684,70,com.example.threaddemo/.MainActivity,android.intent.action.MAIN,NULL,NULL,270532608]
08-27 09:50:19.687  1201  4314 I wm_task_moved: [70,0,2147483647]
08-27 09:50:19.689  1201  4314 I am_pause_activity: [0,111013629,com.oppo.launcher/.Launcher,userLeaving=true,pause-stack]
08-27 09:50:19.693  3211  3211 I am_on_top_resumed_lost_called: [0,com.oppo.launcher.Launcher,topStateChangedWhenResumed]
08-27 09:50:19.694  3211  3211 I am_on_paused_called: [0,com.oppo.launcher.Launcher,performPause]
08-27 09:50:19.706  1201  2358 I am_add_to_stopping: [0,111013629,com.oppo.launcher/.Launcher,makeInvisible]
08-27 09:50:19.722  1201  1813 I am_uid_running: 10253
08-27 09:50:19.723  1201  1813 I sysui_multi_action: [757,803,799,window_time_0,802,3]
08-27 09:50:19.770  1201  1849 I am_proc_start: [0,23661,10253,com.example.threaddemo,activity,{com.example.threaddemo/com.example.threaddemo.MainActivity}]
08-27 09:50:19.808  1201  3230 I am_proc_bound: [0,23661,com.example.threaddemo]
08-27 09:50:19.814  1201  3230 I am_restart_activity: [0,203939684,70,com.example.threaddemo/.MainActivity]
08-27 09:50:19.816  4195  4195 I auditd  : type=1400 audit(0.0:19287): avc: denied { search } for comm="work" name="ac" dev="sysfs" ino=71189 scontext=u:r:hypnusd:s0 tcontext=u:object_r:sysfs_battery_supply:s0 tclass=dir permissive=0
08-27 09:50:19.825  1201  3230 I am_set_resumed_activity: [0,com.example.threaddemo/.MainActivity,minimalResumeActivityLocked]
08-27 09:50:19.816  4195  4195 I auditd  : type=1400 audit(0.0:19288): avc: denied { search } for comm="work" name="usb" dev="sysfs" ino=71334 scontext=u:r:hypnusd:s0 tcontext=u:object_r:sysfs_usb_supply:s0 tclass=dir permissive=0
08-27 09:50:19.816  4195  4195 I auditd  : type=1400 audit(0.0:19289): avc: denied { search } for comm="work" name="pc_port" dev="sysfs" ino=71433 scontext=u:r:hypnusd:s0 tcontext=u:object_r:sysfs_usb_supply:s0 tclass=dir permissive=0
08-27 09:50:19.816  4195  4195 I auditd  : type=1400 audit(0.0:19290): avc: denied { search } for comm="work" name="battery" dev="sysfs" ino=71212 scontext=u:r:hypnusd:s0 tcontext=u:object_r:sysfs_battery_supply:s0 tclass=dir permissive=0
08-27 09:50:19.856  1201  1813 I am_uid_active: 10253
08-27 09:50:19.880  1201  4314 I dvm_lock_sample: [system_server,1,Binder:1201_19,14,ActivityManagerService.java,10708,java.util.List com.android.server.am.ActivityManagerService.getRunningAppProcesses(),ProcessRecord.java,1484,void com.android.server.am.ProcessRecord.setRunningRemoteAnimation(boolean),2]
08-27 09:50:20.090 23661 23661 I am_on_create_called: [0,com.example.threaddemo.MainActivity,performCreate]
08-27 09:50:20.093 23661 23661 I am_on_start_called: [0,com.example.threaddemo.MainActivity,handleStartActivity]
08-27 09:50:20.095 23661 23661 I am_on_resume_called: [0,com.example.threaddemo.MainActivity,RESUME_ACTIVITY]
08-27 09:50:20.131 23661 23661 I am_on_top_resumed_gained_called: [0,com.example.threaddemo.MainActivity,topStateChangedWhenResumed]
08-27 09:50:20.233  1201  1832 I sysui_multi_action: [319,158,321,54,322,553,325,73135,757,761,758,7,759,1,806,com.example.threaddemo,871,com.example.threaddemo.MainActivity,904,com.oppo.launcher,905,0,945,131,1320,12,1321,1]
08-27 09:50:20.237  1201  1832 I am_activity_launch_time: [0,203939684,com.example.threaddemo/.MainActivity,553]
08-27 09:50:20.298  1201  1813 I am_stop_activity: [0,111013629,com.oppo.launcher/.Launcher]
08-27 09:50:20.310  3211  3211 I force_gc: mem
08-27 09:50:20.310  3211  3211 I am_on_stop_called: [0,com.oppo.launcher.Launcher,STOP_ACTIVITY_ITEM]
08-27 09:50:22.261  1201  1832 I am_pss  : [22467,10049,com.android.permissioncontroller,13225984,10563584,0,99430400,0,6,16]
08-27 09:50:22.338  1201  1926 I commit_sys_config_file: [package-user-0,16]
08-27 09:50:23.065  1201  2510 I service_manager_stats: [100,90,21273]
08-27 09:50:24.160  4673  4673 I auditd  : type=1400 audit(0.0:19291): avc: denied { read } for comm="unknown" name="drivers" dev="proc" ino=4026531852 scontext=u:r:untrusted_app_27:s0:c512,c768 tcontext=u:object_r:proc_tty_drivers:s0 tclass=file permissive=0 app=com.xunmeng.pinduoduo
08-27 09:50:24.164  4673  4673 I auditd  : type=1400 audit(0.0:19292): avc: denied { read } for comm="unknown" name="tcp" dev="proc" ino=4026532282 scontext=u:r:untrusted_app_27:s0:c512,c768 tcontext=u:object_r:proc_net_tcp_udp:s0 tclass=file permissive=0 app=com.xunmeng.pinduoduo
08-27 09:50:24.892  1201  1201 I auditd  : type=1400 audit(0.0:19293): avc: denied { getattr } for comm="RPMHandler" path="/sys/kernel/debug/ion/system_stats" dev="debugfs" ino=2579 scontext=u:r:system_server:s0 tcontext=u:object_r:debugfs_ion:s0 tclass=file permissive=0
08-27 09:50:25.008  1201  1201 I auditd  : type=1400 audit(0.0:19294): avc: denied { getattr } for comm="RPMHandler" path="/sys/kernel/debug/ion/system_stats" dev="debugfs" ino=2579 scontext=u:r:system_server:s0 tcontext=u:object_r:debugfs_ion:s0 tclass=file permissive=0
08-27 09:50:27.576  3254  3254 I auditd  : type=1400 audit(0.0:19295): avc: denied { search } for comm="GuardElfCpu" name="22283" dev="proc" ino=1745429 scontext=u:r:system_app:s0 tcontext=u:r:su:s0 tclass=dir permissive=0
08-27 09:50:27.576  3254  3254 I auditd  : type=1400 audit(0.0:19296): avc: denied { read } for comm="GuardElfCpu" name="status" dev="proc" ino=1751448 scontext=u:r:system_app:s0 tcontext=u:r:kernel:s0 tclass=file permissive=0
08-27 09:50:27.576  3254  3254 I auditd  : type=1400 audit(0.0:19297): avc: denied { read } for comm="GuardElfCpu" name="status" dev="proc" ino=1751449 scontext=u:r:system_app:s0 tcontext=u:r:kernel:s0 tclass=file permissive=0
08-27 09:50:27.576  3254  3254 I auditd  : type=1400 audit(0.0:19298): avc: denied { read } for comm="GuardElfCpu" name="status" dev="proc" ino=1751450 scontext=u:r:system_app:s0 tcontext=u:r:kernel:s0 tclass=file permissive=0
08-27 09:50:27.576  3254  3254 I auditd  : type=1400 audit(0.0:19299): avc: denied { read } for comm="GuardElfCpu" name="status" dev="proc" ino=1751451 scontext=u:r:system_app:s0 tcontext=u:r:kernel:s0 tclass=file permissive=0
08-27 09:50:27.576  3254  3254 I auditd  : type=1400 audit(0.0:19300): avc: denied { read } for comm="GuardElfCpu" name="status" dev="proc" ino=1751452 scontext=u:r:system_app:s0 tcontext=u:r:kernel:s0 tclass=file permissive=0
08-27 09:50:30.444  1201  1832 I am_pss  : [23661,10253,com.example.threaddemo,63952896,54362112,0,160583680,0,2,15]
08-27 09:50:34.351  1201  1832 I am_pss  : [23002,10077,com.android.packageinstaller,9848832,7696384,0,94068736,0,20,15]
08-27 09:50:34.371  1201  1832 I am_pss  : [23150,1000,com.daemon.shelper,6758400,4849664,0,78897152,0,20,14]
08-27 09:50:34.388  1201  1832 I am_pss  : [23031,1000,com.coloros.uxdesign,8975360,6975488,0,82980864,0,20,12]
08-27 09:50:34.403  1201  1832 I am_pss  : [22971,10181,com.coloros.digitalwellbeing,11912192,9416704,0,94765056,0,20,11]
08-27 09:50:39.956  1201  1832 I am_pss  : [23420,10053,com.heytap.quicksearchbox:remote,12171264,7053312,0,92147712,0,20,15]
08-27 09:50:39.973  1201  1832 I am_pss  : [23368,10053,com.heytap.quicksearchbox:privileged_process0,12809216,7241728,0,93696000,0,20,12]
08-27 09:50:39.989  1201  1832 I am_pss  : [22862,1000,com.coloros.proton,9483264,6250496,0,101654528,0,11,12]
08-27 09:50:40.006  1201  1832 I am_pss  : [23250,10045,com.coloros.safesdkproxy:scan,13376512,9170944,0,104280064,0,20,13]
08-27 09:50:40.026  1201  1832 I am_pss  : [23227,10069,com.heytap.themestore,25896960,22392832,0,119238656,0,20,15]
08-27 09:50:40.049  1201  1832 I am_pss  : [23194,10053,com.heytap.quicksearchbox,56296448,48586752,0,151711744,0,20,18]
08-27 09:50:40.065  1201  1832 I am_pss  : [23101,10097,com.coloros.providers.fileinfo,6487040,4571136,0,86085632,0,20,12]
08-27 09:50:40.083  1201  1832 I am_pss  : [23090,10045,com.coloros.safesdkproxy,9976832,5935104,0,98623488,0,20,13]
08-27 09:50:40.100  1201  1832 I am_pss  : [22902,1000,com.coloros.phonemanager,19946496,16420864,0,113303552,0,20,13]
08-27 09:50:40.123  1201  1832 I am_pss  : [22255,10229,com.sina.weibo,77526016,57241600,225280,181215232,0,11,19]
08-27 09:50:40.141  1201  1832 I am_pss  : [22362,10229,com.sina.weibo:remote,55811072,35590144,357376,154071040,0,11,15]
08-27 09:50:40.166  1201  1832 I am_pss  : [22233,10210,com.eg.android.AlipayGphone,99548160,96579584,61440,184418304,0,11,20]
08-27 09:50:40.183  1201  1832 I am_pss  : [20654,10057,android.process.media,12989440,10100736,188416,104935424,0,11,13]
08-27 09:50:40.198  1201  1832 I am_pss  : [22061,1000,com.oppo.lfeh,5594112,3444736,126976,79708160,0,20,11]
08-27 09:50:54.033  1201  1847 I am_uid_idle: 10057
08-27 09:50:54.204  4673  4673 I auditd  : type=1400 audit(0.0:19301): avc: denied { read } for comm="unknown" name="drivers" dev="proc" ino=4026531852 scontext=u:r:untrusted_app_27:s0:c512,c768 tcontext=u:object_r:proc_tty_drivers:s0 tclass=file permissive=0 app=com.xunmeng.pinduoduo
08-27 09:50:54.204  4673  4673 I auditd  : type=1400 audit(0.0:19302): avc: denied { read } for comm="unknown" name="tcp" dev="proc" ino=4026532282 scontext=u:r:untrusted_app_27:s0:c512,c768 tcontext=u:object_r:proc_net_tcp_udp:s0 tclass=file permissive=0 app=com.xunmeng.pinduoduo
08-27 09:50:59.310  1201  1847 I am_uid_idle: 10085
08-27 09:51:00.021  6749  6782 I service_manager_slow: [10,isub]
08-27 09:51:00.479  1201  1832 I am_pss  : [23661,10253,com.example.threaddemo,75743232,65908736,0,173580288,0,2,16]
08-27 09:51:00.495  1201  1832 I am_pss  : [22467,10049,com.android.permissioncontroller,10211328,7565312,0,96362496,0,20,12]
08-27 09:51:00.510  1201  1832 I am_pss  : [23420,10053,com.heytap.quicksearchbox:remote,12171264,7053312,0,92147712,0,20,12]
08-27 09:51:00.527  1201  1832 I am_pss  : [23368,10053,com.heytap.quicksearchbox:privileged_process0,12784640,7217152,0,93671424,0,20,12]
08-27 09:51:00.546  1201  1832 I am_pss  : [22862,1000,com.coloros.proton,9483264,6250496,0,101654528,0,11,15]
08-27 09:51:00.562  1201  1832 I am_pss  : [23250,10045,com.coloros.safesdkproxy:scan,13376512,9170944,0,104280064,0,20,12]
08-27 09:51:00.579  1201  1832 I am_pss  : [10175,1000,com.heytap.openid,12866560,10858496,0,95186944,0,6,12]
08-27 09:51:00.595  1201  1832 I am_pss  : [23002,10077,com.android.packageinstaller,9849856,7696384,0,94068736,0,20,11]
08-27 09:51:00.617  1201  1832 I am_pss  : [23227,10069,com.heytap.themestore,25896960,22392832,0,119238656,0,20,15]
08-27 09:51:00.636  1201  1832 I am_pss  : [23194,10053,com.heytap.quicksearchbox,56337408,48627712,0,151752704,0,20,15]
08-27 09:51:00.651  1201  1832 I am_pss  : [23101,10097,com.coloros.providers.fileinfo,6487040,4571136,0,86085632,0,20,11]
08-27 09:51:00.668  1201  1832 I am_pss  : [23150,1000,com.daemon.shelper,6758400,4849664,0,78897152,0,20,11]
08-27 09:51:00.685  1201  1832 I am_pss  : [23090,10045,com.coloros.safesdkproxy,9976832,5935104,0,98623488,0,20,13]
08-27 09:51:00.700  1201  1832 I am_pss  : [23031,1000,com.coloros.uxdesign,8975360,6975488,0,82980864,0,20,11]
08-27 09:51:00.717  1201  1832 I am_pss  : [22902,1000,com.coloros.phonemanager,19946496,16420864,0,113303552,0,20,14]
08-27 09:51:00.732  1201  1832 I am_pss  : [22971,10181,com.coloros.digitalwellbeing,11912192,9416704,0,94765056,0,20,11]
08-27 09:51:00.749  1201  1832 I am_pss  : [22448,10189,com.coloros.gamespaceui,16651264,13746176,0,112123904,0,20,13]
08-27 09:51:00.764  1201  1832 I am_pss  : [22503,1000,com.coloros.gamespace,8864768,6049792,0,92401664,0,20,11]
08-27 09:51:01.376 11171 11320 I service_manager_stats: [100,52,3208881]
08-27 09:51:13.627  1201  1847 I am_uid_idle: 10189
08-27 09:51:15.352  1201  1832 I am_pss  : [21867,10124,com.oppo.camera,291001344,271806464,0,426192896,0,5,31]
08-27 09:51:24.244  4673  4673 I auditd  : type=1400 audit(0.0:19303): avc: denied { read } for comm="unknown" name="drivers" dev="proc" ino=4026531852 scontext=u:r:untrusted_app_27:s0:c512,c768 tcontext=u:object_r:proc_tty_drivers:s0 tclass=file permissive=0 app=com.xunmeng.pinduoduo
08-27 09:51:24.248  4673  4673 I auditd  : type=1400 audit(0.0:19304): avc: denied { read } for comm="unknown" name="tcp" dev="proc" ino=4026532282 scontext=u:r:untrusted_app_27:s0:c512,c768 tcontext=u:object_r:proc_net_tcp_udp:s0 tclass=file permissive=0 app=com.xunmeng.pinduoduo
08-27 09:51:25.032  1201  1201 I auditd  : type=1400 audit(0.0:19305): avc: denied { getattr } for comm="RPMHandler" path="/sys/kernel/debug/ion/system_stats" dev="debugfs" ino=2579 scontext=u:r:system_server:s0 tcontext=u:object_r:debugfs_ion:s0 tclass=file permissive=0
08-27 09:51:30.417  1201  1847 I am_uid_idle: 10049
08-27 09:51:32.248 18365 18365 I auditd  : type=1400 audit(0.0:19306): avc: denied { read } for comm="mars::24206" name="route" dev="proc" ino=4026532274 scontext=u:r:untrusted_app_27:s0:c248,c256,c512,c768 tcontext=u:object_r:proc_net:s0 tclass=file permissive=0 app=com.tencent.mm
08-27 09:51:32.633  1201  1832 I am_pss  : [22467,10049,com.android.permissioncontroller,10211328,7565312,0,96362496,0,20,16]
08-27 09:51:32.652  1201  1832 I am_pss  : [10175,1000,com.heytap.openid,12254208,10240000,0,94699520,0,6,13]
08-27 09:51:32.664  1201  2358 I service_manager_stats: [100,121,69599]
08-27 09:51:32.667  1201  1832 I am_pss  : [22448,10189,com.coloros.gamespaceui,16651264,13746176,0,112123904,0,20,12]
08-27 09:51:32.674  1201  2358 I netstats_mobile_sample: [0,0,0,0,0,0,0,0,0,0,0,0,1598493093045]
08-27 09:51:32.675  1201  2358 I netstats_wifi_sample: [711396910,575263,32868192,326567,711396910,575263,32868192,326567,709914051,573950,32849124,326244,1598493093045]
08-27 09:51:32.682  1201  1832 I am_pss  : [22503,1000,com.coloros.gamespace,8864768,6049792,0,92401664,0,20,11]
08-27 09:51:54.284  4673  4673 I auditd  : type=1400 audit(0.0:19307): avc: denied { read } for comm="unknown" name="drivers" dev="proc" ino=4026531852 scontext=u:r:untrusted_app_27:s0:c512,c768 tcontext=u:object_r:proc_tty_drivers:s0 tclass=file permissive=0 app=com.xunmeng.pinduoduo
08-27 09:51:54.288  4673  4673 I auditd  : type=1400 audit(0.0:19308): avc: denied { read } for comm="unknown" name="tcp" dev="proc" ino=4026532282 scontext=u:r:untrusted_app_27:s0:c512,c768 tcontext=u:object_r:proc_net_tcp_udp:s0 tclass=file permissive=0 app=com.xunmeng.pinduoduo
08-27 09:51:56.983  1201  3230 I netstats_mobile_sample: [0,0,0,0,0,0,0,0,0,0,0,0,1598493117354]
08-27 09:51:56.984  1201  3230 I netstats_wifi_sample: [711397339,575265,32868666,326570,711397339,575265,32868666,326570,709914569,573953,32849638,326248,1598493117354]
08-27 09:52:07.627  1201  1813 I configuration_changed: 536872064
08-27 09:52:07.789  1201  1813 I sysui_multi_action: [757,1659,758,4,759,2,1660,0]
08-27 09:52:07.790  1201  1813 I am_relaunch_resume_activity: [0,203939684,70,com.example.threaddemo/.MainActivity]
08-27 09:52:07.801 23661 23661 I am_on_top_resumed_lost_called: [0,com.example.threaddemo.MainActivity,pausing]
08-27 09:52:07.807 23661 23661 I am_on_paused_called: [0,com.example.threaddemo.MainActivity,performPause]
08-27 09:52:07.814  1201  1815 I dvm_lock_sample: [system_server,1,android.anim,190,WindowSurfacePlacer.java,61,void com.android.server.wm.WindowSurfacePlacer.lambda$new$0$WindowSurfacePlacer(),ActivityTaskManagerService.java,2224,android.app.ActivityManager$StackInfo com.android.server.wm.ActivityTaskManagerService.getFocusedStackInfo(),38]
08-27 09:52:07.820 23661 23661 I am_on_stop_called: [0,com.example.threaddemo.MainActivity,handleRelaunchActivity]
08-27 09:52:07.834 23661 23661 I am_on_destroy_called: [0,com.example.threaddemo.MainActivity,performDestroy]
08-27 09:52:07.961  1201  1857 I dvm_lock_sample: [system_server,1,BroadcastQueue,6,ActivityTaskManagerService.java,7599,com.android.server.wm.WindowProcessController com.android.server.wm.ActivityTaskManagerService$LocalService.getTopApp(),WindowManagerService.java,1456,int com.android.server.wm.WindowManagerService.addWindow(com.android.server.wm.Session, android.view.IWindow, int, android.view.WindowManager$LayoutParams, int, int, android.graphics.Rect, android.graphics.Rect, android.graphics.Rect, android.graphics.Rect, android.view.DisplayCutout$ParcelableWrapper, android.view.InputChannel, android.view.InsetsState),1]
08-27 09:52:08.020 23661 23661 I am_on_create_called: [0,com.example.threaddemo.MainActivity,performCreate]
08-27 09:52:08.032 23661 23661 I am_on_start_called: [0,com.example.threaddemo.MainActivity,handleStartActivity]
08-27 09:52:08.036 23661 23661 I am_on_resume_called: [0,com.example.threaddemo.MainActivity,RESUME_ACTIVITY]
08-27 09:52:08.038 23661 23661 I am_on_top_resumed_gained_called: [0,com.example.threaddemo.MainActivity,topWhenResuming]
08-27 09:52:08.179  1201  1201 I notification_enqueue: [10068,11149,com.android.systemui,10005,NULL,0,Notification(channel=GEN pri=2 contentView=null vibrate=null sound=null defaults=0x0 flags=0x22 color=0x00000000 vis=PRIVATE),1]
08-27 09:52:08.276  1201  1832 I am_pss  : [23661,10253,com.example.threaddemo,64297984,54386688,0,162603008,0,2,14]
08-27 09:52:08.307  1201  1201 I notification_enqueue: [10068,11149,com.android.systemui,10004,NULL,0,Notification(channel=GEN pri=0 contentView=null vibrate=null sound=null defaults=0x0 flags=0x22 color=0x00000000 vis=PRIVATE),1]
08-27 09:52:10.291  1201  1813 I configuration_changed: 536872064
08-27 09:52:10.370  1201  1813 I sysui_multi_action: [757,1659,758,4,759,1,1660,0]
08-27 09:52:10.373  1201  1813 I am_relaunch_resume_activity: [0,203939684,70,com.example.threaddemo/.MainActivity]
08-27 09:52:10.402 23661 23661 I am_on_top_resumed_lost_called: [0,com.example.threaddemo.MainActivity,pausing]
08-27 09:52:10.406 23661 23661 I am_on_paused_called: [0,com.example.threaddemo.MainActivity,performPause]
08-27 09:52:10.414 23661 23661 I am_on_stop_called: [0,com.example.threaddemo.MainActivity,handleRelaunchActivity]
08-27 09:52:10.418 23661 23661 I am_on_destroy_called: [0,com.example.threaddemo.MainActivity,performDestroy]
08-27 09:52:10.543  1201  1201 I notification_enqueue: [10068,11149,com.android.systemui,10005,NULL,0,Notification(channel=GEN pri=2 contentView=null vibrate=null sound=null defaults=0x0 flags=0x22 color=0x00000000 vis=PRIVATE),1]
08-27 09:52:10.563 23661 23661 I am_on_create_called: [0,com.example.threaddemo.MainActivity,performCreate]
08-27 09:52:10.574 23661 23661 I am_on_start_called: [0,com.example.threaddemo.MainActivity,handleStartActivity]
08-27 09:52:10.577 23661 23661 I am_on_resume_called: [0,com.example.threaddemo.MainActivity,RESUME_ACTIVITY]
08-27 09:52:10.579 23661 23661 I am_on_top_resumed_gained_called: [0,com.example.threaddemo.MainActivity,topWhenResuming]
08-27 09:52:10.593  1201  1201 I notification_enqueue: [10068,11149,com.android.systemui,10004,NULL,0,Notification(channel=GEN pri=0 contentView=null vibrate=null sound=null defaults=0x0 flags=0x22 color=0x00000000 vis=PRIVATE),1]
08-27 09:52:13.500 11149 11149 I sysui_multi_action: [757,803,799,panel_open,802,1]
08-27 09:52:13.506 11149 11149 I sysui_multi_action: [757,1328,758,4,826,295,827,5081,1326,81,1327,2,1329,0]
08-27 09:52:13.599  1201  1298 I sysui_multi_action: [757,127,758,1]
08-27 09:52:13.599  1201  1298 I sysui_multi_action: [757,804,799,note_load,801,5,802,1]
08-27 09:52:13.600  1201  1298 I notification_panel_revealed: 5
08-27 09:52:13.797  1201  2440 I commit_sys_config_file: [settings-2-0,10]
08-27 09:52:14.134  1201  3292 I sysui_multi_action: [757,128,758,1,793,13528569,794,0,795,13528569,796,400,798,0,806,com.heytap.market,857,App Download,858,4,947,0,1395,5,1500,13527868,1688,1,1745,2098068913]
08-27 09:52:14.134  1201  3292 I sysui_multi_action: [757,804,799,note_freshness,801,13528569,802,1]
08-27 09:52:14.134  1201  3292 I notification_visibility: [0|com.heytap.market|400|null|10079,1,13528569,13528569,0,0]
08-27 09:52:14.135  1201  3292 I sysui_multi_action: [757,128,758,1,793,20572600,794,0,795,20572600,796,10002,798,3,806,com.android.systemui,857,GEN,858,1,947,0,1395,5,1500,20572497,1641,sys,1688,1]
08-27 09:52:14.135  1201  3292 I sysui_multi_action: [757,804,799,note_freshness,801,20572600,802,1]
08-27 09:52:14.135  1201  3292 I notification_visibility: [0|com.android.systemui|10002|null|10068,1,20572600,20572600,0,3]
08-27 09:52:14.135  1201  3292 I sysui_multi_action: [757,128,758,1,793,137909,794,0,795,3543,796,10004,798,2,806,com.android.systemui,857,GEN,858,1,947,0,1395,5,1500,3543,1688,1]
08-27 09:52:14.136  1201  3292 I sysui_multi_action: [757,804,799,note_freshness,801,3543,802,1]
08-27 09:52:14.136  1201  3292 I notification_visibility: [0|com.android.systemui|10004|null|10068,1,137909,3543,0,2]
08-27 09:52:14.136  1201  3292 I sysui_multi_action: [757,128,758,1,793,138196,794,0,795,3594,796,10005,798,1,806,com.android.systemui,857,GEN,858,1,947,0,1395,5,1500,3594,1688,1]
08-27 09:52:14.136  1201  3292 I sysui_multi_action: [757,804,799,note_freshness,801,3594,802,1]
08-27 09:52:14.136  1201  3292 I notification_visibility: [0|com.android.systemui|10005|null|10068,1,138196,3594,0,1]
08-27 09:52:15.206 11149 11149 I sysui_multi_action: [757,111,758,1]
08-27 09:52:15.207 11149 11149 I sysui_multi_action: [757,126,758,1,759,126,927,0,928,1,1593,1]
08-27 09:52:15.207 11149 11149 I sysui_multi_action: [757,115,758,1,759,115,927,1,928,0,1593,1]
08-27 09:52:15.207 11149 11149 I sysui_multi_action: [757,119,758,1,759,119,927,2,928,0,1593,1]
08-27 09:52:15.207 11149 11149 I sysui_multi_action: [757,113,758,1,759,113,927,3,928,1,1593,1]
08-27 09:52:15.208 11149 11149 I sysui_multi_action: [757,119,758,1,759,119,927,4,928,0,1593,1]
08-27 09:52:15.208 11149 11149 I sysui_multi_action: [757,268,758,1,759,268,806,com.android.settings,871,com.coloros.settings.scenemode.SceneTileService,927,5,1593,1]
08-27 09:52:15.208 11149 11149 I sysui_multi_action: [757,112,758,1,759,112,927,6,928,0,1593,0]
08-27 09:52:15.208 11149 11149 I sysui_multi_action: [757,122,758,1,759,122,927,7,928,1,1593,0]
08-27 09:52:15.208 11149 11149 I sysui_multi_action: [757,123,758,1,759,123,927,8,928,1,1593,0]
08-27 09:52:15.208 11149 11149 I sysui_multi_action: [757,268,758,1,759,268,806,com.coloros.screenrecorder,871,com.coloros.screenrecorder.services.QuickPanelService,927,9,1593,0]
08-27 09:52:15.208 11149 11149 I sysui_multi_action: [757,268,758,1,759,268,806,com.android.settings,871,com.coloros.settings.feature.display.video.OsieTileService,927,10,1593,0]
08-27 09:52:15.209 11149 11149 I sysui_multi_action: [757,268,758,1,759,268,806,com.color.eyeprotect,871,com.color.darkmode.tile.DarkModeTileService,927,11,1593,0]
08-27 09:52:15.209 11149 11149 I sysui_multi_action: [757,268,758,1,759,268,806,com.color.eyeprotect,871,com.color.eyeprotect.services.ColorEyeProtectTileService,927,12,1593,0]
08-27 09:52:15.209 11149 11149 I sysui_multi_action: [757,119,758,1,759,119,927,13,928,1,1593,0]
08-27 09:52:15.209 11149 11149 I sysui_multi_action: [757,261,758,1,759,261,927,14,928,0,1593,0]
08-27 09:52:15.209 11149 11149 I sysui_multi_action: [757,120,758,1,759,120,927,15,928,0,1593,0]
08-27 09:52:15.209 11149 11149 I sysui_multi_action: [757,800,758,1,759,800,927,16,928,0,1593,0]
08-27 09:52:15.210 11149 11149 I sysui_multi_action: [757,268,758,1,759,268,806,com.coloros.oshare,871,com.coloros.oshare.OshareTileService,927,17,1593,0]
08-27 09:52:15.210 11149 11149 I sysui_multi_action: [757,118,758,1,759,118,927,18,928,0,1593,0]
08-27 09:52:15.210 11149 11149 I sysui_multi_action: [757,268,758,1,759,268,806,com.coloros.floatassistant,871,com.coloros.floatassistant.FloatAssistantTileService,927,19,1593,0]
08-27 09:52:15.210 11149 11149 I sysui_multi_action: [757,119,758,1,759,119,927,20,928,1,1593,0]
08-27 09:52:15.210 11149 11149 I sysui_multi_action: [757,111,758,1]
08-27 09:52:15.211 11149 11149 I sysui_multi_action: [757,126,758,1,759,126,927,0,928,1,1593,1]
08-27 09:52:15.211 11149 11149 I sysui_multi_action: [757,115,758,1,759,115,927,1,928,0,1593,1]
08-27 09:52:15.211 11149 11149 I sysui_multi_action: [757,119,758,1,759,119,927,2,928,0,1593,1]
08-27 09:52:15.211 11149 11149 I sysui_multi_action: [757,113,758,1,759,113,927,3,928,1,1593,1]
08-27 09:52:15.212 11149 11149 I sysui_multi_action: [757,119,758,1,759,119,927,4,928,0,1593,1]
08-27 09:52:15.212 11149 11149 I sysui_multi_action: [757,268,758,1,759,268,806,com.android.settings,871,com.coloros.settings.scenemode.SceneTileService,927,5,1593,1]
08-27 09:52:15.218  1201  4314 I am_uid_running: 10140
08-27 09:52:15.298  1201  3322 I am_uid_running: 10098
08-27 09:52:15.299 11149 11149 I sysui_multi_action: [757,194,758,4,826,191,827,1616]
08-27 09:52:15.301  1201  1849 I am_proc_start: [0,24268,10140,com.coloros.screenrecorder,service,{com.coloros.screenrecorder/com.coloros.screenrecorder.services.QuickPanelService}]
08-27 09:52:15.324  1201  3322 I am_proc_bound: [0,24268,com.coloros.screenrecorder]
08-27 09:52:15.336  1201  3322 I am_uid_active: 10140
08-27 09:52:15.343  1201  1849 I am_proc_start: [0,24290,10098,com.coloros.oshare,service,{com.coloros.oshare/com.coloros.oshare.OshareTileService}]
08-27 09:52:15.396  1201  1849 I am_proc_start: [0,24298,1000,com.coloros.floatassistant:float,service,{com.coloros.floatassistant/com.coloros.floatassistant.FloatAssistantTileService}]
08-27 09:52:15.428  1201  3322 I am_proc_bound: [0,24290,com.coloros.oshare]
08-27 09:52:15.441  1201  3322 I am_uid_active: 10098
08-27 09:52:15.473  1201  3366 I am_proc_bound: [0,24298,com.coloros.floatassistant:float]
08-27 09:52:15.733  1201  3366 I sysui_multi_action: [757,128,758,2,793,13530168,794,1599,795,13530168,796,400,798,0,806,com.heytap.market,857,App Download,858,4,947,0,1395,5,1500,13529467,1688,1,1745,2098068913]
08-27 09:52:15.733  1201  3366 I notification_visibility: [0|com.heytap.market|400|null|10079,0,13530168,13530168,0,0]
08-27 09:52:15.733  1201  3366 I sysui_multi_action: [757,128,758,2,793,20574198,794,1598,795,20574198,796,10002,798,3,806,com.android.systemui,857,GEN,858,1,947,0,1395,5,1500,20574095,1641,sys,1688,1]
08-27 09:52:15.733  1201  3366 I notification_visibility: [0|com.android.systemui|10002|null|10068,0,20574198,20574198,0,3]
08-27 09:52:15.733  1201  3366 I sysui_multi_action: [757,128,758,2,793,139507,794,1598,795,5141,796,10004,798,2,806,com.android.systemui,857,GEN,858,1,947,0,1395,5,1500,5141,1688,1]
08-27 09:52:15.733  1201  3366 I notification_visibility: [0|com.android.systemui|10004|null|10068,0,139507,5141,0,2]
08-27 09:52:15.733  1201  3366 I sysui_multi_action: [757,128,758,2,793,139793,794,1597,795,5191,796,10005,798,1,806,com.android.systemui,857,GEN,858,1,947,0,1395,5,1500,5191,1688,1]
08-27 09:52:15.733  1201  3366 I notification_visibility: [0|com.android.systemui|10005|null|10068,0,139793,5191,0,1]
08-27 09:52:17.740 11149 11149 I sysui_multi_action: [757,925,758,4,759,123,927,8,928,1,1592,0,1593,1]
08-27 09:52:17.962  1201  2440 I commit_sys_config_file: [settings-1-0,11]
08-27 09:52:18.448 11149 11149 I sysui_multi_action: [757,931,758,4,759,4,932,0,933,0]
08-27 09:52:18.448  1201 19345 I sysui_multi_action: [757,803,799,key_back_down,802,1]
08-27 09:52:18.477 11149 11149 I sysui_multi_action: [757,931,758,4,759,4,932,0,933,1]
08-27 09:52:18.479  1201  3594 I sysui_multi_action: [757,803,799,key_back_up,802,1]
08-27 09:52:18.504  1201  3594 I sysui_multi_action: [757,128,758,1,793,13532939,794,0,795,13532939,796,400,798,0,806,com.heytap.market,857,App Download,858,4,947,0,1395,5,1500,13532238,1688,1,1745,2098068913]
08-27 09:52:18.504  1201  3594 I sysui_multi_action: [757,804,799,note_freshness,801,13532939,802,1]
08-27 09:52:18.504  1201  3594 I notification_visibility: [0|com.heytap.market|400|null|10079,1,13532939,13532939,0,0]
08-27 09:52:18.897 11149 11149 I sysui_multi_action: [757,111,758,2]
08-27 09:52:18.897 11149 11149 I sysui_multi_action: [757,111,758,2]
