08-27 10:12:30.169  1201  1810 I dvm_lock_sample: [system_server,1,android.ui,74,ActivityManagerService.java,3750,void com.android.server.am.ActivityManagerService.dispatchUidsChanged(),-,6380,boolean com.android.server.am.ActivityManagerService.isAppBad(android.content.pm.ApplicationInfo),14]
08-27 10:12:30.170  1201  1813 I sysui_multi_action: [757,803,799,window_time_0,802,0]
08-27 10:12:30.179  1201  1849 I am_proc_start: [0,29011,10253,com.example.threaddemo,activity,{com.example.threaddemo/com.example.threaddemo.MainActivity}]
08-27 10:12:30.220  1201  1857 I dvm_lock_sample: [system_server,1,BroadcastQueue,38,BroadcastQueue.java,213,void com.android.server.am.BroadcastQueue$BroadcastHandler.handleMessage(android.os.Message),ActivityManagerService.java,3750,void com.android.server.am.ActivityManagerService.dispatchUidsChanged(),7]
08-27 10:12:30.221  1201  2502 I service_manager_stats: [100,94,10919]
08-27 10:12:30.243  1201  5465 I am_proc_bound: [0,29011,com.example.threaddemo]
08-27 10:12:30.268  1201  1832 I dvm_lock_sample: [system_server,1,android.bg,29,ActivityManagerService.java,16938,int com.android.server.am.ActivityManagerService.broadcastIntent(android.app.IApplicationThread, android.content.Intent, java.lang.String, android.content.IIntentReceiver, int, java.lang.String, android.os.Bundle, java.lang.String[], int, android.os.Bundle, boolean, boolean, int),-,18691,void com.android.server.am.ActivityManagerService.trimApplications(java.lang.String),5]
08-27 10:12:30.284  1201  3594 I dvm_lock_sample: [system_server,0,Binder:1201_15,27,ActivityManagerService.java,15254,void com.android.server.am.ActivityManagerService.serviceDoneExecuting(android.os.IBinder, int, int, int),-,6388,int com.android.server.am.ActivityManagerService.getUidState(int),5]
08-27 10:12:30.354  1201 13608 I dvm_lock_sample: [system_server,1,Binder:1201_1C,21,PackageManagerService.java,6570,int com.android.server.pm.PackageManagerService.checkUidPermission(java.lang.String, int),-,9655,android.content.pm.ParceledListSlice com.android.server.pm.PackageManagerService.getInstalledPackages(int, int),4]
08-27 10:12:30.438  1201  3594 I dvm_lock_sample: [system_server,1,Binder:1201_15,20,ActivityManagerService.java,6253,java.lang.String com.android.server.am.ActivityManagerService.getTagForIntentSender(android.content.IIntentSender, java.lang.String),-,18691,void com.android.server.am.ActivityManagerService.trimApplications(java.lang.String),4]
08-27 10:12:30.487  1201 10589 I dvm_lock_sample: [system_server,1,Binder:1201_1B,25,PackageManagerService.java,27536,void com.android.server.pm.PackageManagerService$PackageManagerInternalImpl.notifyPackageUse(java.lang.String, int),-,9655,android.content.pm.ParceledListSlice com.android.server.pm.PackageManagerService.getInstalledPackages(int, int),5]
08-27 10:12:30.494  1201  3359 I dvm_lock_sample: [system_server,1,Binder:1201_12,61,ActivityManagerService.java,7190,java.lang.String com.android.server.am.ActivityManagerService.checkContentProviderAccess(java.lang.String, int),-,15223,boolean com.android.server.am.ActivityManagerService.unbindService(android.app.IServiceConnection),12]
08-27 10:12:30.497  1201  2358 I dvm_lock_sample: [system_server,1,Binder:1201_3,53,ActivityManagerService.java,15047,android.content.ComponentName com.android.server.am.ActivityManagerService.startService(android.app.IApplicationThread, android.content.Intent, java.lang.String, boolean, java.lang.String, int),-,6380,boolean com.android.server.am.ActivityManagerService.isAppBad(android.content.pm.ApplicationInfo),10]
08-27 10:12:30.574  1201  3353 I dvm_lock_sample: [system_server,1,Binder:1201_10,71,ColorBroadcastManager.java,1283,void com.android.server.am.ColorBroadcastManager.finishNotOrderReceiver(android.os.IBinder, int, int, java.lang.String, android.os.Bundle, boolean),BroadcastQueue.java,1190,void com.android.server.am.BroadcastQueue.processNextBroadcast(boolean),14]
08-27 10:12:30.584  1201  3230 I dvm_lock_sample: [system_server,1,Binder:1201_7,66,ActivityManagerService.java,15097,boolean com.android.server.am.ActivityManagerService.stopServiceToken(android.content.ComponentName, android.os.IBinder, int),BroadcastQueue.java,1190,void com.android.server.am.BroadcastQueue.processNextBroadcast(boolean),13]
08-27 10:12:30.598  1201  3402 I dvm_lock_sample: [system_server,1,Binder:1201_14,34,ActivityManagerService.java,7190,java.lang.String com.android.server.am.ActivityManagerService.checkContentProviderAccess(java.lang.String, int),BroadcastQueue.java,1190,void com.android.server.am.BroadcastQueue.processNextBroadcast(boolean),6]
08-27 10:12:30.651  1201  5465 I dvm_lock_sample: [system_server,1,Binder:1201_1A,19,ActivityManagerService.java,6612,boolean com.android.server.am.ActivityManagerService.isAppStartModeDisabled(int, java.lang.String),BroadcastQueue.java,1190,void com.android.server.am.BroadcastQueue.processNextBroadcast(boolean),3]
08-27 10:12:30.727  1201  1857 I dvm_lock_sample: [system_server,1,BroadcastQueue,18,PackageManagerService.java,5059,boolean com.android.server.pm.PackageManagerService.isPackageAvailable(java.lang.String, int),-,9655,android.content.pm.ParceledListSlice com.android.server.pm.PackageManagerService.getInstalledPackages(int, int),3]
08-27 10:12:30.729  1201  3359 I dvm_lock_sample: [system_server,1,Binder:1201_12,28,ActivityManagerService.java,7190,java.lang.String com.android.server.am.ActivityManagerService.checkContentProviderAccess(java.lang.String, int),-,18691,void com.android.server.am.ActivityManagerService.trimApplications(java.lang.String),5]
08-27 10:12:30.746  1201  3322 I dvm_lock_sample: [system_server,0,Binder:1201_D,38,ActivityManagerService.java,15254,void com.android.server.am.ActivityManagerService.serviceDoneExecuting(android.os.IBinder, int, int, int),BroadcastQueue.java,1190,void com.android.server.am.BroadcastQueue.processNextBroadcast(boolean),7]
08-27 10:12:30.768  1201  1201 I dvm_lock_sample: [system_server,1,main,682,JobSchedulerService.java,1073,int com.android.server.job.JobSchedulerService.scheduleAsPackage(android.app.job.JobInfo, android.app.job.JobWorkItem, int, java.lang.String, int, java.lang.String),-,1265,boolean com.android.server.job.JobSchedulerService.cancelJob(int, int, int),100]
08-27 10:12:30.768 24630 24630 I binder_sample: [android.app.job.IJobScheduler,4,806,com.android.vending,100]
08-27 10:12:30.769  1201  1201 I notification_cancel_all: [1000,1201,com.example.threaddemo,0,0,0,5,NULL]
08-27 10:12:30.769  1201  1857 I dvm_lock_sample: [system_server,1,BroadcastQueue,7,BroadcastQueue.java,213,void com.android.server.am.BroadcastQueue$BroadcastHandler.handleMessage(android.os.Message),ActivityManagerService.java,15234,void com.android.server.am.ActivityManagerService.publishService(android.os.IBinder, android.content.Intent, android.os.IBinder),1]
08-27 10:12:30.770  1201  4324 I dvm_lock_sample: [system_server,0,backup-0,727,UserBackupManagerService.java,1046,void com.android.server.backup.UserBackupManagerService$1.run(),-,2004,void com.android.server.backup.UserBackupManagerService.scheduleNextFullBackupJob(long),100]
08-27 10:12:30.773  1201  1809 I dvm_lock_sample: [system_server,0,android.fg,590,BackgroundJobsController.java,239,void com.android.server.job.controllers.BackgroundJobsController$1.updateJobsForUid(int, boolean),JobSchedulerService.java,1265,boolean com.android.server.job.JobSchedulerService.cancelJob(int, int, int),100]
08-27 10:12:30.796  1201  1857 I dvm_lock_sample: [system_server,1,BroadcastQueue,20,BroadcastQueue.java,213,void com.android.server.am.BroadcastQueue$BroadcastHandler.handleMessage(android.os.Message),ActivityManagerService.java,15254,void com.android.server.am.ActivityManagerService.serviceDoneExecuting(android.os.IBinder, int, int, int),4]
08-27 10:12:30.858  1201  4314 I dvm_lock_sample: [system_server,1,Binder:1201_19,16,ActivityManagerService.java,6380,boolean com.android.server.am.ActivityManagerService.isAppBad(android.content.pm.ApplicationInfo),BroadcastQueue.java,1190,void com.android.server.am.BroadcastQueue.processNextBroadcast(boolean),3]
08-27 10:12:30.996  1201  4314 I dvm_lock_sample: [system_server,1,Binder:1201_19,32,ActivityManagerService.java,6380,boolean com.android.server.am.ActivityManagerService.isAppBad(android.content.pm.ApplicationInfo),-,15047,android.content.ComponentName com.android.server.am.ActivityManagerService.startService(android.app.IApplicationThread, android.content.Intent, java.lang.String, boolean, java.lang.String, int),6]
08-27 10:12:31.087  1201  1809 I dvm_lock_sample: [system_server,0,android.fg,314,BackgroundJobsController.java,239,void com.android.server.job.controllers.BackgroundJobsController$1.updateJobsForUid(int, boolean),JobSchedulerService.java,1073,int com.android.server.job.JobSchedulerService.scheduleAsPackage(android.app.job.JobInfo, android.app.job.JobWorkItem, int, java.lang.String, int, java.lang.String),62]
08-27 10:12:31.088  1201  1201 I dvm_lock_sample: [system_server,1,main,294,QuotaController.java,1864,void com.android.server.job.controllers.QuotaController$QcHandler.handleMessage(android.os.Message),JobSchedulerService.java,1073,int com.android.server.job.JobSchedulerService.scheduleAsPackage(android.app.job.JobInfo, android.app.job.JobWorkItem, int, java.lang.String, int, java.lang.String),58]
08-27 10:12:31.095  1201  3295 I dvm_lock_sample: [system_server,1,Binder:1201_A,292,JobSchedulerService.java,1073,int com.android.server.job.JobSchedulerService.scheduleAsPackage(android.app.job.JobInfo, android.app.job.JobWorkItem, int, java.lang.String, int, java.lang.String),-,1265,boolean com.android.server.job.JobSchedulerService.cancelJob(int, int, int),58]
08-27 10:12:31.287 12648 29078 I service_manager_stats: [200,193,14687067]
08-27 10:12:31.320  1201  1809 I am_uid_active: 10049
08-27 10:12:31.547  3158 11453 I service_manager_stats: [100,82,865866]
08-27 10:12:33.109  1201  1811 I commit_sys_config_file: [jobs,9]
08-27 10:12:36.597  1201  1926 I commit_sys_config_file: [package-user-0,32]
08-27 10:12:49.044  4673  4673 I auditd  : type=1400 audit(0.0:19495): avc: denied { read } for comm="unknown" name="drivers" dev="proc" ino=4026531852 scontext=u:r:untrusted_app_27:s0:c512,c768 tcontext=u:object_r:proc_tty_drivers:s0 tclass=file permissive=0 app=com.xunmeng.pinduoduo
08-27 10:12:49.048  4673  4673 I auditd  : type=1400 audit(0.0:19496): avc: denied { read } for comm="unknown" name="tcp" dev="proc" ino=4026532282 scontext=u:r:untrusted_app_27:s0:c512,c768 tcontext=u:object_r:proc_net_tcp_udp:s0 tclass=file permissive=0 app=com.xunmeng.pinduoduo
08-27 10:12:52.232  1201  1832 I am_pss  : [28979,1000,com.coloros.proton,9361408,6422528,1024,102883328,0,11,17]
08-27 10:12:52.262  1201  1832 I am_pss  : [29011,10253,com.example.threaddemo,13251584,11501568,7168,82714624,0,20,11]
08-27 10:13:16.121  3092  3197 I service_manager_stats: [100,159,250760]
08-27 10:13:19.084  4673  4673 I auditd  : type=1400 audit(0.0:19497): avc: denied { read } for comm="unknown" name="drivers" dev="proc" ino=4026531852 scontext=u:r:untrusted_app_27:s0:c512,c768 tcontext=u:object_r:proc_tty_drivers:s0 tclass=file permissive=0 app=com.xunmeng.pinduoduo
08-27 10:13:19.088  4673  4673 I auditd  : type=1400 audit(0.0:19498): avc: denied { read } for comm="unknown" name="tcp" dev="proc" ino=4026532282 scontext=u:r:untrusted_app_27:s0:c512,c768 tcontext=u:object_r:proc_net_tcp_udp:s0 tclass=file permissive=0 app=com.xunmeng.pinduoduo
08-27 10:13:22.379  1201  1832 I am_pss  : [28979,1000,com.coloros.proton,9361408,6422528,1024,102883328,0,11,15]
08-27 10:13:22.398  1201  1832 I am_pss  : [29011,10253,com.example.threaddemo,13251584,11501568,7168,82714624,0,20,13]
08-27 10:13:22.417  1201  1832 I am_pss  : [24681,10162,com.google.process.gservices,9691136,6844416,483328,102232064,0,20,13]
08-27 10:13:26.496  1201  1201 I auditd  : type=1400 audit(0.0:19499): avc: denied { getattr } for comm="RPMHandler" path="/sys/kernel/debug/ion/system_stats" dev="debugfs" ino=2579 scontext=u:r:system_server:s0 tcontext=u:object_r:debugfs_ion:s0 tclass=file permissive=0
08-27 10:13:26.641  1201  2510 I service_manager_stats: [100,139,56420]
08-27 10:13:31.138  1201  1847 I am_uid_idle: 10189
08-27 10:13:47.491  1201  1847 I am_uid_idle: 10049
08-27 10:13:49.132  4673  4673 I auditd  : type=1400 audit(0.0:19500): avc: denied { read } for comm="unknown" name="drivers" dev="proc" ino=4026531852 scontext=u:r:untrusted_app_27:s0:c512,c768 tcontext=u:object_r:proc_tty_drivers:s0 tclass=file permissive=0 app=com.xunmeng.pinduoduo
08-27 10:13:49.136  4673  4673 I auditd  : type=1400 audit(0.0:19501): avc: denied { read } for comm="unknown" name="tcp" dev="proc" ino=4026532282 scontext=u:r:untrusted_app_27:s0:c512,c768 tcontext=u:object_r:proc_net_tcp_udp:s0 tclass=file permissive=0 app=com.xunmeng.pinduoduo
08-27 10:13:58.643  1201  2450 I dvm_lock_sample: [system_server,1,AlarmManager,10,BroadcastDispatcher.java,177,void com.android.server.am.BroadcastDispatcher$1.broadcastAlarmPending(int),BroadcastQueue.java,1190,void com.android.server.am.BroadcastQueue.processNextBroadcast(boolean),2]
08-27 10:13:58.724  1201  1857 I dvm_lock_sample: [system_server,1,BroadcastQueue,30,BroadcastQueue.java,1190,void com.android.server.am.BroadcastQueue.processNextBroadcast(boolean),ActivityManagerService.java,17044,void com.android.server.am.ActivityManagerService.finishReceiver(android.os.IBinder, int, java.lang.String, android.os.Bundle, boolean, int),6]
08-27 10:13:58.736  1201  1201 I dvm_lock_sample: [system_server,1,main,5,ActivityManagerService.java,6380,boolean com.android.server.am.ActivityManagerService.isAppBad(android.content.pm.ApplicationInfo),-,15047,android.content.ComponentName com.android.server.am.ActivityManagerService.startService(android.app.IApplicationThread, android.content.Intent, java.lang.String, boolean, java.lang.String, int),1]
08-27 10:13:58.753  1201  1201 I dvm_lock_sample: [system_server,1,main,16,ActivityManagerService.java,6380,boolean com.android.server.am.ActivityManagerService.isAppBad(android.content.pm.ApplicationInfo),-,17044,void com.android.server.am.ActivityManagerService.finishReceiver(android.os.IBinder, int, java.lang.String, android.os.Bundle, boolean, int),3]
08-27 10:13:58.826  1201 13608 I am_uid_active: 10085
08-27 10:13:58.828  1201  1810 I dvm_lock_sample: [system_server,1,android.ui,12,ActivityManagerService.java,3750,void com.android.server.am.ActivityManagerService.dispatchUidsChanged(),-,15223,boolean com.android.server.am.ActivityManagerService.unbindService(android.app.IServiceConnection),2]
08-27 10:13:58.844  1201  3234 I dvm_lock_sample: [system_server,1,Binder:1201_8,6,ActivityManagerService.java,15752,void com.android.server.am.ActivityManagerService.unregisterReceiver(android.content.IIntentReceiver),-,15254,void com.android.server.am.ActivityManagerService.serviceDoneExecuting(android.os.IBinder, int, int, int),1]
08-27 10:14:00.841  1201  1811 I commit_sys_config_file: [jobs,19]
08-27 10:14:19.184  4673  4673 I auditd  : type=1400 audit(0.0:19502): avc: denied { read } for comm="unknown" name="drivers" dev="proc" ino=4026531852 scontext=u:r:untrusted_app_27:s0:c512,c768 tcontext=u:object_r:proc_tty_drivers:s0 tclass=file permissive=0 app=com.xunmeng.pinduoduo
08-27 10:14:19.184  4673  4673 I auditd  : type=1400 audit(0.0:19503): avc: denied { read } for comm="unknown" name="tcp" dev="proc" ino=4026532282 scontext=u:r:untrusted_app_27:s0:c512,c768 tcontext=u:object_r:proc_net_tcp_udp:s0 tclass=file permissive=0 app=com.xunmeng.pinduoduo
08-27 10:14:26.520  1201  1201 I auditd  : type=1400 audit(0.0:19504): avc: denied { getattr } for comm="RPMHandler" path="/sys/kernel/debug/ion/system_stats" dev="debugfs" ino=2579 scontext=u:r:system_server:s0 tcontext=u:object_r:debugfs_ion:s0 tclass=file permissive=0
--------- beginning of main
08-27 10:14:32.105  1201  1289 I system_server: Background young concurrent copying GC freed 499673(22MB) AllocSpace objects, 28(784KB) LOS objects, 35% free, 44MB/68MB, paused 355us total 100.657ms
--------- beginning of system
08-27 10:14:32.118  1201  1811 I DropBoxManagerService: add tag=system_server_strictmode isTagEnabled=true flags=0x2
08-27 10:14:32.171  1201  1811 D DropBoxManagerService: file :: /data/system/dropbox/system_server_strictmode@1598494472140.txt
08-27 10:14:34.153  1201  1857 W BroadcastQueue: Background execution not allowed: receiving Intent { act=android.intent.action.DROPBOX_ENTRY_ADDED flg=0x10 (has extras) } to com.google.android.gms/.stats.service.DropBoxEntryAddedReceiver
08-27 10:14:34.154  1201  1857 W BroadcastQueue: Background execution not allowed: receiving Intent { act=android.intent.action.DROPBOX_ENTRY_ADDED flg=0x10 (has extras) } to com.google.android.gms/.chimera.GmsIntentOperationService$PersistentTrustedReceiver
08-27 10:14:34.196  1005  1005 I /vendor/bin/hw/vendor.qti.hardware.servicetracker@1.1-service: startService() is called for servicecom.google.android.gms/.chimera.GmsIntentOperationService
08-27 10:14:34.214  1005  1005 I /vendor/bin/hw/vendor.qti.hardware.servicetracker@1.1-service: startService() is called for servicecom.google.android.gms/.chimera.PersistentIntentOperationService
08-27 10:14:34.229  1005  1005 I /vendor/bin/hw/vendor.qti.hardware.servicetracker@1.1-service: startService() is called for servicecom.google.android.gms/.stats.service.DropBoxEntryAddedService
08-27 10:14:34.247  1005  1005 I /vendor/bin/hw/vendor.qti.hardware.servicetracker@1.1-service: bindService is called for service : com.google.android.gms/.chimera.PersistentDirectBootAwareApiService and for client com.google.android.gms
08-27 10:14:34.248  1005  1005 I /vendor/bin/hw/vendor.qti.hardware.servicetracker@1.1-service: total connections for service : com.google.android.gms/.chimera.PersistentDirectBootAwareApiServiceare :1
08-27 10:14:34.248  1005  1005 I /vendor/bin/hw/vendor.qti.hardware.servicetracker@1.1-service: total connections for client : com.google.android.gmsare :1
08-27 10:14:34.256  1005  1005 I /vendor/bin/hw/vendor.qti.hardware.servicetracker@1.1-service: startService() is called for servicecom.google.android.gms/.chimera.PersistentDirectBootAwareApiService
08-27 10:14:34.266  1005  1005 I /vendor/bin/hw/vendor.qti.hardware.servicetracker@1.1-service: bindService is called for service : com.google.android.gms/.chimera.PersistentDirectBootAwareApiService and for client com.google.android.gms
08-27 10:14:34.266  1005  1005 I /vendor/bin/hw/vendor.qti.hardware.servicetracker@1.1-service: total connections for service : com.google.android.gms/.chimera.PersistentDirectBootAwareApiServiceare :1
08-27 10:14:34.266  1005  1005 I /vendor/bin/hw/vendor.qti.hardware.servicetracker@1.1-service: total connections for client : com.google.android.gmsare :1
08-27 10:14:34.280  4102  5275 E Parcel  : Reading a NULL string not supported here.
08-27 10:14:34.285  4102  5275 E Parcel  : Reading a NULL string not supported here.
08-27 10:14:34.292  1005  1005 I /vendor/bin/hw/vendor.qti.hardware.servicetracker@1.1-service: destroyService is called for service : com.google.android.gms/.stats.service.DropBoxEntryAddedService
08-27 10:14:34.415   795   795 I netd    : trafficSwapActiveStatsMap() <1.65ms>
08-27 10:14:34.428   795   795 I netd    : tetherGetStats() <7.24ms>
08-27 10:14:34.887  3211  3211 D ColorViewRootUtil: nav bar mode ignore false downX 189 downY 1429 mScreenHeight 2400 mScreenWidth 1080 mStatusBarHeight 54 globalScale 1.125 nav mode 0 rotation 0 event MotionEvent { action=ACTION_DOWN, actionButton=0, id[0]=0, x[0]=189.0, y[0]=1429.0, toolType[0]=TOOL_TYPE_FINGER, buttonState=0, classification=NONE, metaState=0, flags=0x0, edgeFlags=0x0, pointerCount=1, historySize=0, eventTime=74590684, downTime=74590684, deviceId=3, source=0x1002, displayId=0 }
08-27 10:14:34.942  1201  2472 E InputReader: isBtnTouch is true need to clear slots
08-27 10:14:34.953  3211  3211 D Launcher.ItemClickHandler: onClick, tag = WorkspaceItemInfo(@c3e3c33id=148 type=APP container=desktop screen=4 cell(0,4) span(1,1) minSpan(1,1) rank=0 user=UserHandle{0} title=threadDemo installStateType=-1 installSource=null component=ComponentInfo{com.example.threaddemo/com.example.threaddemo.MainActivity}, update=false, limit=false, runtime=110000000, status=0 intent=Intent { act=android.intent.action.MAIN cat=[android.intent.category.LAUNCHER] flg=0x10200000 cmp=com.example.threaddemo/.MainActivity })
08-27 10:14:34.954  3211  3339 D Launcher.FloatingIconView: getIconResult: supportsAdaptiveIcons: false, info: WorkspaceItemInfo(@c3e3c33id=148 type=APP container=desktop screen=4 cell(0,4) span(1,1) minSpan(1,1) rank=0 user=UserHandle{0} title=threadDemo installStateType=-1 installSource=null component=ComponentInfo{com.example.threaddemo/com.example.threaddemo.MainActivity}, update=false, limit=false, runtime=110000000, status=0 intent=Intent { act=android.intent.action.MAIN cat=[android.intent.category.LAUNCHER] flg=0x10200000 cmp=com.example.threaddemo/.MainActivity }), isFancyIcon: false, isFolderIcon: false
08-27 10:14:34.955  3211  3211 D Launcher.BaseDraggingActivity: startActivitySafely -- user: UserHandle{0}, isStartDeepProtectedApp = false
08-27 10:14:34.957  1201 13608 D UIFirstUtils: setUxThread:1201 to 1
08-27 10:14:34.958  1201 13608 D CMAService: correctUserId2 userId=0
08-27 10:14:34.960  1201 13608 I ActivityTaskManager: START u0 {act=android.intent.action.MAIN cat=[android.intent.category.LAUNCHER] flg=0x10200000 cmp=com.example.threaddemo/.MainActivity bnds=[48,1324][294,1623] mCallingUid=10083} from uid 10083 and from pid 3211
08-27 10:14:34.964  1201 13608 D UIFirstUtils: onAppStatusChanged :0 for pid29011
08-27 10:14:34.964  1201 13608 D UIFirstUtils: acquireLaunchBoost
08-27 10:14:34.964  1201  2925 D UIFirstUtils: handleAppStatusChanged --->0 for pid 29011
08-27 10:14:34.965  1201 13608 V SensorManager: setScreenShotDisableImpl
08-27 10:14:34.965  1201 13608 D SensorService: debug_oppoGeminiProximity setScreenShotDisable in SensorService
08-27 10:14:34.965  1201 13608 I wm_stack_created: 49
08-27 10:14:34.967  1201 13608 I OppoActivityStack: create OppoActivityStack
08-27 10:14:34.967  1201 13608 I wm_task_created: [76,49]
08-27 10:14:34.968  1201 13608 I wm_task_moved: [76,0,2147483647]
08-27 10:14:34.968  1201 13608 I am_focused_stack: [0,0,49,0,reuseOrNewTask]
08-27 10:14:34.968  1201 13608 I am_create_task: [0,76]
08-27 10:14:34.968  1201 13608 I am_create_activity: [0,31867901,76,com.example.threaddemo/.MainActivity,android.intent.action.MAIN,NULL,NULL,270532608]
08-27 10:14:34.969  1201 13608 I wm_task_moved: [76,0,2147483647]
08-27 10:14:34.970  1201 13608 V ColorZoomWindowManagerService: windowMode: 0=stack=ActivityStack{b4905c0 stackId=49 type=standard mode=fullscreen visible=true translucent=true, 1 tasks}
08-27 10:14:34.970  1201 13608 D ActivityTrigger: ActivityTrigger activityPauseTrigger 
08-27 10:14:34.970  1201 13608 I am_pause_activity: [0,111013629,com.oppo.launcher/.Launcher,userLeaving=true,pause-stack]
08-27 10:14:34.972  1201 13608 D DisplayManagerService: Display 0 requestedMode: 2
08-27 10:14:34.973  1201 13608 D UIFirstUtils: setUxThread:1201 to 0
08-27 10:14:34.974  3211  3211 D Launcher.Launcher: startActivitySafely -- success = true
08-27 10:14:34.974  3211  3211 D Launcher.LauncherStatistics: onEvent. event:open_app info:{has_badge=no, packageName=com.example.threaddemo}
08-27 10:14:34.974  3211  3211 I am_on_top_resumed_lost_called: [0,com.oppo.launcher.Launcher,topStateChangedWhenResumed]
08-27 10:14:34.975  3211  3211 D Launcher.OLauncher: onPause, loadingfalse
08-27 10:14:34.975  3211  3211 D Launcher.GuidePageManager: onPause!
08-27 10:14:34.975  3211  3211 D Launcher.DeepProtectedAppsManager: onPause: Close protected apps virtual folder if needed.
08-27 10:14:34.975  3211  3211 D Launcher.DeepProtectedAppsManager: closeHiddenAppsFolder: false
08-27 10:14:34.975  3211  3211 D LauncherLifecycleObserver-onPause: End [cost]: 0
08-27 10:14:34.975  3211  3211 D Launcher.DragController: endDrag -- isDragging = false
08-27 10:14:34.975  3211  3211 D Launcher.LauncherClient: LauncherCallbacksImp.onPause, mOverlay:true, mClient:true, assistShowing:false
08-27 10:14:34.975  3211  3211 I Launcher.LauncherClient: LauncherClient.onPause, mDestroyed:false, mAssistScreenShowing:false, overlay connected:true, layoutParams:false
08-27 10:14:34.975  3211  3211 D LauncherCallbacksImp-onPause: End [cost]: 0
08-27 10:14:34.975  3211  3211 D OLauncher-onPause: End [cost]: 0
08-27 10:14:34.975  3211  3211 I am_on_paused_called: [0,com.oppo.launcher.Launcher,performPause]
08-27 10:14:34.976 18028 18028 I AstScreen.AssistantWindowService: message what = 9
08-27 10:14:34.976  1201  3295 D UIFirstUtils: setUxThread:1201 to 1
08-27 10:14:34.976  3211 15169 D Launcher.OLauncher: updateFancyIcons: op: 2
08-27 10:14:34.972  1201 13608 D DisplayManagerService: Display 0 requestedMode: 2
08-27 10:14:34.977  1201  1813 D BatteryStatsImpl: noteActivityPausedLocked  pkg:com.oppo.launcher
08-27 10:14:34.980  1201  3295 V SensorManager: setScreenShotDisableImpl
08-27 10:14:34.980  1201  3295 D SensorService: debug_oppoGeminiProximity setScreenShotDisable in SensorService
08-27 10:14:34.980  1201  3295 I ActivityTaskManager: The Process com.example.threaddemo Already Exists in BG. So sending its PID: 29011
08-27 10:14:34.980  1201  3295 D ActivityTaskManager: ensureActivitiesVisible displayNdx:0
08-27 10:14:34.981  1201  3295 I am_add_to_stopping: [0,111013629,com.oppo.launcher/.Launcher,makeInvisible]
08-27 10:14:34.981  1201  3295 D DEBUG_VISIBILITY: mOccluded:false lastOccluded:false
08-27 10:14:34.981  1201  3295 D ActivityTaskManager: ensureActivitiesVisible displayNdx:0
08-27 10:14:34.982  1201  3295 D DEBUG_VISIBILITY: mOccluded:false lastOccluded:false
08-27 10:14:34.982  1201  3295 I am_restart_activity: [0,31867901,76,com.example.threaddemo/.MainActivity]
08-27 10:14:34.983 29011 29011 W ActivityThread: handleWindowVisibility: no activity for token android.os.BinderProxy@d20f108
08-27 10:14:34.984  1201  3295 I ColorZoomWindowManagerService: topResumedActivityChanged start r = ActivityRecord{1e643fd u0 com.example.threaddemo/.MainActivity t76}
08-27 10:14:34.984  1201  3295 I ColorZoomWindowManagerService: WINDOWING_MODE_FULLSCREEN : will notifyZoomWindowHide
08-27 10:14:34.985  1201  3295 I ColorZoomWindowDebugConfig: disableDebugLifeCycle before: DEBUG_LIFE_CYCLE = false
08-27 10:14:34.985  1201  3295 I ColorZoomWindowDebugConfig: disableDebugLifeCycle after: DEBUG_LIFE_CYCLE = false
08-27 10:14:34.985  1201  3295 W ColorAccessControlManagerService: notifyZoomWindowExit: stack=ActivityStack{b4905c0 stackId=49 type=standard mode=fullscreen visible=true translucent=false, 1 tasks}  windowMode=1  topActivity=ActivityRecord{1e643fd u0 com.example.threaddemo/.MainActivity t76}  toFullScreen = true
08-27 10:14:34.985  1201  3295 V ColorZoomWindowManagerService: notifyZoomWindowHide: 
08-27 10:14:34.980  4195  4195 I auditd  : type=1400 audit(0.0:19505): avc: denied { search } for comm="work" name="ac" dev="sysfs" ino=71189 scontext=u:r:hypnusd:s0 tcontext=u:object_r:sysfs_battery_supply:s0 tclass=dir permissive=0
08-27 10:14:34.980  4195  4195 W work    : type=1400 audit(0.0:19505): avc: denied { search } for name="ac" dev="sysfs" ino=71189 scontext=u:r:hypnusd:s0 tcontext=u:object_r:sysfs_battery_supply:s0 tclass=dir permissive=0
08-27 10:14:34.985  1201  3295 V ColorZoomWindowManagerService: notifyZoomWindowHide: 
08-27 10:14:34.985  1201  3295 I ColorZoomWindowManagerService: topResumedActivityChanged end
08-27 10:14:34.985  3254 27555 D ZoomAppController: ZoomAppPresenter onZoomWindowHide, info = ColorZoomWindowInfo = {  pName =  rotation = 0 shown = false lockPkg = null zoomRect = Rect(108, 432 - 972, 1968) lockUserId = 0 zoomUserId = 0 inputShow = false cpnName = null lastExitMethod = -1 inputMethodType = 0 extension = Bundle[EMPTY_PARCEL]}
08-27 10:14:34.986  1201  1201 D AutomaticBrightnessController: onTargetBrightnessChanged mAIBrightness=277
08-27 10:14:34.986  1201  3295 I service_manager_stats: [100,134,68345]
08-27 10:14:34.986 13283 13304 D ZoomAppController: controlview delete 
08-27 10:14:34.987 11149 16284 D KeyguardService: requestKeyguard FocusedAppChanged
08-27 10:14:34.980  4195  4195 I auditd  : type=1400 audit(0.0:19506): avc: denied { search } for comm="work" name="usb" dev="sysfs" ino=71334 scontext=u:r:hypnusd:s0 tcontext=u:object_r:sysfs_usb_supply:s0 tclass=dir permissive=0
08-27 10:14:34.987  1201  3295 V WindowManager: Changing focus from Window{7e99550 u0 com.oppo.launcher/com.oppo.launcher.Launcher} to null
08-27 10:14:34.980  4195  4195 W work    : type=1400 audit(0.0:19506): avc: denied { search } for name="usb" dev="sysfs" ino=71334 scontext=u:r:hypnusd:s0 tcontext=u:object_r:sysfs_usb_supply:s0 tclass=dir permissive=0
08-27 10:14:34.988  1201  3295 D Theia.NoFocusWindow: FocusWindowErrorScene CheckFreezeScreen
08-27 10:14:34.988  1201  3295 W WindowManager: CHECK_FOCUS_WINDOW_ERROR_MSG start check
08-27 10:14:34.988  1201  3295 I am_set_resumed_activity: [0,com.example.threaddemo/.MainActivity,minimalResumeActivityLocked]
08-27 10:14:34.989  1201  3295 D ActivityTaskManager: ensureActivitiesVisible displayNdx:0
08-27 10:14:34.980  4195  4195 I auditd  : type=1400 audit(0.0:19507): avc: denied { search } for comm="work" name="pc_port" dev="sysfs" ino=71433 scontext=u:r:hypnusd:s0 tcontext=u:object_r:sysfs_usb_supply:s0 tclass=dir permissive=0
08-27 10:14:34.980  4195  4195 W work    : type=1400 audit(0.0:19507): avc: denied { search } for name="pc_port" dev="sysfs" ino=71433 scontext=u:r:hypnusd:s0 tcontext=u:object_r:sysfs_usb_supply:s0 tclass=dir permissive=0
08-27 10:14:34.980  4195  4195 I auditd  : type=1400 audit(0.0:19508): avc: denied { search } for comm="work" name="battery" dev="sysfs" ino=71212 scontext=u:r:hypnusd:s0 tcontext=u:object_r:sysfs_battery_supply:s0 tclass=dir permissive=0
08-27 10:14:34.980  4195  4195 W work    : type=1400 audit(0.0:19508): avc: denied { search } for name="battery" dev="sysfs" ino=71212 scontext=u:r:hypnusd:s0 tcontext=u:object_r:sysfs_battery_supply:s0 tclass=dir permissive=0
08-27 10:14:34.989  1201  3295 D DEBUG_VISIBILITY: mOccluded:false lastOccluded:false
08-27 10:14:34.993  1201  3295 D ActivityTaskManager: ensureActivitiesVisible displayNdx:0
08-27 10:14:34.993  1201  3295 D DEBUG_VISIBILITY: mOccluded:false lastOccluded:false
08-27 10:14:34.994  1201  3295 D DisplayManagerService: Display 0 requestedMode: 2
08-27 10:14:34.994 11171 11219 I DCS-BackgroundAppData: sendAppBgEvent: has no pkgName=com.example.threaddemo
08-27 10:14:34.995  1201  3295 D UIFirstUtils: setUxThread:1201 to 0
08-27 10:14:34.994  1201  3295 D DisplayManagerService: Display 0 requestedMode: 2
08-27 10:14:34.995  1201  1815 D OppoPhoneWindowManager: handleStartingWindow spend time =: 0
08-27 10:14:34.996  1201  3892 E OppoThermalStats: Error getting package info: com.example.threaddemo
08-27 10:14:34.999  1201  3329 I ColorResourcePreloadManager: resume pkg: com.example.threaddemo, uid:10253, prev pkg: com.oppo.launcher, prev uid: 10083
08-27 10:14:34.999  1201  1813 D OppoOomAjusterHelper: TOP_APP is ProcessRecord{49aa2cd 29011:com.example.threaddemo/u0a253} uid is 10253
08-27 10:14:35.004  1201  1813 D UIFirstUtils: setUxThread:29011@29011 to true
08-27 10:14:35.009  1201  1815 D ColorViewRootUtil: initSwipState, isDisplayCompatApp false
08-27 10:14:35.013  1201  1813 I am_uid_active: 10253
08-27 10:14:35.014  1201  1815 D ColorViewRootUtil: mScreenHeight 2400, mScreenWidth 1080
08-27 10:14:35.015  1201  1815 D WindowManager: Add to mViews: DecorView@5e5d9f9[threaddemo], this = android.view.WindowManagerGlobal@5eb7e7a,pkg= com.example.threaddemo
08-27 10:14:35.016  1201  1815 D OppoDisplayPolicy: com.example.threaddemo, no change cutoutMode: 0
08-27 10:14:35.019  4340 17549 D ForegroundUtils: Foreground changed, PID: 29011 UID: 10253 foreground: true
08-27 10:14:35.019  4340 17549 D ForegroundUtils: Foreground UID/PID combinations:
08-27 10:14:35.019  4340 17549 D ForegroundUtils: UID: 10083 PID: 3211
08-27 10:14:35.019  4340 17549 D ForegroundUtils: UID: 10253 PID: 29011
08-27 10:14:35.023  1201  1813 D BatteryStatsImpl: noteActivityResumedLocked  pkg:com.example.threaddemo
08-27 10:14:35.034  1201  1813 I sysui_multi_action: [757,803,799,window_time_0,802,125]
08-27 10:14:35.034  1201  1815 I Choreographer: Skipped 1 frames!  The application may be doing too much work on its main thread.
08-27 10:14:35.050  1201  1815 D OppoDisplayPolicy: com.example.threaddemo, no change cutoutMode: 0
08-27 10:14:35.052  1201  1815 D DisplayManagerService: Display 0 requestedMode: 2
08-27 10:14:35.063  1072  2453 D DispPerfService: onframeavailable pid=1201, slot=0, seq=3148, ret=0, name=system_server:Splash Screen com.example.threaddemo#0
08-27 10:14:35.075  1201  1815 I chatty  : uid=1000(system) android.anim identical 4 lines
08-27 10:14:35.075  1201  1815 D DisplayManagerService: Display 0 requestedMode: 2
08-27 10:14:35.078  1201  1815 D ColorViewRootUtil: initSwipState, isDisplayCompatApp false
08-27 10:14:35.078  1201  1815 D ColorViewRootUtil: mScreenHeight 2400, mScreenWidth 1080
08-27 10:14:35.081  3211  3211 D Launcher.FloatingIconView: setIcon: mIsAdaptiveIcon: false (drawable): com.android.launcher3.FastBitmapDrawable@66ec4e8
08-27 10:14:35.081  1201  1813 D UIFirstUtils: setUxThread:3211@3211 to true
08-27 10:14:35.081  3211  3211 D Launcher.RectFSpringAnim: mStartRect = RectF(96.0, 1351.0, 246.0, 1501.0), mTargetRect = RectF(0.0, 0.0, 1080.0, 2400.0)
08-27 10:14:35.081  3211  3211 D Launcher.ColorRectFSpringAnim: App open & exit animation, startRect = RectF(96.0, 1351.0, 246.0, 1501.0), targetRect = RectF(0.0, 0.0, 1080.0, 2400.0), animation speed = 1, sDurationScale1.0
08-27 10:14:35.081  1201  1813 D UIFirstUtils: setUxThread:3211@3351 to true
08-27 10:14:35.082  1201  1813 D UIFirstUtils: setUxThread:3211@3420 to true
08-27 10:14:35.082  1201  1813 D UIFirstUtils: setUxThread:3211@3419 to true
08-27 10:14:35.098  1201  2384 D SensorService: sent dropped flush complete event==1001 
08-27 10:14:35.098  3211  3211 D Launcher.RecentTasksList: onTaskStackChanged: 
08-27 10:14:35.100  1201  2801 D ColorAppListInterceptManager: shouldFilterTask
08-27 10:14:35.100  1201  2801 D ColorAppListInterceptManager: shouldFilterTask::packageName = com.example.threaddemo
08-27 10:14:35.101  1201  2801 D ColorAppListInterceptManager: shouldFilterTask
08-27 10:14:35.101  1201  2801 D ColorAppListInterceptManager: shouldFilterTask::packageName = com.oppo.camera
08-27 10:14:35.101  1201  2801 D ColorAppListInterceptManager: shouldFilterTask
08-27 10:14:35.101  1201  2801 D ColorAppListInterceptManager: shouldFilterTask::packageName = com.sina.weibo
08-27 10:14:35.102  3211 15206 D Launcher.RecentTasksList: loadTasksInBackground: [id=43 windowingMode=1 user=0 lastActiveTime=53669088]  
08-27 10:14:35.102  3211 15206 D Launcher.RecentTasksList: loadTasksInBackground: [id=68 windowingMode=1 user=0 lastActiveTime=104547304]  
08-27 10:14:35.102  3211 15206 D Launcher.RecentTasksList: loadTasksInBackground: [id=76 windowingMode=1 user=0 lastActiveTime=106026505]  
08-27 10:14:35.102  3211 15206 D Launcher.RecentTasksList: loadTasksInBackground:taskCount = 3 allTasks.size = 3
08-27 10:14:35.123 29011 29011 W mple.threaddem: Accessing hidden method Landroid/view/View;->computeFitSystemWindows(Landroid/graphics/Rect;Landroid/graphics/Rect;)Z (greylist, reflection, allowed)
08-27 10:14:35.123 29011 29011 W mple.threaddem: Accessing hidden method Landroid/view/ViewGroup;->makeOptionalFitsSystemWindows()V (greylist, reflection, allowed)
08-27 10:14:35.157 29011 29011 I am_on_create_called: [0,com.example.threaddemo.MainActivity,performCreate]
08-27 10:14:35.161 29011 29011 I am_on_start_called: [0,com.example.threaddemo.MainActivity,handleStartActivity]
08-27 10:14:35.163 29011 29011 I am_on_resume_called: [0,com.example.threaddemo.MainActivity,RESUME_ACTIVITY]
08-27 10:14:35.177 29011 29011 D ColorViewRootUtil: initSwipState, isDisplayCompatApp false
08-27 10:14:35.178 29011 29011 D ColorViewRootUtil: mScreenHeight 2400, mScreenWidth 1080
08-27 10:14:35.180 29011 29011 D WindowManager: Add to mViews: DecorView@d7a89fe[MainActivity], this = android.view.WindowManagerGlobal@bac555f,pkg= com.example.threaddemo
08-27 10:14:35.183  1201  3295 D UIFirstUtils: setUxThread:29011 to 1
08-27 10:14:35.188  1201  3295 D OppoDisplayPolicy: com.example.threaddemo, no change cutoutMode: 0
08-27 10:14:35.192 29011 29011 I am_on_top_resumed_gained_called: [0,com.example.threaddemo.MainActivity,topStateChangedWhenResumed]
08-27 10:14:35.206  1201  3295 D DisplayManagerService: Display 0 requestedMode: 2
08-27 10:14:35.206  1201  3295 D DisplayManagerService: Display 0 requestedMode: 2
08-27 10:14:35.208  1201  3295 V WindowManager: Changing focus from null to Window{d58258f u0 com.example.threaddemo/com.example.threaddemo.MainActivity}
08-27 10:14:35.204  1201  3295 D OppoDisplayPolicy: com.example.threaddemo, no change cutoutMode: 0
08-27 10:14:35.208  1201  3295 D Theia.NoFocusWindow: FocusWindowErrorScene cancelCheckFreezeScreen
08-27 10:14:35.214 29011 29149 I AdrenoGLES-0: QUALCOMM build                   : 6510784, I9f54e7aca9
08-27 10:14:35.214 29011 29149 I AdrenoGLES-0: Build Date                       : 03/31/20
08-27 10:14:35.214 29011 29149 I AdrenoGLES-0: OpenGL ES Shader Compiler Version: EV031.29.00.08
08-27 10:14:35.214 29011 29149 I AdrenoGLES-0: Local Branch                     : 
08-27 10:14:35.214 29011 29149 I AdrenoGLES-0: Remote Branch                    : refs/tags/AU_LINUX_ANDROID_LA.UM.8.13.R1.08.00.00.571.066
08-27 10:14:35.214 29011 29149 I AdrenoGLES-0: Remote Branch                    : NONE
08-27 10:14:35.214 29011 29149 I AdrenoGLES-0: Reconstruct Branch               : NOTHING
08-27 10:14:35.214 29011 29149 I AdrenoGLES-0: Build Config                     : S P 8.0.12 AArch64
08-27 10:14:35.214 29011 29149 I AdrenoGLES-0: Driver Path                      : /vendor/lib64/egl/libGLESv2_adreno.so
08-27 10:14:35.223 29011 29149 I AdrenoGLES-0: PFP: 0x016dd087, ME: 0x00000000
08-27 10:14:35.278  1072  1166 D DispPerfService: onframeavailable pid=29011, slot=0, seq=3152, ret=0, name=com.example.threaddemo:com.example.threaddemo/com.example.threaddemo.MainActivity#0
08-27 10:14:35.283  1201  1815 D DisplayManagerService: Display 0 requestedMode: 2
08-27 10:14:35.283  1201  1815 D DisplayManagerService: Display 0 requestedMode: 2
08-27 10:14:35.283  1201  1201 D OppoBaseBatteryService: send broadcast : oppo.intent.action.BATTERY_DATA_UPDATE
08-27 10:14:35.284  1201  1201 W ContextImpl: Calling a method in the system process without a qualified user: android.app.ContextImpl.sendBroadcast:1086 com.android.server.OppoBaseBatteryService$2.run:254 android.os.Handler.handleCallback:883 android.os.Handler.dispatchMessage:100 android.os.Looper.loop:238 
08-27 10:14:35.287  1201  1815 D DisplayManagerService: Display 0 requestedMode: 2
08-27 10:14:35.287  1201  1832 I sysui_multi_action: [319,117,321,113,322,329,325,74590,757,761,758,8,759,1,806,com.example.threaddemo,871,com.example.threaddemo.MainActivity,904,com.oppo.launcher,905,0,1320,12,1321,1]
08-27 10:14:35.290  1201  1832 I am_activity_launch_time: [0,31867901,com.example.threaddemo/.MainActivity,329]
08-27 10:14:35.292   547   547 I hwservicemanager: getTransport: Cannot find entry vendor.qti.hardware.iop@2.0::IIop/default in either framework or device manifest.
08-27 10:14:35.293  1201  1832 I ActivityTaskManager: Displayed com.example.threaddemo/.MainActivity: +329ms
08-27 10:14:35.295   547   547 I hwservicemanager: getTransport: Cannot find entry vendor.qti.hardware.iop@2.0::IIop/default in either framework or device manifest.
08-27 10:14:35.304  1201  5465 D InputMethodManagerService: isSecurity= false (  enable=true needShow=false inBlackList=false  isExist=true )
08-27 10:14:35.310  1201  3334 D InputMethodManagerService: error: executeOrSendMessage: MSG_BIND_CLIENT
08-27 10:14:35.312  1201  1815 I chatty  : uid=1000(system) android.anim identical 6 lines
08-27 10:14:35.312  1201  1815 D DisplayManagerService: Display 0 requestedMode: 2
08-27 10:14:35.314 29011 29011 D ColorViewRootUtil: initSwipState, isDisplayCompatApp false
08-27 10:14:35.317 29011 29011 D ColorViewRootUtil: mScreenHeight 2400, mScreenWidth 1080
08-27 10:14:35.318 29011 29011 I Choreographer: Skipped 1 frames!  The application may be doing too much work on its main thread.
08-27 10:14:35.327 29011 29011 E SpannableStringBuilder: SPAN_EXCLUSIVE_EXCLUSIVE spans cannot have a zero length
08-27 10:14:35.327  1201  1815 D DisplayManagerService: Display 0 requestedMode: 2
08-27 10:14:35.327  1201  1815 D DisplayManagerService: Display 0 requestedMode: 2
08-27 10:14:35.330  1201  3334 D ActivityTaskManager: ensureActivitiesVisible displayNdx:0
08-27 10:14:35.330  1201  3334 D DEBUG_VISIBILITY: mOccluded:false lastOccluded:false
08-27 10:14:35.327 29011 29011 E SpannableStringBuilder: SPAN_EXCLUSIVE_EXCLUSIVE spans cannot have a zero length
08-27 10:14:35.436  3211  3211 D Launcher.RectFSpringAnim: RectFSpringAnim end
08-27 10:14:35.436  3211  3211 D Launcher.SpringValueAnimator: Color rectF spring anim end, mValueAnimatorEnded = false
08-27 10:14:35.436  3211  3211 D Launcher.SpringValueAnimator: Value animator end, mSpringAnimEnded = true
08-27 10:14:35.536  1201  3334 I ColorAppSwitchManagerService:  handleAppVisible , r = ActivityRecord{1e643fd u0 com.example.threaddemo/.MainActivity t76}
08-27 10:14:35.536  1201  3334 V ColorZoomWindowManagerService: onAnimationFinished:  r=ActivityRecord{1e643fd u0 com.example.threaddemo/.MainActivity t76}
08-27 10:14:35.536  1201  3334 V ColorZoomWindowManagerService: onAnimationFinished:  r=ActivityRecord{69deefd u0 com.oppo.launcher/.Launcher t1}
08-27 10:14:35.537  1201  1815 V WindowManager: adjustNotShowWallpaperByOppo: false
08-27 10:14:35.538  1201  1815 D DisplayManagerService: Display 0 requestedMode: 2
08-27 10:14:35.539  1201  1815 D DisplayManagerService: Display 0 requestedMode: 2
08-27 10:14:35.540  1201  1815 V WindowManager: adjustNotShowWallpaperByOppo: false
08-27 10:14:35.541  1201  1815 D DisplayManagerService: Display 0 requestedMode: 2
08-27 10:14:35.544  1201  1815 I chatty  : uid=1000(system) android.anim identical 2 lines
08-27 10:14:35.544  1201  1815 D DisplayManagerService: Display 0 requestedMode: 2
08-27 10:14:35.546  1201  1813 D ActivityTaskManager: ensureActivitiesVisible displayNdx:0
08-27 10:14:35.546  1201  1813 D DEBUG_VISIBILITY: mOccluded:false lastOccluded:false
08-27 10:14:35.546  3211  3211 D Launcher.OLauncher: onWindowVisibilityChanged -- visibility = 8
08-27 10:14:35.547  1201  1813 D ActivityTrigger: ActivityTrigger activityStopTrigger 
08-27 10:14:35.547  1201  1813 I am_stop_activity: [0,111013629,com.oppo.launcher/.Launcher]
08-27 10:14:35.551  1201  3334 D DisplayManagerService: Display 0 requestedMode: 2
08-27 10:14:35.553  3211  3211 D Launcher.OLauncher: onStop, loadingfalse
08-27 10:14:35.553  3211  3211 D Launcher.WorkspacePullDownDetectController: onStop, showing = false
08-27 10:14:35.554  3211  3211 D LauncherLifecycleObserver-onStop: End [cost]: 0
08-27 10:14:35.554  3211  3211 D Launcher.LauncherClient: LauncherCallbacksImp.onStop, mOverlay:true, mClient:true, assistShowing:false
08-27 10:14:35.554  3211  3211 I Launcher.LauncherClient: LauncherClient.onStop, mDestroyed:false, mAssistScreenShowing:false, overlay connected:true, layoutParams:false
08-27 10:14:35.554  3211  3211 D LauncherCallbacksImp-onStop: End [cost]: 1
08-27 10:14:35.554  3211  3211 D Launcher.OppoLauncherAppWidgetHost: setListenIfResumed, userUnlocked = true
08-27 10:14:35.554  3211  3211 D Launcher.OppoLauncherAppWidgetHost: stopListening, userUnlocked = true
08-27 10:14:35.555  3211  3211 D Launcher.OLauncher: onTrimMemory: level: 20
08-27 10:14:35.556  3211  3211 I force_gc: mem
08-27 10:14:35.556  3211  3211 D OLauncher-onStop: End [cost]: 3
08-27 10:14:35.556  3211  3211 I am_on_stop_called: [0,com.oppo.launcher.Launcher,STOP_ACTIVITY_ITEM]
08-27 10:14:35.556  3211  3211 D Launcher.OLauncher: saveInstanceState
08-27 10:14:35.556  3211  3211 D Launcher.DeepProtectedAppsManager: onSaveInstanceState: Close protected apps virtual folder if needed.
08-27 10:14:35.556  3211  3211 D Launcher.DeepProtectedAppsManager: closeHiddenAppsFolder: false
08-27 10:14:35.556 18028 18028 I AstScreen.AssistantWindowService: message what = 11
08-27 10:14:35.551  1201  3334 D DisplayManagerService: Display 0 requestedMode: 2
08-27 10:14:35.572  1201  1815 V WindowManager: adjustNotShowWallpaperByOppo: false
08-27 10:14:35.573  1201  1815 D DisplayManagerService: Display 0 requestedMode: 2
08-27 10:14:35.580  4340 17549 D ForegroundUtils: Foreground changed, PID: 3211 UID: 10083 foreground: false
08-27 10:14:35.580  4340 17549 D ForegroundUtils: Foreground UID/PID combinations:
08-27 10:14:35.580  4340 17549 D ForegroundUtils: UID: 10253 PID: 29011
08-27 10:14:35.590  1057 13339 D AudioFlinger: getActiveAudioPids pids = 
08-27 10:14:35.590   924   974 D audio_hw_primary: adev_get_parameters:get_pid
08-27 10:14:35.590   924   974 D audio_hw_spkr_prot: fbsp_get_parameters: Speaker protection disabled
08-27 10:14:35.590   924   974 D soundtrigger: audio_extn_sound_trigger_get_parameters input string<get_pid=>
08-27 10:14:35.590   924   974 D soundtrigger: extract_sm_handle input string <get_pid=> param string <get_pid=>
08-27 10:14:35.590   924   974 D audio_hw_extn: audio_extn_fm_get_parameters: Enter
08-27 10:14:35.590   924   974 D audio_hw_extn: audio_extn_get_parameters: returns 
08-27 10:14:35.590   924   974 D audio_hw_primary: adev_get_parameters: exit: returns - 
08-27 10:14:35.590  1057 13339 I hash_map_utils: key: 'get_pid' value: ''
08-27 10:14:35.599  3211  3258 W System  : A resource failed to call release. 
08-27 10:14:35.600  3211  3258 I chatty  : uid=10083(com.oppo.launcher) FinalizerDaemon identical 1 line
08-27 10:14:35.600  3211  3258 W System  : A resource failed to call release. 
08-27 10:14:35.609  4203  4203 E oiface  : packageSwitch pkg com.example.threaddemo, enter
08-27 10:14:35.609  4203  4203 E oiface  : current package is com.example.threaddemo
08-27 10:14:35.626  4203  4224 E oiface  : Average freq 748638 for 128s.
08-27 10:14:35.627  4203  4224 E oiface  : Average freq 675400 for 128s.
08-27 10:14:35.632   948   948 D ThermalHAL-TARGET: Entering get_temperatures
08-27 10:14:35.632   948   948 D ThermalHAL-TARGET: Entering get_temperatures
08-27 10:14:35.632   948   948 D ThermalHAL-UTIL: Entering get_temperature_for_all
08-27 10:14:35.632   948   948 D ThermalHAL-UTIL: Entering read_temperature
08-27 10:14:35.637   948   948 I chatty  : uid=1000(system) thermal@1.0-ser identical 12 lines
08-27 10:14:35.638   948   948 D ThermalHAL-UTIL: Entering read_temperature
08-27 10:14:35.638  4203  4224 E oiface  : client  not found, skipped
08-27 10:14:35.639  4203  4224 D oiface  : forground package is com.example.threaddemo
08-27 10:14:35.647   948   948 D ThermalHAL-TARGET: Entering get_temperatures
08-27 10:14:35.647   948   948 D ThermalHAL-TARGET: Entering get_temperatures
08-27 10:14:35.647   948   948 D ThermalHAL-UTIL: Entering get_temperature_for_all
08-27 10:14:35.647   948   948 D ThermalHAL-UTIL: Entering read_temperature
08-27 10:14:35.652   948   948 I chatty  : uid=1000(system) thermal@1.0-ser identical 12 lines
08-27 10:14:35.652   948   948 D ThermalHAL-UTIL: Entering read_temperature
08-27 10:14:36.550  1201  2925 D UIFirstUtils: setUxThread:3211@3211 to false
08-27 10:14:36.550  1201  2925 D UIFirstUtils: setUxThread:3211@3351 to false
08-27 10:14:36.550  1201  2925 D UIFirstUtils: setUxThread:3211@3420 to false
08-27 10:14:36.551  1201  2925 D UIFirstUtils: setUxThread:3211@3419 to false
08-27 10:14:37.170   948   948 D ThermalHAL-TARGET: Entering get_temperatures
08-27 10:14:37.171   948   948 D ThermalHAL-TARGET: Entering get_temperatures
08-27 10:14:37.171   948   948 D ThermalHAL-UTIL: Entering get_temperature_for_all
08-27 10:14:37.171   948   948 D ThermalHAL-UTIL: Entering read_temperature
08-27 10:14:37.186   948   948 I chatty  : uid=1000(system) thermal@1.0-ser identical 12 lines
08-27 10:14:37.189   948   948 D ThermalHAL-UTIL: Entering read_temperature
08-27 10:14:37.966  1201  2925 D UIFirstUtils: disable launch boost..
08-27 10:14:38.550  1072  1072 D OppoExSurfaceFlinger: hecate traverse disp:3152,com.example.threaddemo/com.example.threaddemo.MainActivity#0,2
08-27 10:14:38.551  1072  1072 D OppoExSurfaceFlinger: hecate traverse disp:3152,com.example.threaddemo/com.example.threaddemo.MainActivity#0,2
08-27 10:14:38.572  1072  1641 D OppoExSurfaceFlinger: hecate pixels[0,0]=0xffb30037
08-27 10:14:36.045  1201  1815 I chatty  : uid=1000(system) android.anim identical 2 lines
08-27 10:14:36.045  1201  1815 D DisplayManagerService: Display 0 requestedMode: 2
08-27 10:14:39.027  1201  4222 E TaskPersister: File error accessing recents directory (directory doesn't exist?).
08-27 10:14:39.461 17724 17734 E rutils  : releaseProcess gCount = 1
08-27 10:14:40.073  1201  3015 I ColorResourcePreloadManager: getAiSlotMax, defaultAiSlotMax = 3
08-27 10:14:40.068  1201  1201 I auditd  : type=1400 audit(0.0:19509): avc: denied { getattr } for comm="RPMHandler" path="/sys/kernel/debug/ion/system_stats" dev="debugfs" ino=2579 scontext=u:r:system_server:s0 tcontext=u:object_r:debugfs_ion:s0 tclass=file permissive=0
08-27 10:14:40.068  1201  1201 W RPMHandler: type=1400 audit(0.0:19509): avc: denied { getattr } for path="/sys/kernel/debug/ion/system_stats" dev="debugfs" ino=2579 scontext=u:r:system_server:s0 tcontext=u:object_r:debugfs_ion:s0 tclass=file permissive=0
